2025-09-24 11:25:05,833 - logging_config - INFO - setup_connector_logging:106 - [2m2025-09-24T05:55:05.833834Z[0m [[32m[1minfo     [0m] [1mSAP OData Connector logging configured[0m [[0m[1m[34mlogging_config[0m][0m [36mlog_file[0m=[35mlogs\sap_odata_connector_20250924_112505.log[0m [36mlog_level[0m=[35mINFO[0m [36mlog_to_file[0m=[35mTrue[0m
2025-09-24 11:25:06,777 - asyncio - DEBUG - __init__:634 - Using proactor: IocpProactor
2025-09-24 11:25:06,779 - connector - INFO - initialize:99 - [2m2025-09-24T05:55:06.779951Z[0m [[32m[1minfo     [0m] [1m🚀 Initializing SAP OData Connector[0m [[0m[1m[34mconnector[0m][0m
2025-09-24 11:25:06,784 - connector - INFO - initialize:110 - [2m2025-09-24T05:55:06.784051Z[0m [[32m[1minfo     [0m] [1m🔍 Step 1: Testing connection to OData service[0m [[0m[1m[34mconnector[0m][0m
2025-09-24 11:25:06,784 - connector - INFO - _test_connection:145 - [2m2025-09-24T05:55:06.784051Z[0m [[32m[1minfo     [0m] [1mTesting connection to OData service...[0m [[0m[1m[34mconnector[0m][0m
2025-09-24 11:25:07,173 - services.metadata - INFO - test_connection:64 - [2m2025-09-24T05:55:07.173648Z[0m [[32m[1minfo     [0m] [1mTesting connection to OData service[0m [[0m[1m[34mservices.metadata[0m][0m [36murl[0m=[35mhttps://services.odata.org/V4/Northwind/Northwind.svc/$metadata[0m
2025-09-24 11:25:07,185 - httpcore.connection - DEBUG - atrace:87 - connect_tcp.started host='services.odata.org' port=443 local_address=None timeout=10.0 socket_options=None
2025-09-24 11:25:07,503 - httpcore.connection - DEBUG - atrace:87 - connect_tcp.complete return_value=<httpcore._backends.anyio.AnyIOStream object at 0x0000022FCFE26600>
2025-09-24 11:25:07,504 - httpcore.connection - DEBUG - atrace:87 - start_tls.started ssl_context=<ssl.SSLContext object at 0x0000022FD0098650> server_hostname='services.odata.org' timeout=10.0
2025-09-24 11:25:08,122 - httpcore.connection - DEBUG - atrace:87 - start_tls.complete return_value=<httpcore._backends.anyio.AnyIOStream object at 0x0000022FCEB2F770>
2025-09-24 11:25:08,122 - httpcore.http11 - DEBUG - atrace:87 - send_request_headers.started request=<Request [b'GET']>
2025-09-24 11:25:08,122 - httpcore.http11 - DEBUG - atrace:87 - send_request_headers.complete
2025-09-24 11:25:08,122 - httpcore.http11 - DEBUG - atrace:87 - send_request_body.started request=<Request [b'GET']>
2025-09-24 11:25:08,122 - httpcore.http11 - DEBUG - atrace:87 - send_request_body.complete
2025-09-24 11:25:08,122 - httpcore.http11 - DEBUG - atrace:87 - receive_response_headers.started request=<Request [b'GET']>
2025-09-24 11:25:08,429 - httpcore.http11 - DEBUG - atrace:87 - receive_response_headers.complete return_value=(b'HTTP/1.1', 200, b'OK', [(b'Content-Length', b'19406'), (b'Content-Type', b'application/xml;charset=utf-8'), (b'Date', b'Wed, 24 Sep 2025 05:55:08 GMT'), (b'Server', b'Microsoft-IIS/10.0'), (b'Access-Control-Allow-Headers', b'Accept, Origin, Content-Type, MaxDataServiceVersion'), (b'Access-Control-Allow-Methods', b'GET'), (b'Access-Control-Allow-Origin', b'*'), (b'Access-Control-Expose-Headers', b'DataServiceVersion'), (b'Cache-Control', b'private'), (b'Expires', b'Wed, 24 Sep 2025 05:56:08 GMT'), (b'Vary', b'*'), (b'X-Content-Type-Options', b'nosniff'), (b'OData-Version', b'4.0;'), (b'X-AspNet-Version', b'4.0.30319'), (b'X-Powered-By', b'ASP.NET')])
2025-09-24 11:25:08,429 - httpx - INFO - _send_single_request:1740 - HTTP Request: GET https://services.odata.org/V4/Northwind/Northwind.svc/$metadata "HTTP/1.1 200 OK"
2025-09-24 11:25:08,429 - httpcore.http11 - DEBUG - atrace:87 - receive_response_body.started request=<Request [b'GET']>
2025-09-24 11:25:08,728 - httpcore.http11 - DEBUG - atrace:87 - receive_response_body.complete
2025-09-24 11:25:08,728 - httpcore.http11 - DEBUG - atrace:87 - response_closed.started
2025-09-24 11:25:08,728 - httpcore.http11 - DEBUG - atrace:87 - response_closed.complete
2025-09-24 11:25:08,728 - services.metadata - INFO - test_connection:80 - [2m2025-09-24T05:55:08.728831Z[0m [[32m[1minfo     [0m] [1m✅ Connection test successful  [0m [[0m[1m[34mservices.metadata[0m][0m [36mcontent_type[0m=[35m'application/xml;charset=utf-8'[0m [36mstatus_code[0m=[35m200[0m
2025-09-24 11:25:08,728 - connector - INFO - _test_connection:156 - [2m2025-09-24T05:55:08.728831Z[0m [[32m[1minfo     [0m] [1m✅ Connection test successful  [0m [[0m[1m[34mconnector[0m][0m
2025-09-24 11:25:08,728 - httpcore.connection - DEBUG - atrace:87 - close.started
2025-09-24 11:25:08,728 - httpcore.connection - DEBUG - atrace:87 - close.complete
2025-09-24 11:25:08,728 - connector - INFO - initialize:114 - [2m2025-09-24T05:55:08.728831Z[0m [[32m[1minfo     [0m] [1m📋 Step 2: Fetching metadata and creating Entity Relationship file[0m [[0m[1m[34mconnector[0m][0m
2025-09-24 11:25:08,734 - connector - INFO - _fetch_and_save_metadata:160 - [2m2025-09-24T05:55:08.734600Z[0m [[32m[1minfo     [0m] [1mFetching metadata from OData service...[0m [[0m[1m[34mconnector[0m][0m
2025-09-24 11:25:09,032 - services.metadata - INFO - fetch_metadata:116 - [2m2025-09-24T05:55:09.032398Z[0m [[32m[1minfo     [0m] [1mFetching metadata from OData service[0m [[0m[1m[34mservices.metadata[0m][0m [36murl[0m=[35mhttps://services.odata.org/V4/Northwind/Northwind.svc/$metadata[0m
2025-09-24 11:25:09,033 - httpcore.connection - DEBUG - atrace:87 - connect_tcp.started host='services.odata.org' port=443 local_address=None timeout=30 socket_options=None
2025-09-24 11:25:09,269 - httpcore.connection - DEBUG - atrace:87 - connect_tcp.complete return_value=<httpcore._backends.anyio.AnyIOStream object at 0x0000022FD0100FE0>
2025-09-24 11:25:09,269 - httpcore.connection - DEBUG - atrace:87 - start_tls.started ssl_context=<ssl.SSLContext object at 0x0000022FD00E9250> server_hostname='services.odata.org' timeout=30
2025-09-24 11:25:09,864 - httpcore.connection - DEBUG - atrace:87 - start_tls.complete return_value=<httpcore._backends.anyio.AnyIOStream object at 0x0000022FCE857530>
2025-09-24 11:25:09,864 - httpcore.http11 - DEBUG - atrace:87 - send_request_headers.started request=<Request [b'GET']>
2025-09-24 11:25:09,865 - httpcore.http11 - DEBUG - atrace:87 - send_request_headers.complete
2025-09-24 11:25:09,865 - httpcore.http11 - DEBUG - atrace:87 - send_request_body.started request=<Request [b'GET']>
2025-09-24 11:25:09,865 - httpcore.http11 - DEBUG - atrace:87 - send_request_body.complete
2025-09-24 11:25:09,865 - httpcore.http11 - DEBUG - atrace:87 - receive_response_headers.started request=<Request [b'GET']>
2025-09-24 11:25:10,172 - httpcore.http11 - DEBUG - atrace:87 - receive_response_headers.complete return_value=(b'HTTP/1.1', 200, b'OK', [(b'Content-Length', b'19406'), (b'Content-Type', b'application/xml;charset=utf-8'), (b'Date', b'Wed, 24 Sep 2025 05:55:10 GMT'), (b'Server', b'Microsoft-IIS/10.0'), (b'Access-Control-Allow-Headers', b'Accept, Origin, Content-Type, MaxDataServiceVersion'), (b'Access-Control-Allow-Methods', b'GET'), (b'Access-Control-Allow-Origin', b'*'), (b'Access-Control-Expose-Headers', b'DataServiceVersion'), (b'Cache-Control', b'private'), (b'Expires', b'Wed, 24 Sep 2025 05:56:08 GMT'), (b'Vary', b'*'), (b'X-Content-Type-Options', b'nosniff'), (b'OData-Version', b'4.0;'), (b'X-AspNet-Version', b'4.0.30319'), (b'X-Powered-By', b'ASP.NET')])
2025-09-24 11:25:10,172 - httpx - INFO - _send_single_request:1740 - HTTP Request: GET https://services.odata.org/V4/Northwind/Northwind.svc/$metadata "HTTP/1.1 200 OK"
2025-09-24 11:25:10,172 - httpcore.http11 - DEBUG - atrace:87 - receive_response_body.started request=<Request [b'GET']>
2025-09-24 11:25:10,466 - httpcore.http11 - DEBUG - atrace:87 - receive_response_body.complete
2025-09-24 11:25:10,466 - httpcore.http11 - DEBUG - atrace:87 - response_closed.started
2025-09-24 11:25:10,466 - httpcore.http11 - DEBUG - atrace:87 - response_closed.complete
2025-09-24 11:25:10,473 - services.metadata - INFO - fetch_metadata:134 - [2m2025-09-24T05:55:10.473833Z[0m [[32m[1minfo     [0m] [1mSuccessfully parsed metadata  [0m [[0m[1m[34mservices.metadata[0m][0m [36mentity_count[0m=[35m26[0m
2025-09-24 11:25:10,473 - services.metadata - INFO - save_entity_relationship_file:298 - [2m2025-09-24T05:55:10.473833Z[0m [[32m[1minfo     [0m] [1mSaving Entity Relationship file[0m [[0m[1m[34mservices.metadata[0m][0m [36moutput_dir[0m=[35m./test_output[0m
2025-09-24 11:25:10,480 - services.metadata - INFO - save_entity_relationship_file:339 - [2m2025-09-24T05:55:10.480228Z[0m [[32m[1minfo     [0m] [1m✅ Entity Relationship file saved successfully[0m [[0m[1m[34mservices.metadata[0m][0m [36mentities[0m=[35m26[0m [36mfile_path[0m=[35mtest_output\entity_relationships.json[0m [36mfile_size_kb[0m=[35m31.35[0m
2025-09-24 11:25:10,480 - connector - INFO - _fetch_and_save_metadata:171 - [2m2025-09-24T05:55:10.480228Z[0m [[32m[1minfo     [0m] [1m✅ Metadata fetched and Entity Relationship file saved[0m [[0m[1m[34mconnector[0m][0m [36mentities_count[0m=[35m26[0m [36mer_file[0m=[35mtest_output\entity_relationships.json[0m
2025-09-24 11:25:10,480 - httpcore.connection - DEBUG - atrace:87 - close.started
2025-09-24 11:25:10,480 - httpcore.connection - DEBUG - atrace:87 - close.complete
2025-09-24 11:25:10,480 - connector - INFO - initialize:124 - [2m2025-09-24T05:55:10.480228Z[0m [[32m[1minfo     [0m] [1m🔗 Step 3: Validating connection pool[0m [[0m[1m[34mconnector[0m][0m
2025-09-24 11:25:10,480 - workers.resilience - INFO - validate_connection:248 - [2m2025-09-24T05:55:10.480228Z[0m [[32m[1minfo     [0m] [1mValidating connection pool connectivity[0m [[0m[1m[34mworkers.resilience[0m][0m
2025-09-24 11:25:10,483 - workers.resilience - WARNING - get_client:307 - [2m2025-09-24T05:55:10.483940Z[0m [[33m[1mwarning  [0m] [1mHTTP/2 not available, falling back to HTTP/1.1[0m [[0m[1m[34mworkers.resilience[0m][0m [36merror[0m=[35m"Using http2=True, but the 'h2' package is not installed. Make sure to install httpx using `pip install httpx[http2]`."[0m
2025-09-24 11:25:10,801 - workers.resilience - INFO - get_client:320 - [2m2025-09-24T05:55:10.801803Z[0m [[32m[1minfo     [0m] [1m✅ HTTP connection pool created with HTTP/1.1[0m [[0m[1m[34mworkers.resilience[0m][0m [36mmax_connections[0m=[35m100[0m
2025-09-24 11:25:10,801 - httpcore.connection - DEBUG - atrace:87 - connect_tcp.started host='services.odata.org' port=443 local_address=None timeout=10.0 socket_options=None
2025-09-24 11:25:11,037 - httpcore.connection - DEBUG - atrace:87 - connect_tcp.complete return_value=<httpcore._backends.anyio.AnyIOStream object at 0x0000022FD0101D60>
2025-09-24 11:25:11,037 - httpcore.connection - DEBUG - atrace:87 - start_tls.started ssl_context=<ssl.SSLContext object at 0x0000022FD00E95D0> server_hostname='services.odata.org' timeout=10.0
2025-09-24 11:25:11,602 - httpcore.connection - DEBUG - atrace:87 - start_tls.complete return_value=<httpcore._backends.anyio.AnyIOStream object at 0x0000022FD00BFBF0>
2025-09-24 11:25:11,602 - httpcore.http11 - DEBUG - atrace:87 - send_request_headers.started request=<Request [b'GET']>
2025-09-24 11:25:11,602 - httpcore.http11 - DEBUG - atrace:87 - send_request_headers.complete
2025-09-24 11:25:11,602 - httpcore.http11 - DEBUG - atrace:87 - send_request_body.started request=<Request [b'GET']>
2025-09-24 11:25:11,602 - httpcore.http11 - DEBUG - atrace:87 - send_request_body.complete
2025-09-24 11:25:11,602 - httpcore.http11 - DEBUG - atrace:87 - receive_response_headers.started request=<Request [b'GET']>
2025-09-24 11:25:11,916 - httpcore.http11 - DEBUG - atrace:87 - receive_response_headers.complete return_value=(b'HTTP/1.1', 307, b'Temporary Redirect', [(b'Content-Length', b'1951'), (b'Content-Type', b'text/html; charset=UTF-8'), (b'Date', b'Wed, 24 Sep 2025 05:55:12 GMT'), (b'Server', b'Microsoft-IIS/10.0'), (b'Access-Control-Allow-Headers', b'Accept, Origin, Content-Type, MaxDataServiceVersion'), (b'Access-Control-Allow-Methods', b'GET'), (b'Access-Control-Allow-Origin', b'*'), (b'Access-Control-Expose-Headers', b'DataServiceVersion'), (b'Cache-Control', b'private'), (b'Location', b'https://services.odata.org/V4/Northwind/Northwind.svc/'), (b'X-AspNet-Version', b'4.0.30319'), (b'X-Powered-By', b'ASP.NET')])
2025-09-24 11:25:11,916 - httpx - INFO - _send_single_request:1740 - HTTP Request: GET https://services.odata.org/V4/Northwind/Northwind.svc "HTTP/1.1 307 Temporary Redirect"
2025-09-24 11:25:11,916 - httpcore.http11 - DEBUG - atrace:87 - receive_response_body.started request=<Request [b'GET']>
2025-09-24 11:25:11,916 - httpcore.http11 - DEBUG - atrace:87 - receive_response_body.complete
2025-09-24 11:25:11,916 - httpcore.http11 - DEBUG - atrace:87 - response_closed.started
2025-09-24 11:25:11,916 - httpcore.http11 - DEBUG - atrace:87 - response_closed.complete
2025-09-24 11:25:11,916 - workers.resilience - INFO - validate_connection:266 - [2m2025-09-24T05:55:11.916167Z[0m [[32m[1minfo     [0m] [1m✅ Connection pool validation successful[0m [[0m[1m[34mworkers.resilience[0m][0m [36mstatus_code[0m=[35m307[0m
2025-09-24 11:25:11,916 - connector - INFO - _validate_connection_pool:186 - [2m2025-09-24T05:55:11.916167Z[0m [[32m[1minfo     [0m] [1m✅ Connection pool validation successful[0m [[0m[1m[34mconnector[0m][0m
2025-09-24 11:25:11,922 - connector - INFO - initialize:137 - [2m2025-09-24T05:55:11.922098Z[0m [[32m[1minfo     [0m] [1m✅ Connector initialization completed successfully[0m [[0m[1m[34mconnector[0m][0m
2025-09-24 11:25:11,924 - connector - INFO - run:210 - [2m2025-09-24T05:55:11.924139Z[0m [[32m[1minfo     [0m] [1mStarting SAP OData connector execution[0m [[0m[1m[34mconnector[0m][0m
2025-09-24 11:25:11,924 - connector - INFO - _discovery_phase:266 - [2m2025-09-24T05:55:11.924139Z[0m [[32m[1minfo     [0m] [1mStarting discovery phase      [0m [[0m[1m[34mconnector[0m][0m
2025-09-24 11:25:12,489 - services.metadata - INFO - fetch_metadata:116 - [2m2025-09-24T05:55:12.489913Z[0m [[32m[1minfo     [0m] [1mFetching metadata from OData service[0m [[0m[1m[34mservices.metadata[0m][0m [36murl[0m=[35mhttps://services.odata.org/V4/Northwind/Northwind.svc/$metadata[0m
2025-09-24 11:25:12,489 - httpcore.connection - DEBUG - atrace:87 - connect_tcp.started host='services.odata.org' port=443 local_address=None timeout=30 socket_options=None
2025-09-24 11:25:12,820 - httpcore.connection - DEBUG - atrace:87 - connect_tcp.complete return_value=<httpcore._backends.anyio.AnyIOStream object at 0x0000022FD013C470>
2025-09-24 11:25:12,820 - httpcore.connection - DEBUG - atrace:87 - start_tls.started ssl_context=<ssl.SSLContext object at 0x0000022FD00E9350> server_hostname='services.odata.org' timeout=30
2025-09-24 11:25:13,448 - httpcore.connection - DEBUG - atrace:87 - start_tls.complete return_value=<httpcore._backends.anyio.AnyIOStream object at 0x0000022FD0103830>
2025-09-24 11:25:13,448 - httpcore.http11 - DEBUG - atrace:87 - send_request_headers.started request=<Request [b'GET']>
2025-09-24 11:25:13,448 - httpcore.http11 - DEBUG - atrace:87 - send_request_headers.complete
2025-09-24 11:25:13,448 - httpcore.http11 - DEBUG - atrace:87 - send_request_body.started request=<Request [b'GET']>
2025-09-24 11:25:13,448 - httpcore.http11 - DEBUG - atrace:87 - send_request_body.complete
2025-09-24 11:25:13,448 - httpcore.http11 - DEBUG - atrace:87 - receive_response_headers.started request=<Request [b'GET']>
2025-09-24 11:25:13,751 - httpcore.http11 - DEBUG - atrace:87 - receive_response_headers.complete return_value=(b'HTTP/1.1', 200, b'OK', [(b'Content-Length', b'19406'), (b'Content-Type', b'application/xml;charset=utf-8'), (b'Date', b'Wed, 24 Sep 2025 05:55:14 GMT'), (b'Server', b'Microsoft-IIS/10.0'), (b'Access-Control-Allow-Headers', b'Accept, Origin, Content-Type, MaxDataServiceVersion'), (b'Access-Control-Allow-Methods', b'GET'), (b'Access-Control-Allow-Origin', b'*'), (b'Access-Control-Expose-Headers', b'DataServiceVersion'), (b'Cache-Control', b'private'), (b'Expires', b'Wed, 24 Sep 2025 05:56:08 GMT'), (b'Vary', b'*'), (b'X-Content-Type-Options', b'nosniff'), (b'OData-Version', b'4.0;'), (b'X-AspNet-Version', b'4.0.30319'), (b'X-Powered-By', b'ASP.NET')])
2025-09-24 11:25:13,753 - httpx - INFO - _send_single_request:1740 - HTTP Request: GET https://services.odata.org/V4/Northwind/Northwind.svc/$metadata "HTTP/1.1 200 OK"
2025-09-24 11:25:13,753 - httpcore.http11 - DEBUG - atrace:87 - receive_response_body.started request=<Request [b'GET']>
2025-09-24 11:25:14,057 - httpcore.http11 - DEBUG - atrace:87 - receive_response_body.complete
2025-09-24 11:25:14,057 - httpcore.http11 - DEBUG - atrace:87 - response_closed.started
2025-09-24 11:25:14,057 - httpcore.http11 - DEBUG - atrace:87 - response_closed.complete
2025-09-24 11:25:14,068 - services.metadata - INFO - fetch_metadata:134 - [2m2025-09-24T05:55:14.068308Z[0m [[32m[1minfo     [0m] [1mSuccessfully parsed metadata  [0m [[0m[1m[34mservices.metadata[0m][0m [36mentity_count[0m=[35m26[0m
2025-09-24 11:25:14,068 - httpcore.connection - DEBUG - atrace:87 - close.started
2025-09-24 11:25:14,068 - httpcore.connection - DEBUG - atrace:87 - close.complete
2025-09-24 11:25:14,070 - connector - INFO - _discovery_phase:287 - [2m2025-09-24T05:55:14.068308Z[0m [[32m[1minfo     [0m] [1mEntity selection determined   [0m [[0m[1m[34mconnector[0m][0m [36mconfig_selected_modules[0m=[35m['Invoices'][0m [36mentities[0m=[35m['Invoices'][0m [36mfinal_entity_count[0m=[35m1[0m [36mselected_entities_param[0m=[35mNone[0m
2025-09-24 11:25:14,616 - services.count - INFO - get_entity_counts:34 - [2m2025-09-24T05:55:14.616017Z[0m [[32m[1minfo     [0m] [1mFetching entity counts        [0m [[0m[1m[34mservices.count[0m][0m [36mentity_count[0m=[35m1[0m
2025-09-24 11:25:14,618 - httpcore.connection - DEBUG - atrace:87 - connect_tcp.started host='services.odata.org' port=443 local_address=None timeout=30 socket_options=None
2025-09-24 11:25:14,874 - httpcore.connection - DEBUG - atrace:87 - connect_tcp.complete return_value=<httpcore._backends.anyio.AnyIOStream object at 0x0000022FCFE5C4A0>
2025-09-24 11:25:14,874 - httpcore.connection - DEBUG - atrace:87 - start_tls.started ssl_context=<ssl.SSLContext object at 0x0000022FCFD1AC50> server_hostname='services.odata.org' timeout=30
2025-09-24 11:25:15,442 - httpcore.connection - DEBUG - atrace:87 - start_tls.complete return_value=<httpcore._backends.anyio.AnyIOStream object at 0x0000022FCEBA1400>
2025-09-24 11:25:15,444 - httpcore.http11 - DEBUG - atrace:87 - send_request_headers.started request=<Request [b'GET']>
2025-09-24 11:25:15,445 - httpcore.http11 - DEBUG - atrace:87 - send_request_headers.complete
2025-09-24 11:25:15,446 - httpcore.http11 - DEBUG - atrace:87 - send_request_body.started request=<Request [b'GET']>
2025-09-24 11:25:15,446 - httpcore.http11 - DEBUG - atrace:87 - send_request_body.complete
2025-09-24 11:25:15,446 - httpcore.http11 - DEBUG - atrace:87 - receive_response_headers.started request=<Request [b'GET']>
2025-09-24 11:25:16,101 - httpcore.http11 - DEBUG - atrace:87 - receive_response_headers.complete return_value=(b'HTTP/1.1', 200, b'OK', [(b'Content-Length', b'542'), (b'Content-Type', b'application/json;odata.metadata=minimal;odata.streaming=true;IEEE754Compatible=false;charset=utf-8'), (b'Date', b'Wed, 24 Sep 2025 05:55:16 GMT'), (b'Server', b'Microsoft-IIS/10.0'), (b'Access-Control-Allow-Headers', b'Accept, Origin, Content-Type, MaxDataServiceVersion'), (b'Access-Control-Allow-Methods', b'GET'), (b'Access-Control-Allow-Origin', b'*'), (b'Access-Control-Expose-Headers', b'DataServiceVersion'), (b'Cache-Control', b'private'), (b'Content-Encoding', b'gzip'), (b'Expires', b'Wed, 24 Sep 2025 05:56:16 GMT'), (b'Vary', b'*'), (b'X-Content-Type-Options', b'nosniff'), (b'OData-Version', b'4.0;'), (b'X-AspNet-Version', b'4.0.30319'), (b'X-Powered-By', b'ASP.NET')])
2025-09-24 11:25:16,101 - httpx - INFO - _send_single_request:1740 - HTTP Request: GET https://services.odata.org/V4/Northwind/Northwind.svc/Invoices?%24count=true&%24top=1 "HTTP/1.1 200 OK"
2025-09-24 11:25:16,102 - httpcore.http11 - DEBUG - atrace:87 - receive_response_body.started request=<Request [b'GET']>
2025-09-24 11:25:16,103 - httpcore.http11 - DEBUG - atrace:87 - receive_response_body.complete
2025-09-24 11:25:16,103 - httpcore.http11 - DEBUG - atrace:87 - response_closed.started
2025-09-24 11:25:16,103 - httpcore.http11 - DEBUG - atrace:87 - response_closed.complete
2025-09-24 11:25:16,103 - services.count - INFO - get_entity_counts:61 - [2m2025-09-24T05:55:16.103869Z[0m [[32m[1minfo     [0m] [1mSuccessfully retrieved entity counts[0m [[0m[1m[34mservices.count[0m][0m [36mcounts[0m=[35m{'Invoices': 2155}[0m
2025-09-24 11:25:16,103 - httpcore.connection - DEBUG - atrace:87 - close.started
2025-09-24 11:25:16,103 - httpcore.connection - DEBUG - atrace:87 - close.complete
2025-09-24 11:25:16,103 - connector - INFO - _discovery_phase:297 - [2m2025-09-24T05:55:16.103869Z[0m [[32m[1minfo     [0m] [1m📋 Endpoints to be processed:  [0m [[0m[1m[34mconnector[0m][0m
2025-09-24 11:25:16,103 - connector - INFO - _discovery_phase:303 - [2m2025-09-24T05:55:16.103869Z[0m [[32m[1minfo     [0m] [1m  🔗 Invoices: https://services.odata.org/V4/Northwind/Northwind.svc/Invoices (Expected records: 2155)[0m [[0m[1m[34mconnector[0m][0m
2025-09-24 11:25:16,105 - connector - INFO - _discovery_phase:305 - [2m2025-09-24T05:55:16.105670Z[0m [[32m[1minfo     [0m] [1m📊 Total expected records across all entities: 2155[0m [[0m[1m[34mconnector[0m][0m
2025-09-24 11:25:16,105 - planning.graph_builder - INFO - add_entities:32 - [2m2025-09-24T05:55:16.105670Z[0m [[32m[1minfo     [0m] [1mAdded entities to graph       [0m [[0m[1m[34mplanning.graph_builder[0m][0m [36mentity_count[0m=[35m1[0m
2025-09-24 11:25:16,105 - planning.graph_builder - INFO - add_relationships:54 - [2m2025-09-24T05:55:16.105670Z[0m [[32m[1minfo     [0m] [1mAdded relationships to graph  [0m [[0m[1m[34mplanning.graph_builder[0m][0m [36mrelationship_count[0m=[35m0[0m
2025-09-24 11:25:16,105 - planning.graph_builder - INFO - get_processing_order:72 - [2m2025-09-24T05:55:16.105670Z[0m [[32m[1minfo     [0m] [1mGenerated processing order    [0m [[0m[1m[34mplanning.graph_builder[0m][0m [36mlevels[0m=[35m1[0m [36mtotal_entities[0m=[35m1[0m
2025-09-24 11:25:16,108 - planning.plan_generator - INFO - create_execution_plan:142 - [2m2025-09-24T05:55:16.108181Z[0m [[32m[1minfo     [0m] [1mCreating execution plan       [0m [[0m[1m[34mplanning.plan_generator[0m][0m [36mselected_entities[0m=[35m1[0m [36mtotal_entities[0m=[35m1[0m
2025-09-24 11:25:16,108 - planning.record_tracker - INFO - register_entity:81 - [2m2025-09-24T05:55:16.108181Z[0m [[32m[1minfo     [0m] [1mEntity registered for tracking[0m [[0m[1m[34mplanning.record_tracker[0m][0m [36mentity[0m=[35mInvoices[0m [36mtarget_records[0m=[35m2155[0m
2025-09-24 11:25:16,108 - planning.plan_generator - INFO - create_execution_plan:203 - [2m2025-09-24T05:55:16.108181Z[0m [[32m[1minfo     [0m] [1mExecution plan created        [0m [[0m[1m[34mplanning.plan_generator[0m][0m [36mplanned_entities[0m=[35m1[0m [36mtotal_commands[0m=[35m5[0m
2025-09-24 11:25:16,108 - connector - INFO - _discovery_phase:318 - [2m2025-09-24T05:55:16.108181Z[0m [[32m[1minfo     [0m] [1mDiscovery phase completed     [0m [[0m[1m[34mconnector[0m][0m [36mentities[0m=[35m1[0m [36mprocessing_levels[0m=[35m1[0m [36mtotal_records[0m=[35m2155[0m
2025-09-24 11:25:16,110 - connector - INFO - _discovery_phase:324 - [2m2025-09-24T05:55:16.110208Z[0m [[32m[1minfo     [0m] [1m📋 Execution plan summary:     [0m [[0m[1m[34mconnector[0m][0m
2025-09-24 11:25:16,110 - connector - INFO - _discovery_phase:327 - [2m2025-09-24T05:55:16.110208Z[0m [[32m[1minfo     [0m] [1m  Level 1: 1 entities, 2155 records[0m [[0m[1m[34mconnector[0m][0m
2025-09-24 11:25:16,110 - connector - INFO - _discovery_phase:330 - [2m2025-09-24T05:55:16.110208Z[0m [[32m[1minfo     [0m] [1m    - Invoices: 2155 records  [0m [[0m[1m[34mconnector[0m][0m
2025-09-24 11:25:16,110 - connector - INFO - _execution_phase:334 - [2m2025-09-24T05:55:16.110208Z[0m [[32m[1minfo     [0m] [1mStarting execution phase      [0m [[0m[1m[34mconnector[0m][0m
2025-09-24 11:25:16,110 - workers.proxy_pool - INFO - start:370 - [2m2025-09-24T05:55:16.110208Z[0m [[32m[1minfo     [0m] [1mStarting proxy pool           [0m [[0m[1m[34mworkers.proxy_pool[0m][0m [36mmax_workers[0m=[35m3[0m
2025-09-24 11:25:16,112 - workers.proxy_pool - INFO - start:390 - [2m2025-09-24T05:55:16.112225Z[0m [[32m[1minfo     [0m] [1mProxy pool started successfully[0m [[0m[1m[34mworkers.proxy_pool[0m][0m
2025-09-24 11:25:16,112 - planning.plan_generator - INFO - get_initial_commands:236 - [2m2025-09-24T05:55:16.112225Z[0m [[32m[1minfo     [0m] [1mGenerated initial commands    [0m [[0m[1m[34mplanning.plan_generator[0m][0m [36mcommand_count[0m=[35m3[0m
2025-09-24 11:25:16,112 - workers.proxy_pool - INFO - add_commands:431 - [2m2025-09-24T05:55:16.112225Z[0m [[32m[1minfo     [0m] [1mCommands added to queue       [0m [[0m[1m[34mworkers.proxy_pool[0m][0m [36mcount[0m=[35m3[0m
2025-09-24 11:25:16,114 - connector - INFO - _monitor_execution:353 - [2m2025-09-24T05:55:16.114236Z[0m [[32m[1minfo     [0m] [1m🔍 Starting execution monitoring[0m [[0m[1m[34mconnector[0m][0m
2025-09-24 11:25:16,114 - connector - INFO - _monitor_execution:392 - [2m2025-09-24T05:55:16.114236Z[0m [[32m[1minfo     [0m] [1m📊 Execution progress          [0m [[0m[1m[34mconnector[0m][0m [36mactive_workers[0m=[35m0[0m [36mcommands_executed[0m=[35m0[0m [36mqueue_size[0m=[35m3[0m [36mrecords_processed[0m=[35m0[0m
2025-09-24 11:25:16,114 - workers.proxy_pool - INFO - _worker_loop:437 - [2m2025-09-24T05:55:16.114236Z[0m [[32m[1minfo     [0m] [1m🟢 Worker started and ready for commands[0m [[0m[1m[34mworkers.proxy_pool[0m][0m [36mworker_id[0m=[35mworker_0[0m [36mworker_status[0m=[35mACTIVE[0m
2025-09-24 11:25:16,114 - workers.proxy_pool - INFO - _worker_loop:464 - [2m2025-09-24T05:55:16.114236Z[0m [[32m[1minfo     [0m] [1m📋 Worker picked up command from queue[0m [[0m[1m[34mworkers.proxy_pool[0m][0m [36mcommand_id[0m=[35mInvoices_page_1[0m [36mentity[0m=[35mInvoices[0m [36mqueue_size_after_pickup[0m=[35m2[0m [36mworker_id[0m=[35mworker_0[0m [36mworker_status[0m=[35mPROCESSING[0m
2025-09-24 11:25:16,116 - workers.proxy_pool - INFO - execute:59 - [2m2025-09-24T05:55:16.116247Z[0m [[32m[1minfo     [0m] [1m🚀 Worker starting command execution[0m [[0m[1m[34mworkers.proxy_pool[0m][0m [36mcommand_id[0m=[35mInvoices_page_1[0m [36mcommand_type[0m=[35mfetch_page[0m [36mentity[0m=[35mInvoices[0m [36mpriority[0m=[35m1[0m [36mretry_count[0m=[35m0[0m [36mskip[0m=[35m0[0m [36mtop[0m=[35m500[0m [36mworker_id[0m=[35mworker_0[0m
2025-09-24 11:25:16,116 - workers.proxy_pool - INFO - execute:82 - [2m2025-09-24T05:55:16.116247Z[0m [[32m[1minfo     [0m] [1m🔄 Worker executing request with resilience patterns[0m [[0m[1m[34mworkers.proxy_pool[0m][0m [36mcircuit_breaker_state[0m=[35mclosed[0m [36mcommand_id[0m=[35mInvoices_page_1[0m [36mworker_id[0m=[35mworker_0[0m
2025-09-24 11:25:16,116 - workers.proxy_pool - INFO - _worker_loop:437 - [2m2025-09-24T05:55:16.116247Z[0m [[32m[1minfo     [0m] [1m🟢 Worker started and ready for commands[0m [[0m[1m[34mworkers.proxy_pool[0m][0m [36mworker_id[0m=[35mworker_1[0m [36mworker_status[0m=[35mACTIVE[0m
2025-09-24 11:25:16,116 - workers.proxy_pool - INFO - _worker_loop:464 - [2m2025-09-24T05:55:16.116247Z[0m [[32m[1minfo     [0m] [1m📋 Worker picked up command from queue[0m [[0m[1m[34mworkers.proxy_pool[0m][0m [36mcommand_id[0m=[35mInvoices_page_2[0m [36mentity[0m=[35mInvoices[0m [36mqueue_size_after_pickup[0m=[35m1[0m [36mworker_id[0m=[35mworker_1[0m [36mworker_status[0m=[35mPROCESSING[0m
2025-09-24 11:25:16,116 - workers.proxy_pool - INFO - execute:59 - [2m2025-09-24T05:55:16.116247Z[0m [[32m[1minfo     [0m] [1m🚀 Worker starting command execution[0m [[0m[1m[34mworkers.proxy_pool[0m][0m [36mcommand_id[0m=[35mInvoices_page_2[0m [36mcommand_type[0m=[35mfetch_page[0m [36mentity[0m=[35mInvoices[0m [36mpriority[0m=[35m1[0m [36mretry_count[0m=[35m0[0m [36mskip[0m=[35m500[0m [36mtop[0m=[35m500[0m [36mworker_id[0m=[35mworker_1[0m
2025-09-24 11:25:16,118 - workers.proxy_pool - INFO - execute:82 - [2m2025-09-24T05:55:16.118986Z[0m [[32m[1minfo     [0m] [1m🔄 Worker executing request with resilience patterns[0m [[0m[1m[34mworkers.proxy_pool[0m][0m [36mcircuit_breaker_state[0m=[35mclosed[0m [36mcommand_id[0m=[35mInvoices_page_2[0m [36mworker_id[0m=[35mworker_1[0m
2025-09-24 11:25:16,119 - workers.proxy_pool - INFO - _worker_loop:437 - [2m2025-09-24T05:55:16.119700Z[0m [[32m[1minfo     [0m] [1m🟢 Worker started and ready for commands[0m [[0m[1m[34mworkers.proxy_pool[0m][0m [36mworker_id[0m=[35mworker_2[0m [36mworker_status[0m=[35mACTIVE[0m
2025-09-24 11:25:16,119 - workers.proxy_pool - INFO - _worker_loop:464 - [2m2025-09-24T05:55:16.119700Z[0m [[32m[1minfo     [0m] [1m📋 Worker picked up command from queue[0m [[0m[1m[34mworkers.proxy_pool[0m][0m [36mcommand_id[0m=[35mInvoices_page_3[0m [36mentity[0m=[35mInvoices[0m [36mqueue_size_after_pickup[0m=[35m0[0m [36mworker_id[0m=[35mworker_2[0m [36mworker_status[0m=[35mPROCESSING[0m
2025-09-24 11:25:16,119 - workers.proxy_pool - INFO - execute:59 - [2m2025-09-24T05:55:16.119700Z[0m [[32m[1minfo     [0m] [1m🚀 Worker starting command execution[0m [[0m[1m[34mworkers.proxy_pool[0m][0m [36mcommand_id[0m=[35mInvoices_page_3[0m [36mcommand_type[0m=[35mfetch_page[0m [36mentity[0m=[35mInvoices[0m [36mpriority[0m=[35m1[0m [36mretry_count[0m=[35m0[0m [36mskip[0m=[35m1000[0m [36mtop[0m=[35m500[0m [36mworker_id[0m=[35mworker_2[0m
2025-09-24 11:25:16,119 - workers.proxy_pool - INFO - execute:82 - [2m2025-09-24T05:55:16.119700Z[0m [[32m[1minfo     [0m] [1m🔄 Worker executing request with resilience patterns[0m [[0m[1m[34mworkers.proxy_pool[0m][0m [36mcircuit_breaker_state[0m=[35mclosed[0m [36mcommand_id[0m=[35mInvoices_page_3[0m [36mworker_id[0m=[35mworker_2[0m
2025-09-24 11:25:16,122 - httpcore.http11 - DEBUG - atrace:87 - send_request_headers.started request=<Request [b'GET']>
2025-09-24 11:25:16,122 - httpcore.http11 - DEBUG - atrace:87 - send_request_headers.complete
2025-09-24 11:25:16,122 - httpcore.http11 - DEBUG - atrace:87 - send_request_body.started request=<Request [b'GET']>
2025-09-24 11:25:16,122 - httpcore.http11 - DEBUG - atrace:87 - send_request_body.complete
2025-09-24 11:25:16,122 - httpcore.http11 - DEBUG - atrace:87 - receive_response_headers.started request=<Request [b'GET']>
2025-09-24 11:25:16,122 - httpcore.connection - DEBUG - atrace:87 - connect_tcp.started host='services.odata.org' port=443 local_address=None timeout=30 socket_options=None
2025-09-24 11:25:16,122 - httpcore.connection - DEBUG - atrace:87 - connect_tcp.started host='services.odata.org' port=443 local_address=None timeout=30 socket_options=None
2025-09-24 11:25:16,408 - httpcore.connection - DEBUG - atrace:87 - connect_tcp.complete return_value=<httpcore._backends.anyio.AnyIOStream object at 0x0000022FD013E9F0>
2025-09-24 11:25:16,408 - httpcore.connection - DEBUG - atrace:87 - start_tls.started ssl_context=<ssl.SSLContext object at 0x0000022FD00E95D0> server_hostname='services.odata.org' timeout=30
2025-09-24 11:25:16,408 - httpcore.connection - DEBUG - atrace:87 - connect_tcp.complete return_value=<httpcore._backends.anyio.AnyIOStream object at 0x0000022FD013E660>
2025-09-24 11:25:16,408 - httpcore.connection - DEBUG - atrace:87 - start_tls.started ssl_context=<ssl.SSLContext object at 0x0000022FD00E95D0> server_hostname='services.odata.org' timeout=30
2025-09-24 11:25:16,504 - httpcore.http11 - DEBUG - atrace:87 - receive_response_headers.complete return_value=(b'HTTP/1.1', 200, b'OK', [(b'Content-Length', b'37811'), (b'Content-Type', b'application/json;odata.metadata=minimal;odata.streaming=true;IEEE754Compatible=false;charset=utf-8'), (b'Date', b'Wed, 24 Sep 2025 05:55:16 GMT'), (b'Server', b'Microsoft-IIS/10.0'), (b'Access-Control-Allow-Headers', b'Accept, Origin, Content-Type, MaxDataServiceVersion'), (b'Access-Control-Allow-Methods', b'GET'), (b'Access-Control-Allow-Origin', b'*'), (b'Access-Control-Expose-Headers', b'DataServiceVersion'), (b'Cache-Control', b'private'), (b'Content-Encoding', b'gzip'), (b'Expires', b'Wed, 24 Sep 2025 05:56:16 GMT'), (b'Vary', b'*'), (b'X-Content-Type-Options', b'nosniff'), (b'OData-Version', b'4.0;'), (b'X-AspNet-Version', b'4.0.30319'), (b'X-Powered-By', b'ASP.NET')])
2025-09-24 11:25:16,504 - httpx - INFO - _send_single_request:1740 - HTTP Request: GET https://services.odata.org/V4/Northwind/Northwind.svc/Invoices?%24skip=0&%24top=500 "HTTP/1.1 200 OK"
2025-09-24 11:25:16,504 - httpcore.http11 - DEBUG - atrace:87 - receive_response_body.started request=<Request [b'GET']>
2025-09-24 11:25:16,745 - httpcore.http11 - DEBUG - atrace:87 - receive_response_body.complete
2025-09-24 11:25:16,745 - httpcore.http11 - DEBUG - atrace:87 - response_closed.started
2025-09-24 11:25:16,745 - httpcore.http11 - DEBUG - atrace:87 - response_closed.complete
2025-09-24 11:25:16,749 - workers.proxy_pool - INFO - _make_http_request:250 - [2m2025-09-24T05:55:16.749468Z[0m [[32m[1minfo     [0m] [1m📊 Worker successfully fetched data[0m [[0m[1m[34mworkers.proxy_pool[0m][0m [36mactual_records_added[0m=[35m500[0m [36mcommand_id[0m=[35mInvoices_page_1[0m [36mentity[0m=[35mInvoices[0m [36mentity_total_fetched[0m=[35m500[0m [36mglobal_total_fetched[0m=[35m500[0m [36mhas_next_page[0m=[35mFalse[0m [36mrecords_in_response[0m=[35m500[0m [36mworker_id[0m=[35mworker_0[0m
2025-09-24 11:25:16,749 - workers.proxy_pool - INFO - execute:110 - [2m2025-09-24T05:55:16.749468Z[0m [[32m[1minfo     [0m] [1m✅ Worker completed command successfully[0m [[0m[1m[34mworkers.proxy_pool[0m][0m [36mcommand_id[0m=[35mInvoices_page_1[0m [36mentity[0m=[35mInvoices[0m [36mexecution_time_seconds[0m=[35m0.64[0m [36mhas_next_page[0m=[35mFalse[0m [36mrecords_fetched[0m=[35m500[0m [36mworker_id[0m=[35mworker_0[0m
2025-09-24 11:25:16,751 - storage.transformer - INFO - transform_odata_response:62 - [2m2025-09-24T05:55:16.749468Z[0m [[32m[1minfo     [0m] [1mStarting transformation       [0m [[0m[1m[34mstorage.transformer[0m][0m [36mentity_name[0m=[35mInvoices[0m [36mresponse_keys[0m=[35m['@odata.context', 'value'][0m
2025-09-24 11:25:16,760 - storage.transformer - INFO - transform_odata_response:101 - [2m2025-09-24T05:55:16.760338Z[0m [[32m[1minfo     [0m] [1mTransformation completed      [0m [[0m[1m[34mstorage.transformer[0m][0m [36mentity_name[0m=[35mInvoices[0m [36minput_records[0m=[35m500[0m [36moutput_records[0m=[35m500[0m [36mtransformation_time_seconds[0m=[35m0.016[0m
2025-09-24 11:25:16,760 - storage.local_storage - INFO - store_processed_records:145 - [2m2025-09-24T05:55:16.760338Z[0m [[32m[1minfo     [0m] [1mStoring processed records     [0m [[0m[1m[34mstorage.local_storage[0m][0m [36mentity_name[0m=[35mInvoices[0m [36mformat[0m=[35mjson[0m [36mrecord_count[0m=[35m500[0m
2025-09-24 11:25:16,766 - storage.local_storage - INFO - store_processed_records:160 - [2m2025-09-24T05:55:16.766796Z[0m [[32m[1minfo     [0m] [1mSuccessfully stored processed records[0m [[0m[1m[34mstorage.local_storage[0m][0m [36mentity_name[0m=[35mInvoices[0m [36mfile_path[0m=[35m./test_output/processed\Invoices_20250924_055516.json[0m [36mrecord_count[0m=[35m500[0m [36mstorage_time_seconds[0m=[35m0.0[0m
2025-09-24 11:25:16,771 - storage.local_storage - INFO - store_raw_response:89 - [2m2025-09-24T05:55:16.770799Z[0m [[32m[1minfo     [0m] [1mSuccessfully stored raw data  [0m [[0m[1m[34mstorage.local_storage[0m][0m [36mentity_name[0m=[35mInvoices[0m [36mfile_path[0m=[35m./test_output/raw\Invoices\2025/09/24\05\Invoices_page_1.json[0m [36msize_bytes[0m=[35m452615[0m [36mstorage_time_seconds[0m=[35m0.0[0m
2025-09-24 11:25:16,887 - httpcore.connection - DEBUG - atrace:87 - start_tls.complete return_value=<httpcore._backends.anyio.AnyIOStream object at 0x0000022FD013E5A0>
2025-09-24 11:25:16,889 - httpcore.http11 - DEBUG - atrace:87 - send_request_headers.started request=<Request [b'GET']>
2025-09-24 11:25:16,893 - httpcore.http11 - DEBUG - atrace:87 - send_request_headers.complete
2025-09-24 11:25:16,893 - httpcore.http11 - DEBUG - atrace:87 - send_request_body.started request=<Request [b'GET']>
2025-09-24 11:25:16,893 - httpcore.http11 - DEBUG - atrace:87 - send_request_body.complete
2025-09-24 11:25:16,893 - httpcore.http11 - DEBUG - atrace:87 - receive_response_headers.started request=<Request [b'GET']>
2025-09-24 11:25:16,894 - httpcore.connection - DEBUG - atrace:87 - start_tls.complete return_value=<httpcore._backends.anyio.AnyIOStream object at 0x0000022FD013E960>
2025-09-24 11:25:16,894 - httpcore.http11 - DEBUG - atrace:87 - send_request_headers.started request=<Request [b'GET']>
2025-09-24 11:25:16,895 - httpcore.http11 - DEBUG - atrace:87 - send_request_headers.complete
2025-09-24 11:25:16,895 - httpcore.http11 - DEBUG - atrace:87 - send_request_body.started request=<Request [b'GET']>
2025-09-24 11:25:16,895 - httpcore.http11 - DEBUG - atrace:87 - send_request_body.complete
2025-09-24 11:25:16,895 - httpcore.http11 - DEBUG - atrace:87 - receive_response_headers.started request=<Request [b'GET']>
2025-09-24 11:25:17,437 - httpcore.http11 - DEBUG - atrace:87 - receive_response_headers.complete return_value=(b'HTTP/1.1', 200, b'OK', [(b'Content-Length', b'39248'), (b'Content-Type', b'application/json;odata.metadata=minimal;odata.streaming=true;IEEE754Compatible=false;charset=utf-8'), (b'Date', b'Wed, 24 Sep 2025 05:55:17 GMT'), (b'Server', b'Microsoft-IIS/10.0'), (b'Access-Control-Allow-Headers', b'Accept, Origin, Content-Type, MaxDataServiceVersion'), (b'Access-Control-Allow-Methods', b'GET'), (b'Access-Control-Allow-Origin', b'*'), (b'Access-Control-Expose-Headers', b'DataServiceVersion'), (b'Cache-Control', b'private'), (b'Content-Encoding', b'gzip'), (b'Expires', b'Wed, 24 Sep 2025 05:56:17 GMT'), (b'Vary', b'*'), (b'X-Content-Type-Options', b'nosniff'), (b'OData-Version', b'4.0;'), (b'X-AspNet-Version', b'4.0.30319'), (b'X-Powered-By', b'ASP.NET')])
2025-09-24 11:25:17,438 - httpx - INFO - _send_single_request:1740 - HTTP Request: GET https://services.odata.org/V4/Northwind/Northwind.svc/Invoices?%24skip=1000&%24top=500 "HTTP/1.1 200 OK"
2025-09-24 11:25:17,438 - httpcore.http11 - DEBUG - atrace:87 - receive_response_body.started request=<Request [b'GET']>
2025-09-24 11:25:17,748 - httpcore.http11 - DEBUG - atrace:87 - receive_response_body.complete
2025-09-24 11:25:17,748 - httpcore.http11 - DEBUG - atrace:87 - response_closed.started
2025-09-24 11:25:17,748 - httpcore.http11 - DEBUG - atrace:87 - response_closed.complete
2025-09-24 11:25:17,750 - workers.proxy_pool - INFO - _make_http_request:250 - [2m2025-09-24T05:55:17.750717Z[0m [[32m[1minfo     [0m] [1m📊 Worker successfully fetched data[0m [[0m[1m[34mworkers.proxy_pool[0m][0m [36mactual_records_added[0m=[35m500[0m [36mcommand_id[0m=[35mInvoices_page_3[0m [36mentity[0m=[35mInvoices[0m [36mentity_total_fetched[0m=[35m1000[0m [36mglobal_total_fetched[0m=[35m1000[0m [36mhas_next_page[0m=[35mFalse[0m [36mrecords_in_response[0m=[35m500[0m [36mworker_id[0m=[35mworker_2[0m
2025-09-24 11:25:17,751 - workers.proxy_pool - INFO - execute:110 - [2m2025-09-24T05:55:17.751227Z[0m [[32m[1minfo     [0m] [1m✅ Worker completed command successfully[0m [[0m[1m[34mworkers.proxy_pool[0m][0m [36mcommand_id[0m=[35mInvoices_page_3[0m [36mentity[0m=[35mInvoices[0m [36mexecution_time_seconds[0m=[35m1.62[0m [36mhas_next_page[0m=[35mFalse[0m [36mrecords_fetched[0m=[35m500[0m [36mworker_id[0m=[35mworker_2[0m
2025-09-24 11:25:17,751 - storage.transformer - INFO - transform_odata_response:62 - [2m2025-09-24T05:55:17.751814Z[0m [[32m[1minfo     [0m] [1mStarting transformation       [0m [[0m[1m[34mstorage.transformer[0m][0m [36mentity_name[0m=[35mInvoices[0m [36mresponse_keys[0m=[35m['@odata.context', 'value'][0m
2025-09-24 11:25:17,762 - storage.transformer - INFO - transform_odata_response:101 - [2m2025-09-24T05:55:17.762706Z[0m [[32m[1minfo     [0m] [1mTransformation completed      [0m [[0m[1m[34mstorage.transformer[0m][0m [36mentity_name[0m=[35mInvoices[0m [36minput_records[0m=[35m500[0m [36moutput_records[0m=[35m500[0m [36mtransformation_time_seconds[0m=[35m0.016[0m
2025-09-24 11:25:17,765 - storage.local_storage - INFO - store_processed_records:145 - [2m2025-09-24T05:55:17.762706Z[0m [[32m[1minfo     [0m] [1mStoring processed records     [0m [[0m[1m[34mstorage.local_storage[0m][0m [36mentity_name[0m=[35mInvoices[0m [36mformat[0m=[35mjson[0m [36mrecord_count[0m=[35m500[0m
2025-09-24 11:25:17,769 - storage.local_storage - INFO - store_processed_records:160 - [2m2025-09-24T05:55:17.768644Z[0m [[32m[1minfo     [0m] [1mSuccessfully stored processed records[0m [[0m[1m[34mstorage.local_storage[0m][0m [36mentity_name[0m=[35mInvoices[0m [36mfile_path[0m=[35m./test_output/processed\Invoices_20250924_055517.json[0m [36mrecord_count[0m=[35m500[0m [36mstorage_time_seconds[0m=[35m0.0[0m
2025-09-24 11:25:17,771 - storage.local_storage - INFO - store_raw_response:89 - [2m2025-09-24T05:55:17.769782Z[0m [[32m[1minfo     [0m] [1mSuccessfully stored raw data  [0m [[0m[1m[34mstorage.local_storage[0m][0m [36mentity_name[0m=[35mInvoices[0m [36mfile_path[0m=[35m./test_output/raw\Invoices\2025/09/24\05\Invoices_page_3.json[0m [36msize_bytes[0m=[35m461990[0m [36mstorage_time_seconds[0m=[35m0.0[0m
2025-09-24 11:25:17,815 - httpcore.http11 - DEBUG - atrace:87 - receive_response_headers.complete return_value=(b'HTTP/1.1', 200, b'OK', [(b'Content-Length', b'39254'), (b'Content-Type', b'application/json;odata.metadata=minimal;odata.streaming=true;IEEE754Compatible=false;charset=utf-8'), (b'Date', b'Wed, 24 Sep 2025 05:55:17 GMT'), (b'Server', b'Microsoft-IIS/10.0'), (b'Access-Control-Allow-Headers', b'Accept, Origin, Content-Type, MaxDataServiceVersion'), (b'Access-Control-Allow-Methods', b'GET'), (b'Access-Control-Allow-Origin', b'*'), (b'Access-Control-Expose-Headers', b'DataServiceVersion'), (b'Cache-Control', b'private'), (b'Content-Encoding', b'gzip'), (b'Expires', b'Wed, 24 Sep 2025 05:56:17 GMT'), (b'Vary', b'*'), (b'X-Content-Type-Options', b'nosniff'), (b'OData-Version', b'4.0;'), (b'X-AspNet-Version', b'4.0.30319'), (b'X-Powered-By', b'ASP.NET')])
2025-09-24 11:25:17,815 - httpx - INFO - _send_single_request:1740 - HTTP Request: GET https://services.odata.org/V4/Northwind/Northwind.svc/Invoices?%24skip=500&%24top=500 "HTTP/1.1 200 OK"
2025-09-24 11:25:17,815 - httpcore.http11 - DEBUG - atrace:87 - receive_response_body.started request=<Request [b'GET']>
2025-09-24 11:25:18,151 - httpcore.http11 - DEBUG - atrace:87 - receive_response_body.complete
2025-09-24 11:25:18,151 - httpcore.http11 - DEBUG - atrace:87 - response_closed.started
2025-09-24 11:25:18,151 - httpcore.http11 - DEBUG - atrace:87 - response_closed.complete
2025-09-24 11:25:18,154 - workers.proxy_pool - INFO - _make_http_request:250 - [2m2025-09-24T05:55:18.154173Z[0m [[32m[1minfo     [0m] [1m📊 Worker successfully fetched data[0m [[0m[1m[34mworkers.proxy_pool[0m][0m [36mactual_records_added[0m=[35m500[0m [36mcommand_id[0m=[35mInvoices_page_2[0m [36mentity[0m=[35mInvoices[0m [36mentity_total_fetched[0m=[35m1500[0m [36mglobal_total_fetched[0m=[35m1500[0m [36mhas_next_page[0m=[35mFalse[0m [36mrecords_in_response[0m=[35m500[0m [36mworker_id[0m=[35mworker_1[0m
2025-09-24 11:25:18,154 - workers.proxy_pool - INFO - execute:110 - [2m2025-09-24T05:55:18.154799Z[0m [[32m[1minfo     [0m] [1m✅ Worker completed command successfully[0m [[0m[1m[34mworkers.proxy_pool[0m][0m [36mcommand_id[0m=[35mInvoices_page_2[0m [36mentity[0m=[35mInvoices[0m [36mexecution_time_seconds[0m=[35m2.05[0m [36mhas_next_page[0m=[35mFalse[0m [36mrecords_fetched[0m=[35m500[0m [36mworker_id[0m=[35mworker_1[0m
2025-09-24 11:25:18,155 - storage.transformer - INFO - transform_odata_response:62 - [2m2025-09-24T05:55:18.155387Z[0m [[32m[1minfo     [0m] [1mStarting transformation       [0m [[0m[1m[34mstorage.transformer[0m][0m [36mentity_name[0m=[35mInvoices[0m [36mresponse_keys[0m=[35m['@odata.context', 'value'][0m
2025-09-24 11:25:18,166 - storage.transformer - INFO - transform_odata_response:101 - [2m2025-09-24T05:55:18.166198Z[0m [[32m[1minfo     [0m] [1mTransformation completed      [0m [[0m[1m[34mstorage.transformer[0m][0m [36mentity_name[0m=[35mInvoices[0m [36minput_records[0m=[35m500[0m [36moutput_records[0m=[35m500[0m [36mtransformation_time_seconds[0m=[35m0.015[0m
2025-09-24 11:25:18,168 - storage.local_storage - INFO - store_processed_records:145 - [2m2025-09-24T05:55:18.168209Z[0m [[32m[1minfo     [0m] [1mStoring processed records     [0m [[0m[1m[34mstorage.local_storage[0m][0m [36mentity_name[0m=[35mInvoices[0m [36mformat[0m=[35mjson[0m [36mrecord_count[0m=[35m500[0m
2025-09-24 11:25:18,173 - storage.local_storage - INFO - store_processed_records:160 - [2m2025-09-24T05:55:18.173674Z[0m [[32m[1minfo     [0m] [1mSuccessfully stored processed records[0m [[0m[1m[34mstorage.local_storage[0m][0m [36mentity_name[0m=[35mInvoices[0m [36mfile_path[0m=[35m./test_output/processed\Invoices_20250924_055518.json[0m [36mrecord_count[0m=[35m500[0m [36mstorage_time_seconds[0m=[35m0.0[0m
2025-09-24 11:25:18,178 - storage.local_storage - INFO - store_raw_response:89 - [2m2025-09-24T05:55:18.178066Z[0m [[32m[1minfo     [0m] [1mSuccessfully stored raw data  [0m [[0m[1m[34mstorage.local_storage[0m][0m [36mentity_name[0m=[35mInvoices[0m [36mfile_path[0m=[35m./test_output/raw\Invoices\2025/09/24\05\Invoices_page_2.json[0m [36msize_bytes[0m=[35m460858[0m [36mstorage_time_seconds[0m=[35m0.0[0m
2025-09-24 11:25:26,142 - connector - INFO - _monitor_execution:392 - [2m2025-09-24T05:55:26.142772Z[0m [[32m[1minfo     [0m] [1m📊 Execution progress          [0m [[0m[1m[34mconnector[0m][0m [36mactive_workers[0m=[35m3[0m [36mcommands_executed[0m=[35m3[0m [36mqueue_size[0m=[35m0[0m [36mrecords_processed[0m=[35m1500[0m
2025-09-24 11:25:36,210 - connector - INFO - _monitor_execution:392 - [2m2025-09-24T05:55:36.210006Z[0m [[32m[1minfo     [0m] [1m📊 Execution progress          [0m [[0m[1m[34mconnector[0m][0m [36mactive_workers[0m=[35m3[0m [36mcommands_executed[0m=[35m3[0m [36mqueue_size[0m=[35m0[0m [36mrecords_processed[0m=[35m1500[0m
2025-09-24 11:25:46,305 - connector - INFO - _monitor_execution:392 - [2m2025-09-24T05:55:46.305621Z[0m [[32m[1minfo     [0m] [1m📊 Execution progress          [0m [[0m[1m[34mconnector[0m][0m [36mactive_workers[0m=[35m3[0m [36mcommands_executed[0m=[35m3[0m [36mqueue_size[0m=[35m0[0m [36mrecords_processed[0m=[35m1500[0m
2025-09-24 11:25:56,376 - connector - INFO - _monitor_execution:392 - [2m2025-09-24T05:55:56.376343Z[0m [[32m[1minfo     [0m] [1m📊 Execution progress          [0m [[0m[1m[34mconnector[0m][0m [36mactive_workers[0m=[35m3[0m [36mcommands_executed[0m=[35m3[0m [36mqueue_size[0m=[35m0[0m [36mrecords_processed[0m=[35m1500[0m
2025-09-24 11:26:06,456 - connector - INFO - _monitor_execution:392 - [2m2025-09-24T05:56:06.456220Z[0m [[32m[1minfo     [0m] [1m📊 Execution progress          [0m [[0m[1m[34mconnector[0m][0m [36mactive_workers[0m=[35m3[0m [36mcommands_executed[0m=[35m3[0m [36mqueue_size[0m=[35m0[0m [36mrecords_processed[0m=[35m1500[0m
2025-09-24 11:26:16,561 - connector - INFO - _monitor_execution:392 - [2m2025-09-24T05:56:16.561719Z[0m [[32m[1minfo     [0m] [1m📊 Execution progress          [0m [[0m[1m[34mconnector[0m][0m [36mactive_workers[0m=[35m3[0m [36mcommands_executed[0m=[35m3[0m [36mqueue_size[0m=[35m0[0m [36mrecords_processed[0m=[35m1500[0m
2025-09-24 11:26:26,642 - connector - INFO - _monitor_execution:392 - [2m2025-09-24T05:56:26.641963Z[0m [[32m[1minfo     [0m] [1m📊 Execution progress          [0m [[0m[1m[34mconnector[0m][0m [36mactive_workers[0m=[35m3[0m [36mcommands_executed[0m=[35m3[0m [36mqueue_size[0m=[35m0[0m [36mrecords_processed[0m=[35m1500[0m
2025-09-24 11:26:36,707 - connector - INFO - _monitor_execution:392 - [2m2025-09-24T05:56:36.707163Z[0m [[32m[1minfo     [0m] [1m📊 Execution progress          [0m [[0m[1m[34mconnector[0m][0m [36mactive_workers[0m=[35m3[0m [36mcommands_executed[0m=[35m3[0m [36mqueue_size[0m=[35m0[0m [36mrecords_processed[0m=[35m1500[0m
2025-09-24 11:26:46,856 - connector - INFO - _monitor_execution:392 - [2m2025-09-24T05:56:46.856138Z[0m [[32m[1minfo     [0m] [1m📊 Execution progress          [0m [[0m[1m[34mconnector[0m][0m [36mactive_workers[0m=[35m3[0m [36mcommands_executed[0m=[35m3[0m [36mqueue_size[0m=[35m0[0m [36mrecords_processed[0m=[35m1500[0m
2025-09-24 11:26:56,876 - connector - INFO - _monitor_execution:392 - [2m2025-09-24T05:56:56.876762Z[0m [[32m[1minfo     [0m] [1m📊 Execution progress          [0m [[0m[1m[34mconnector[0m][0m [36mactive_workers[0m=[35m3[0m [36mcommands_executed[0m=[35m3[0m [36mqueue_size[0m=[35m0[0m [36mrecords_processed[0m=[35m1500[0m
2025-09-24 11:27:06,912 - connector - INFO - _monitor_execution:392 - [2m2025-09-24T05:57:06.912295Z[0m [[32m[1minfo     [0m] [1m📊 Execution progress          [0m [[0m[1m[34mconnector[0m][0m [36mactive_workers[0m=[35m3[0m [36mcommands_executed[0m=[35m3[0m [36mqueue_size[0m=[35m0[0m [36mrecords_processed[0m=[35m1500[0m
2025-09-24 11:27:16,937 - connector - INFO - _monitor_execution:392 - [2m2025-09-24T05:57:16.937633Z[0m [[32m[1minfo     [0m] [1m📊 Execution progress          [0m [[0m[1m[34mconnector[0m][0m [36mactive_workers[0m=[35m3[0m [36mcommands_executed[0m=[35m3[0m [36mqueue_size[0m=[35m0[0m [36mrecords_processed[0m=[35m1500[0m
2025-09-24 11:27:27,015 - connector - INFO - _monitor_execution:392 - [2m2025-09-24T05:57:27.015166Z[0m [[32m[1minfo     [0m] [1m📊 Execution progress          [0m [[0m[1m[34mconnector[0m][0m [36mactive_workers[0m=[35m3[0m [36mcommands_executed[0m=[35m3[0m [36mqueue_size[0m=[35m0[0m [36mrecords_processed[0m=[35m1500[0m
2025-09-24 11:27:37,097 - connector - INFO - _monitor_execution:392 - [2m2025-09-24T05:57:37.097428Z[0m [[32m[1minfo     [0m] [1m📊 Execution progress          [0m [[0m[1m[34mconnector[0m][0m [36mactive_workers[0m=[35m3[0m [36mcommands_executed[0m=[35m3[0m [36mqueue_size[0m=[35m0[0m [36mrecords_processed[0m=[35m1500[0m
2025-09-24 11:27:47,107 - connector - INFO - _monitor_execution:392 - [2m2025-09-24T05:57:47.107498Z[0m [[32m[1minfo     [0m] [1m📊 Execution progress          [0m [[0m[1m[34mconnector[0m][0m [36mactive_workers[0m=[35m3[0m [36mcommands_executed[0m=[35m3[0m [36mqueue_size[0m=[35m0[0m [36mrecords_processed[0m=[35m1500[0m
2025-09-24 11:27:57,166 - connector - INFO - _monitor_execution:392 - [2m2025-09-24T05:57:57.164040Z[0m [[32m[1minfo     [0m] [1m📊 Execution progress          [0m [[0m[1m[34mconnector[0m][0m [36mactive_workers[0m=[35m3[0m [36mcommands_executed[0m=[35m3[0m [36mqueue_size[0m=[35m0[0m [36mrecords_processed[0m=[35m1500[0m
2025-09-24 11:28:07,203 - connector - INFO - _monitor_execution:392 - [2m2025-09-24T05:58:07.203651Z[0m [[32m[1minfo     [0m] [1m📊 Execution progress          [0m [[0m[1m[34mconnector[0m][0m [36mactive_workers[0m=[35m3[0m [36mcommands_executed[0m=[35m3[0m [36mqueue_size[0m=[35m0[0m [36mrecords_processed[0m=[35m1500[0m
2025-09-24 11:28:17,221 - connector - INFO - _monitor_execution:392 - [2m2025-09-24T05:58:17.221987Z[0m [[32m[1minfo     [0m] [1m📊 Execution progress          [0m [[0m[1m[34mconnector[0m][0m [36mactive_workers[0m=[35m3[0m [36mcommands_executed[0m=[35m3[0m [36mqueue_size[0m=[35m0[0m [36mrecords_processed[0m=[35m1500[0m
2025-09-24 11:28:27,253 - connector - INFO - _monitor_execution:392 - [2m2025-09-24T05:58:27.253477Z[0m [[32m[1minfo     [0m] [1m📊 Execution progress          [0m [[0m[1m[34mconnector[0m][0m [36mactive_workers[0m=[35m3[0m [36mcommands_executed[0m=[35m3[0m [36mqueue_size[0m=[35m0[0m [36mrecords_processed[0m=[35m1500[0m
2025-09-24 11:28:37,307 - connector - INFO - _monitor_execution:392 - [2m2025-09-24T05:58:37.307922Z[0m [[32m[1minfo     [0m] [1m📊 Execution progress          [0m [[0m[1m[34mconnector[0m][0m [36mactive_workers[0m=[35m3[0m [36mcommands_executed[0m=[35m3[0m [36mqueue_size[0m=[35m0[0m [36mrecords_processed[0m=[35m1500[0m
2025-09-24 11:28:47,325 - connector - INFO - _monitor_execution:392 - [2m2025-09-24T05:58:47.325481Z[0m [[32m[1minfo     [0m] [1m📊 Execution progress          [0m [[0m[1m[34mconnector[0m][0m [36mactive_workers[0m=[35m3[0m [36mcommands_executed[0m=[35m3[0m [36mqueue_size[0m=[35m0[0m [36mrecords_processed[0m=[35m1500[0m
2025-09-24 11:28:57,389 - connector - INFO - _monitor_execution:392 - [2m2025-09-24T05:58:57.389439Z[0m [[32m[1minfo     [0m] [1m📊 Execution progress          [0m [[0m[1m[34mconnector[0m][0m [36mactive_workers[0m=[35m3[0m [36mcommands_executed[0m=[35m3[0m [36mqueue_size[0m=[35m0[0m [36mrecords_processed[0m=[35m1500[0m
2025-09-24 11:29:07,462 - connector - INFO - _monitor_execution:392 - [2m2025-09-24T05:59:07.462475Z[0m [[32m[1minfo     [0m] [1m📊 Execution progress          [0m [[0m[1m[34mconnector[0m][0m [36mactive_workers[0m=[35m3[0m [36mcommands_executed[0m=[35m3[0m [36mqueue_size[0m=[35m0[0m [36mrecords_processed[0m=[35m1500[0m
2025-09-24 11:29:17,556 - connector - INFO - _monitor_execution:392 - [2m2025-09-24T05:59:17.556085Z[0m [[32m[1minfo     [0m] [1m📊 Execution progress          [0m [[0m[1m[34mconnector[0m][0m [36mactive_workers[0m=[35m3[0m [36mcommands_executed[0m=[35m3[0m [36mqueue_size[0m=[35m0[0m [36mrecords_processed[0m=[35m1500[0m
2025-09-24 11:29:27,558 - connector - INFO - _monitor_execution:392 - [2m2025-09-24T05:59:27.558317Z[0m [[32m[1minfo     [0m] [1m📊 Execution progress          [0m [[0m[1m[34mconnector[0m][0m [36mactive_workers[0m=[35m3[0m [36mcommands_executed[0m=[35m3[0m [36mqueue_size[0m=[35m0[0m [36mrecords_processed[0m=[35m1500[0m
2025-09-24 11:29:37,613 - connector - INFO - _monitor_execution:392 - [2m2025-09-24T05:59:37.613633Z[0m [[32m[1minfo     [0m] [1m📊 Execution progress          [0m [[0m[1m[34mconnector[0m][0m [36mactive_workers[0m=[35m3[0m [36mcommands_executed[0m=[35m3[0m [36mqueue_size[0m=[35m0[0m [36mrecords_processed[0m=[35m1500[0m
2025-09-24 11:29:47,674 - connector - INFO - _monitor_execution:392 - [2m2025-09-24T05:59:47.674041Z[0m [[32m[1minfo     [0m] [1m📊 Execution progress          [0m [[0m[1m[34mconnector[0m][0m [36mactive_workers[0m=[35m3[0m [36mcommands_executed[0m=[35m3[0m [36mqueue_size[0m=[35m0[0m [36mrecords_processed[0m=[35m1500[0m
2025-09-24 11:29:57,744 - connector - INFO - _monitor_execution:392 - [2m2025-09-24T05:59:57.743868Z[0m [[32m[1minfo     [0m] [1m📊 Execution progress          [0m [[0m[1m[34mconnector[0m][0m [36mactive_workers[0m=[35m3[0m [36mcommands_executed[0m=[35m3[0m [36mqueue_size[0m=[35m0[0m [36mrecords_processed[0m=[35m1500[0m
2025-09-24 11:30:07,829 - connector - INFO - _monitor_execution:392 - [2m2025-09-24T06:00:07.829755Z[0m [[32m[1minfo     [0m] [1m📊 Execution progress          [0m [[0m[1m[34mconnector[0m][0m [36mactive_workers[0m=[35m3[0m [36mcommands_executed[0m=[35m3[0m [36mqueue_size[0m=[35m0[0m [36mrecords_processed[0m=[35m1500[0m
