2025-09-24 10:38:24,358 - logging_config - INFO - setup_connector_logging:106 - [2m2025-09-24T05:08:24.358193Z[0m [[32m[1minfo     [0m] [1mSAP OData Connector logging configured[0m [[0m[1m[34mlogging_config[0m][0m [36mlog_file[0m=[35mlogs\sap_odata_connector_20250924_103824.log[0m [36mlog_level[0m=[35mINFO[0m [36mlog_to_file[0m=[35mTrue[0m
2025-09-24 10:38:25,048 - asyncio - DEBUG - __init__:634 - Using proactor: IocpProactor
2025-09-24 10:38:25,051 - connector - INFO - initialize:99 - [2m2025-09-24T05:08:25.051583Z[0m [[32m[1minfo     [0m] [1m🚀 Initializing SAP OData Connector[0m [[0m[1m[34mconnector[0m][0m
2025-09-24 10:38:25,053 - connector - INFO - initialize:110 - [2m2025-09-24T05:08:25.053315Z[0m [[32m[1minfo     [0m] [1m🔍 Step 1: Testing connection to OData service[0m [[0m[1m[34mconnector[0m][0m
2025-09-24 10:38:25,053 - connector - INFO - _test_connection:145 - [2m2025-09-24T05:08:25.053315Z[0m [[32m[1minfo     [0m] [1mTesting connection to OData service...[0m [[0m[1m[34mconnector[0m][0m
2025-09-24 10:38:25,435 - services.metadata - INFO - test_connection:64 - [2m2025-09-24T05:08:25.435052Z[0m [[32m[1minfo     [0m] [1mTesting connection to OData service[0m [[0m[1m[34mservices.metadata[0m][0m [36murl[0m=[35mhttps://services.odata.org/V4/Northwind/Northwind.svc/$metadata[0m
2025-09-24 10:38:25,442 - httpcore.connection - DEBUG - atrace:87 - connect_tcp.started host='services.odata.org' port=443 local_address=None timeout=10.0 socket_options=None
2025-09-24 10:38:25,937 - httpcore.connection - DEBUG - atrace:87 - connect_tcp.complete return_value=<httpcore._backends.anyio.AnyIOStream object at 0x00000266D30C79E0>
2025-09-24 10:38:25,937 - httpcore.connection - DEBUG - atrace:87 - start_tls.started ssl_context=<ssl.SSLContext object at 0x00000266D32649D0> server_hostname='services.odata.org' timeout=10.0
2025-09-24 10:38:26,430 - httpcore.connection - DEBUG - atrace:87 - start_tls.complete return_value=<httpcore._backends.anyio.AnyIOStream object at 0x00000266D2FC2780>
2025-09-24 10:38:26,430 - httpcore.http11 - DEBUG - atrace:87 - send_request_headers.started request=<Request [b'GET']>
2025-09-24 10:38:26,430 - httpcore.http11 - DEBUG - atrace:87 - send_request_headers.complete
2025-09-24 10:38:26,430 - httpcore.http11 - DEBUG - atrace:87 - send_request_body.started request=<Request [b'GET']>
2025-09-24 10:38:26,430 - httpcore.http11 - DEBUG - atrace:87 - send_request_body.complete
2025-09-24 10:38:26,430 - httpcore.http11 - DEBUG - atrace:87 - receive_response_headers.started request=<Request [b'GET']>
2025-09-24 10:38:26,689 - httpcore.http11 - DEBUG - atrace:87 - receive_response_headers.complete return_value=(b'HTTP/1.1', 200, b'OK', [(b'Content-Length', b'19406'), (b'Content-Type', b'application/xml;charset=utf-8'), (b'Date', b'Wed, 24 Sep 2025 05:08:26 GMT'), (b'Server', b'Microsoft-IIS/10.0'), (b'Access-Control-Allow-Headers', b'Accept, Origin, Content-Type, MaxDataServiceVersion'), (b'Access-Control-Allow-Methods', b'GET'), (b'Access-Control-Allow-Origin', b'*'), (b'Access-Control-Expose-Headers', b'DataServiceVersion'), (b'Cache-Control', b'private'), (b'Expires', b'Wed, 24 Sep 2025 05:09:27 GMT'), (b'Vary', b'*'), (b'X-Content-Type-Options', b'nosniff'), (b'OData-Version', b'4.0;'), (b'X-AspNet-Version', b'4.0.30319'), (b'X-Powered-By', b'ASP.NET')])
2025-09-24 10:38:26,690 - httpx - INFO - _send_single_request:1740 - HTTP Request: GET https://services.odata.org/V4/Northwind/Northwind.svc/$metadata "HTTP/1.1 200 OK"
2025-09-24 10:38:26,690 - httpcore.http11 - DEBUG - atrace:87 - receive_response_body.started request=<Request [b'GET']>
2025-09-24 10:38:26,925 - httpcore.http11 - DEBUG - atrace:87 - receive_response_body.complete
2025-09-24 10:38:26,925 - httpcore.http11 - DEBUG - atrace:87 - response_closed.started
2025-09-24 10:38:26,926 - httpcore.http11 - DEBUG - atrace:87 - response_closed.complete
2025-09-24 10:38:26,926 - services.metadata - INFO - test_connection:80 - [2m2025-09-24T05:08:26.926272Z[0m [[32m[1minfo     [0m] [1m✅ Connection test successful  [0m [[0m[1m[34mservices.metadata[0m][0m [36mcontent_type[0m=[35m'application/xml;charset=utf-8'[0m [36mstatus_code[0m=[35m200[0m
2025-09-24 10:38:26,927 - connector - INFO - _test_connection:156 - [2m2025-09-24T05:08:26.927250Z[0m [[32m[1minfo     [0m] [1m✅ Connection test successful  [0m [[0m[1m[34mconnector[0m][0m
2025-09-24 10:38:26,927 - httpcore.connection - DEBUG - atrace:87 - close.started
2025-09-24 10:38:26,927 - httpcore.connection - DEBUG - atrace:87 - close.complete
2025-09-24 10:38:26,928 - connector - INFO - initialize:114 - [2m2025-09-24T05:08:26.927250Z[0m [[32m[1minfo     [0m] [1m📋 Step 2: Fetching metadata and creating Entity Relationship file[0m [[0m[1m[34mconnector[0m][0m
2025-09-24 10:38:26,928 - connector - INFO - _fetch_and_save_metadata:160 - [2m2025-09-24T05:08:26.928283Z[0m [[32m[1minfo     [0m] [1mFetching metadata from OData service...[0m [[0m[1m[34mconnector[0m][0m
2025-09-24 10:38:27,141 - services.metadata - INFO - fetch_metadata:116 - [2m2025-09-24T05:08:27.141425Z[0m [[32m[1minfo     [0m] [1mFetching metadata from OData service[0m [[0m[1m[34mservices.metadata[0m][0m [36murl[0m=[35mhttps://services.odata.org/V4/Northwind/Northwind.svc/$metadata[0m
2025-09-24 10:38:27,141 - httpcore.connection - DEBUG - atrace:87 - connect_tcp.started host='services.odata.org' port=443 local_address=None timeout=30 socket_options=None
2025-09-24 10:38:27,376 - httpcore.connection - DEBUG - atrace:87 - connect_tcp.complete return_value=<httpcore._backends.anyio.AnyIOStream object at 0x00000266D32CE420>
2025-09-24 10:38:27,376 - httpcore.connection - DEBUG - atrace:87 - start_tls.started ssl_context=<ssl.SSLContext object at 0x00000266D32D60D0> server_hostname='services.odata.org' timeout=30
2025-09-24 10:38:28,125 - httpcore.connection - DEBUG - atrace:87 - start_tls.complete return_value=<httpcore._backends.anyio.AnyIOStream object at 0x00000266D3163E60>
2025-09-24 10:38:28,126 - httpcore.http11 - DEBUG - atrace:87 - send_request_headers.started request=<Request [b'GET']>
2025-09-24 10:38:28,127 - httpcore.http11 - DEBUG - atrace:87 - send_request_headers.complete
2025-09-24 10:38:28,127 - httpcore.http11 - DEBUG - atrace:87 - send_request_body.started request=<Request [b'GET']>
2025-09-24 10:38:28,127 - httpcore.http11 - DEBUG - atrace:87 - send_request_body.complete
2025-09-24 10:38:28,127 - httpcore.http11 - DEBUG - atrace:87 - receive_response_headers.started request=<Request [b'GET']>
2025-09-24 10:38:29,139 - httpcore.http11 - DEBUG - atrace:87 - receive_response_headers.complete return_value=(b'HTTP/1.1', 200, b'OK', [(b'Content-Length', b'19406'), (b'Content-Type', b'application/xml;charset=utf-8'), (b'Date', b'Wed, 24 Sep 2025 05:08:29 GMT'), (b'Server', b'Microsoft-IIS/10.0'), (b'Access-Control-Allow-Headers', b'Accept, Origin, Content-Type, MaxDataServiceVersion'), (b'Access-Control-Allow-Methods', b'GET'), (b'Access-Control-Allow-Origin', b'*'), (b'Access-Control-Expose-Headers', b'DataServiceVersion'), (b'Cache-Control', b'private'), (b'Expires', b'Wed, 24 Sep 2025 05:09:27 GMT'), (b'Vary', b'*'), (b'X-Content-Type-Options', b'nosniff'), (b'OData-Version', b'4.0;'), (b'X-AspNet-Version', b'4.0.30319'), (b'X-Powered-By', b'ASP.NET')])
2025-09-24 10:38:29,139 - httpx - INFO - _send_single_request:1740 - HTTP Request: GET https://services.odata.org/V4/Northwind/Northwind.svc/$metadata "HTTP/1.1 200 OK"
2025-09-24 10:38:29,140 - httpcore.http11 - DEBUG - atrace:87 - receive_response_body.started request=<Request [b'GET']>
2025-09-24 10:38:29,369 - httpcore.http11 - DEBUG - atrace:87 - receive_response_body.complete
2025-09-24 10:38:29,369 - httpcore.http11 - DEBUG - atrace:87 - response_closed.started
2025-09-24 10:38:29,369 - httpcore.http11 - DEBUG - atrace:87 - response_closed.complete
2025-09-24 10:38:29,371 - services.metadata - INFO - fetch_metadata:134 - [2m2025-09-24T05:08:29.371752Z[0m [[32m[1minfo     [0m] [1mSuccessfully parsed metadata  [0m [[0m[1m[34mservices.metadata[0m][0m [36mentity_count[0m=[35m26[0m
2025-09-24 10:38:29,372 - services.metadata - INFO - save_entity_relationship_file:298 - [2m2025-09-24T05:08:29.371752Z[0m [[32m[1minfo     [0m] [1mSaving Entity Relationship file[0m [[0m[1m[34mservices.metadata[0m][0m [36moutput_dir[0m=[35m./test_output[0m
2025-09-24 10:38:29,375 - services.metadata - INFO - save_entity_relationship_file:339 - [2m2025-09-24T05:08:29.374669Z[0m [[32m[1minfo     [0m] [1m✅ Entity Relationship file saved successfully[0m [[0m[1m[34mservices.metadata[0m][0m [36mentities[0m=[35m26[0m [36mfile_path[0m=[35mtest_output\entity_relationships.json[0m [36mfile_size_kb[0m=[35m31.35[0m
2025-09-24 10:38:29,376 - connector - INFO - _fetch_and_save_metadata:171 - [2m2025-09-24T05:08:29.375652Z[0m [[32m[1minfo     [0m] [1m✅ Metadata fetched and Entity Relationship file saved[0m [[0m[1m[34mconnector[0m][0m [36mentities_count[0m=[35m26[0m [36mer_file[0m=[35mtest_output\entity_relationships.json[0m
2025-09-24 10:38:29,376 - httpcore.connection - DEBUG - atrace:87 - close.started
2025-09-24 10:38:29,377 - httpcore.connection - DEBUG - atrace:87 - close.complete
2025-09-24 10:38:29,377 - connector - INFO - initialize:124 - [2m2025-09-24T05:08:29.377571Z[0m [[32m[1minfo     [0m] [1m🔗 Step 3: Validating connection pool[0m [[0m[1m[34mconnector[0m][0m
2025-09-24 10:38:29,377 - workers.resilience - INFO - validate_connection:248 - [2m2025-09-24T05:08:29.377571Z[0m [[32m[1minfo     [0m] [1mValidating connection pool connectivity[0m [[0m[1m[34mworkers.resilience[0m][0m
2025-09-24 10:38:29,378 - workers.resilience - WARNING - get_client:307 - [2m2025-09-24T05:08:29.378584Z[0m [[33m[1mwarning  [0m] [1mHTTP/2 not available, falling back to HTTP/1.1[0m [[0m[1m[34mworkers.resilience[0m][0m [36merror[0m=[35m"Using http2=True, but the 'h2' package is not installed. Make sure to install httpx using `pip install httpx[http2]`."[0m
2025-09-24 10:38:29,588 - workers.resilience - INFO - get_client:320 - [2m2025-09-24T05:08:29.588627Z[0m [[32m[1minfo     [0m] [1m✅ HTTP connection pool created with HTTP/1.1[0m [[0m[1m[34mworkers.resilience[0m][0m [36mmax_connections[0m=[35m100[0m
2025-09-24 10:38:29,589 - httpcore.connection - DEBUG - atrace:87 - connect_tcp.started host='services.odata.org' port=443 local_address=None timeout=10.0 socket_options=None
2025-09-24 10:38:29,834 - httpcore.connection - DEBUG - atrace:87 - connect_tcp.complete return_value=<httpcore._backends.anyio.AnyIOStream object at 0x00000266D32CFC80>
2025-09-24 10:38:29,834 - httpcore.connection - DEBUG - atrace:87 - start_tls.started ssl_context=<ssl.SSLContext object at 0x00000266D32D6350> server_hostname='services.odata.org' timeout=10.0
2025-09-24 10:38:30,431 - httpcore.connection - DEBUG - atrace:87 - start_tls.complete return_value=<httpcore._backends.anyio.AnyIOStream object at 0x00000266D3294FE0>
2025-09-24 10:38:30,432 - httpcore.http11 - DEBUG - atrace:87 - send_request_headers.started request=<Request [b'GET']>
2025-09-24 10:38:30,433 - httpcore.http11 - DEBUG - atrace:87 - send_request_headers.complete
2025-09-24 10:38:30,433 - httpcore.http11 - DEBUG - atrace:87 - send_request_body.started request=<Request [b'GET']>
2025-09-24 10:38:30,433 - httpcore.http11 - DEBUG - atrace:87 - send_request_body.complete
2025-09-24 10:38:30,433 - httpcore.http11 - DEBUG - atrace:87 - receive_response_headers.started request=<Request [b'GET']>
2025-09-24 10:38:30,680 - httpcore.http11 - DEBUG - atrace:87 - receive_response_headers.complete return_value=(b'HTTP/1.1', 307, b'Temporary Redirect', [(b'Content-Length', b'1951'), (b'Content-Type', b'text/html; charset=UTF-8'), (b'Date', b'Wed, 24 Sep 2025 05:08:30 GMT'), (b'Server', b'Microsoft-IIS/10.0'), (b'Access-Control-Allow-Headers', b'Accept, Origin, Content-Type, MaxDataServiceVersion'), (b'Access-Control-Allow-Methods', b'GET'), (b'Access-Control-Allow-Origin', b'*'), (b'Access-Control-Expose-Headers', b'DataServiceVersion'), (b'Cache-Control', b'private'), (b'Location', b'https://services.odata.org/V4/Northwind/Northwind.svc/'), (b'X-AspNet-Version', b'4.0.30319'), (b'X-Powered-By', b'ASP.NET')])
2025-09-24 10:38:30,680 - httpx - INFO - _send_single_request:1740 - HTTP Request: GET https://services.odata.org/V4/Northwind/Northwind.svc "HTTP/1.1 307 Temporary Redirect"
2025-09-24 10:38:30,680 - httpcore.http11 - DEBUG - atrace:87 - receive_response_body.started request=<Request [b'GET']>
2025-09-24 10:38:30,680 - httpcore.http11 - DEBUG - atrace:87 - receive_response_body.complete
2025-09-24 10:38:30,681 - httpcore.http11 - DEBUG - atrace:87 - response_closed.started
2025-09-24 10:38:30,681 - httpcore.http11 - DEBUG - atrace:87 - response_closed.complete
2025-09-24 10:38:30,681 - workers.resilience - INFO - validate_connection:266 - [2m2025-09-24T05:08:30.681830Z[0m [[32m[1minfo     [0m] [1m✅ Connection pool validation successful[0m [[0m[1m[34mworkers.resilience[0m][0m [36mstatus_code[0m=[35m307[0m
2025-09-24 10:38:30,681 - connector - INFO - _validate_connection_pool:186 - [2m2025-09-24T05:08:30.681830Z[0m [[32m[1minfo     [0m] [1m✅ Connection pool validation successful[0m [[0m[1m[34mconnector[0m][0m
2025-09-24 10:38:30,683 - connector - INFO - initialize:137 - [2m2025-09-24T05:08:30.683864Z[0m [[32m[1minfo     [0m] [1m✅ Connector initialization completed successfully[0m [[0m[1m[34mconnector[0m][0m
