2025-09-24 10:40:15,325 - logging_config - INFO - setup_connector_logging:106 - [2m2025-09-24T05:10:15.325933Z[0m [[32m[1minfo     [0m] [1mSAP OData Connector logging configured[0m [[0m[1m[34mlogging_config[0m][0m [36mlog_file[0m=[35mlogs\sap_odata_connector_20250924_104015.log[0m [36mlog_level[0m=[35mINFO[0m [36mlog_to_file[0m=[35mTrue[0m
2025-09-24 10:40:15,932 - asyncio - DEBUG - __init__:634 - Using proactor: IocpProactor
2025-09-24 10:40:15,935 - connector - INFO - initialize:99 - [2m2025-09-24T05:10:15.935940Z[0m [[32m[1minfo     [0m] [1m🚀 Initializing SAP OData Connector[0m [[0m[1m[34mconnector[0m][0m
2025-09-24 10:40:15,937 - connector - INFO - initialize:110 - [2m2025-09-24T05:10:15.937507Z[0m [[32m[1minfo     [0m] [1m🔍 Step 1: Testing connection to OData service[0m [[0m[1m[34mconnector[0m][0m
2025-09-24 10:40:15,937 - connector - INFO - _test_connection:145 - [2m2025-09-24T05:10:15.937812Z[0m [[32m[1minfo     [0m] [1mTesting connection to OData service...[0m [[0m[1m[34mconnector[0m][0m
2025-09-24 10:40:16,225 - services.metadata - INFO - test_connection:64 - [2m2025-09-24T05:10:16.225701Z[0m [[32m[1minfo     [0m] [1mTesting connection to OData service[0m [[0m[1m[34mservices.metadata[0m][0m [36murl[0m=[35mhttps://services.odata.org/V4/Northwind/Northwind.svc/$metadata[0m
2025-09-24 10:40:16,229 - httpcore.connection - DEBUG - atrace:87 - connect_tcp.started host='services.odata.org' port=443 local_address=None timeout=10.0 socket_options=None
2025-09-24 10:40:16,516 - httpcore.connection - DEBUG - atrace:87 - connect_tcp.complete return_value=<httpcore._backends.anyio.AnyIOStream object at 0x000001DEA1692B40>
2025-09-24 10:40:16,516 - httpcore.connection - DEBUG - atrace:87 - start_tls.started ssl_context=<ssl.SSLContext object at 0x000001DEA1694AD0> server_hostname='services.odata.org' timeout=10.0
2025-09-24 10:40:17,002 - httpcore.connection - DEBUG - atrace:87 - start_tls.complete return_value=<httpcore._backends.anyio.AnyIOStream object at 0x000001DEA1636030>
2025-09-24 10:40:17,002 - httpcore.http11 - DEBUG - atrace:87 - send_request_headers.started request=<Request [b'GET']>
2025-09-24 10:40:17,002 - httpcore.http11 - DEBUG - atrace:87 - send_request_headers.complete
2025-09-24 10:40:17,002 - httpcore.http11 - DEBUG - atrace:87 - send_request_body.started request=<Request [b'GET']>
2025-09-24 10:40:17,002 - httpcore.http11 - DEBUG - atrace:87 - send_request_body.complete
2025-09-24 10:40:17,002 - httpcore.http11 - DEBUG - atrace:87 - receive_response_headers.started request=<Request [b'GET']>
2025-09-24 10:40:17,253 - httpcore.http11 - DEBUG - atrace:87 - receive_response_headers.complete return_value=(b'HTTP/1.1', 200, b'OK', [(b'Content-Length', b'19406'), (b'Content-Type', b'application/xml;charset=utf-8'), (b'Date', b'Wed, 24 Sep 2025 05:10:17 GMT'), (b'Server', b'Microsoft-IIS/10.0'), (b'Access-Control-Allow-Headers', b'Accept, Origin, Content-Type, MaxDataServiceVersion'), (b'Access-Control-Allow-Methods', b'GET'), (b'Access-Control-Allow-Origin', b'*'), (b'Access-Control-Expose-Headers', b'DataServiceVersion'), (b'Cache-Control', b'private'), (b'Expires', b'Wed, 24 Sep 2025 05:11:17 GMT'), (b'Vary', b'*'), (b'X-Content-Type-Options', b'nosniff'), (b'OData-Version', b'4.0;'), (b'X-AspNet-Version', b'4.0.30319'), (b'X-Powered-By', b'ASP.NET')])
2025-09-24 10:40:17,254 - httpx - INFO - _send_single_request:1740 - HTTP Request: GET https://services.odata.org/V4/Northwind/Northwind.svc/$metadata "HTTP/1.1 200 OK"
2025-09-24 10:40:17,254 - httpcore.http11 - DEBUG - atrace:87 - receive_response_body.started request=<Request [b'GET']>
2025-09-24 10:40:17,484 - httpcore.http11 - DEBUG - atrace:87 - receive_response_body.complete
2025-09-24 10:40:17,484 - httpcore.http11 - DEBUG - atrace:87 - response_closed.started
2025-09-24 10:40:17,484 - httpcore.http11 - DEBUG - atrace:87 - response_closed.complete
2025-09-24 10:40:17,485 - services.metadata - INFO - test_connection:80 - [2m2025-09-24T05:10:17.485371Z[0m [[32m[1minfo     [0m] [1m✅ Connection test successful  [0m [[0m[1m[34mservices.metadata[0m][0m [36mcontent_type[0m=[35m'application/xml;charset=utf-8'[0m [36mstatus_code[0m=[35m200[0m
2025-09-24 10:40:17,485 - connector - INFO - _test_connection:156 - [2m2025-09-24T05:10:17.485371Z[0m [[32m[1minfo     [0m] [1m✅ Connection test successful  [0m [[0m[1m[34mconnector[0m][0m
2025-09-24 10:40:17,487 - httpcore.connection - DEBUG - atrace:87 - close.started
2025-09-24 10:40:17,487 - httpcore.connection - DEBUG - atrace:87 - close.complete
2025-09-24 10:40:17,487 - connector - INFO - initialize:114 - [2m2025-09-24T05:10:17.487528Z[0m [[32m[1minfo     [0m] [1m📋 Step 2: Fetching metadata and creating Entity Relationship file[0m [[0m[1m[34mconnector[0m][0m
2025-09-24 10:40:17,487 - connector - INFO - _fetch_and_save_metadata:160 - [2m2025-09-24T05:10:17.487528Z[0m [[32m[1minfo     [0m] [1mFetching metadata from OData service...[0m [[0m[1m[34mconnector[0m][0m
2025-09-24 10:40:17,702 - services.metadata - INFO - fetch_metadata:116 - [2m2025-09-24T05:10:17.702006Z[0m [[32m[1minfo     [0m] [1mFetching metadata from OData service[0m [[0m[1m[34mservices.metadata[0m][0m [36murl[0m=[35mhttps://services.odata.org/V4/Northwind/Northwind.svc/$metadata[0m
2025-09-24 10:40:17,702 - httpcore.connection - DEBUG - atrace:87 - connect_tcp.started host='services.odata.org' port=443 local_address=None timeout=30 socket_options=None
2025-09-24 10:40:17,937 - httpcore.connection - DEBUG - atrace:87 - connect_tcp.complete return_value=<httpcore._backends.anyio.AnyIOStream object at 0x000001DEA16FE4B0>
2025-09-24 10:40:17,937 - httpcore.connection - DEBUG - atrace:87 - start_tls.started ssl_context=<ssl.SSLContext object at 0x000001DEA17061D0> server_hostname='services.odata.org' timeout=30
2025-09-24 10:40:18,415 - httpcore.connection - DEBUG - atrace:87 - start_tls.complete return_value=<httpcore._backends.anyio.AnyIOStream object at 0x000001DEA16FE420>
2025-09-24 10:40:18,415 - httpcore.http11 - DEBUG - atrace:87 - send_request_headers.started request=<Request [b'GET']>
2025-09-24 10:40:18,416 - httpcore.http11 - DEBUG - atrace:87 - send_request_headers.complete
2025-09-24 10:40:18,416 - httpcore.http11 - DEBUG - atrace:87 - send_request_body.started request=<Request [b'GET']>
2025-09-24 10:40:18,416 - httpcore.http11 - DEBUG - atrace:87 - send_request_body.complete
2025-09-24 10:40:18,416 - httpcore.http11 - DEBUG - atrace:87 - receive_response_headers.started request=<Request [b'GET']>
2025-09-24 10:40:18,958 - httpcore.http11 - DEBUG - atrace:87 - receive_response_headers.complete return_value=(b'HTTP/1.1', 200, b'OK', [(b'Content-Length', b'19406'), (b'Content-Type', b'application/xml;charset=utf-8'), (b'Date', b'Wed, 24 Sep 2025 05:10:19 GMT'), (b'Server', b'Microsoft-IIS/10.0'), (b'Access-Control-Allow-Headers', b'Accept, Origin, Content-Type, MaxDataServiceVersion'), (b'Access-Control-Allow-Methods', b'GET'), (b'Access-Control-Allow-Origin', b'*'), (b'Access-Control-Expose-Headers', b'DataServiceVersion'), (b'Cache-Control', b'private'), (b'Expires', b'Wed, 24 Sep 2025 05:11:17 GMT'), (b'Vary', b'*'), (b'X-Content-Type-Options', b'nosniff'), (b'OData-Version', b'4.0;'), (b'X-AspNet-Version', b'4.0.30319'), (b'X-Powered-By', b'ASP.NET')])
2025-09-24 10:40:18,958 - httpx - INFO - _send_single_request:1740 - HTTP Request: GET https://services.odata.org/V4/Northwind/Northwind.svc/$metadata "HTTP/1.1 200 OK"
2025-09-24 10:40:18,960 - httpcore.http11 - DEBUG - atrace:87 - receive_response_body.started request=<Request [b'GET']>
2025-09-24 10:40:19,195 - httpcore.http11 - DEBUG - atrace:87 - receive_response_body.complete
2025-09-24 10:40:19,195 - httpcore.http11 - DEBUG - atrace:87 - response_closed.started
2025-09-24 10:40:19,195 - httpcore.http11 - DEBUG - atrace:87 - response_closed.complete
2025-09-24 10:40:19,198 - services.metadata - INFO - fetch_metadata:134 - [2m2025-09-24T05:10:19.198574Z[0m [[32m[1minfo     [0m] [1mSuccessfully parsed metadata  [0m [[0m[1m[34mservices.metadata[0m][0m [36mentity_count[0m=[35m26[0m
2025-09-24 10:40:19,198 - services.metadata - INFO - save_entity_relationship_file:298 - [2m2025-09-24T05:10:19.198574Z[0m [[32m[1minfo     [0m] [1mSaving Entity Relationship file[0m [[0m[1m[34mservices.metadata[0m][0m [36moutput_dir[0m=[35m./test_output[0m
2025-09-24 10:40:19,205 - services.metadata - INFO - save_entity_relationship_file:339 - [2m2025-09-24T05:10:19.205208Z[0m [[32m[1minfo     [0m] [1m✅ Entity Relationship file saved successfully[0m [[0m[1m[34mservices.metadata[0m][0m [36mentities[0m=[35m26[0m [36mfile_path[0m=[35mtest_output\entity_relationships.json[0m [36mfile_size_kb[0m=[35m31.35[0m
2025-09-24 10:40:19,205 - connector - INFO - _fetch_and_save_metadata:171 - [2m2025-09-24T05:10:19.205208Z[0m [[32m[1minfo     [0m] [1m✅ Metadata fetched and Entity Relationship file saved[0m [[0m[1m[34mconnector[0m][0m [36mentities_count[0m=[35m26[0m [36mer_file[0m=[35mtest_output\entity_relationships.json[0m
2025-09-24 10:40:19,206 - httpcore.connection - DEBUG - atrace:87 - close.started
2025-09-24 10:40:19,206 - httpcore.connection - DEBUG - atrace:87 - close.complete
2025-09-24 10:40:19,207 - connector - INFO - initialize:124 - [2m2025-09-24T05:10:19.207215Z[0m [[32m[1minfo     [0m] [1m🔗 Step 3: Validating connection pool[0m [[0m[1m[34mconnector[0m][0m
2025-09-24 10:40:19,207 - workers.resilience - INFO - validate_connection:248 - [2m2025-09-24T05:10:19.207215Z[0m [[32m[1minfo     [0m] [1mValidating connection pool connectivity[0m [[0m[1m[34mworkers.resilience[0m][0m
2025-09-24 10:40:19,209 - workers.resilience - WARNING - get_client:307 - [2m2025-09-24T05:10:19.209214Z[0m [[33m[1mwarning  [0m] [1mHTTP/2 not available, falling back to HTTP/1.1[0m [[0m[1m[34mworkers.resilience[0m][0m [36merror[0m=[35m"Using http2=True, but the 'h2' package is not installed. Make sure to install httpx using `pip install httpx[http2]`."[0m
2025-09-24 10:40:19,442 - workers.resilience - INFO - get_client:320 - [2m2025-09-24T05:10:19.442669Z[0m [[32m[1minfo     [0m] [1m✅ HTTP connection pool created with HTTP/1.1[0m [[0m[1m[34mworkers.resilience[0m][0m [36mmax_connections[0m=[35m100[0m
2025-09-24 10:40:19,444 - httpcore.connection - DEBUG - atrace:87 - connect_tcp.started host='services.odata.org' port=443 local_address=None timeout=10.0 socket_options=None
2025-09-24 10:40:19,684 - httpcore.connection - DEBUG - atrace:87 - connect_tcp.complete return_value=<httpcore._backends.anyio.AnyIOStream object at 0x000001DEA16FFAA0>
2025-09-24 10:40:19,684 - httpcore.connection - DEBUG - atrace:87 - start_tls.started ssl_context=<ssl.SSLContext object at 0x000001DEA1706A50> server_hostname='services.odata.org' timeout=10.0
2025-09-24 10:40:20,207 - httpcore.connection - DEBUG - atrace:87 - start_tls.complete return_value=<httpcore._backends.anyio.AnyIOStream object at 0x000001DEA1634680>
2025-09-24 10:40:20,207 - httpcore.http11 - DEBUG - atrace:87 - send_request_headers.started request=<Request [b'GET']>
2025-09-24 10:40:20,207 - httpcore.http11 - DEBUG - atrace:87 - send_request_headers.complete
2025-09-24 10:40:20,207 - httpcore.http11 - DEBUG - atrace:87 - send_request_body.started request=<Request [b'GET']>
2025-09-24 10:40:20,207 - httpcore.http11 - DEBUG - atrace:87 - send_request_body.complete
2025-09-24 10:40:20,208 - httpcore.http11 - DEBUG - atrace:87 - receive_response_headers.started request=<Request [b'GET']>
2025-09-24 10:40:20,465 - httpcore.http11 - DEBUG - atrace:87 - receive_response_headers.complete return_value=(b'HTTP/1.1', 307, b'Temporary Redirect', [(b'Content-Length', b'1951'), (b'Content-Type', b'text/html; charset=UTF-8'), (b'Date', b'Wed, 24 Sep 2025 05:10:20 GMT'), (b'Server', b'Microsoft-IIS/10.0'), (b'Access-Control-Allow-Headers', b'Accept, Origin, Content-Type, MaxDataServiceVersion'), (b'Access-Control-Allow-Methods', b'GET'), (b'Access-Control-Allow-Origin', b'*'), (b'Access-Control-Expose-Headers', b'DataServiceVersion'), (b'Cache-Control', b'private'), (b'Location', b'https://services.odata.org/V4/Northwind/Northwind.svc/'), (b'X-AspNet-Version', b'4.0.30319'), (b'X-Powered-By', b'ASP.NET')])
2025-09-24 10:40:20,465 - httpx - INFO - _send_single_request:1740 - HTTP Request: GET https://services.odata.org/V4/Northwind/Northwind.svc "HTTP/1.1 307 Temporary Redirect"
2025-09-24 10:40:20,466 - httpcore.http11 - DEBUG - atrace:87 - receive_response_body.started request=<Request [b'GET']>
2025-09-24 10:40:20,466 - httpcore.http11 - DEBUG - atrace:87 - receive_response_body.complete
2025-09-24 10:40:20,467 - httpcore.http11 - DEBUG - atrace:87 - response_closed.started
2025-09-24 10:40:20,467 - httpcore.http11 - DEBUG - atrace:87 - response_closed.complete
2025-09-24 10:40:20,467 - workers.resilience - INFO - validate_connection:266 - [2m2025-09-24T05:10:20.467016Z[0m [[32m[1minfo     [0m] [1m✅ Connection pool validation successful[0m [[0m[1m[34mworkers.resilience[0m][0m [36mstatus_code[0m=[35m307[0m
2025-09-24 10:40:20,467 - connector - INFO - _validate_connection_pool:186 - [2m2025-09-24T05:10:20.467016Z[0m [[32m[1minfo     [0m] [1m✅ Connection pool validation successful[0m [[0m[1m[34mconnector[0m][0m
2025-09-24 10:40:20,468 - connector - INFO - initialize:137 - [2m2025-09-24T05:10:20.468029Z[0m [[32m[1minfo     [0m] [1m✅ Connector initialization completed successfully[0m [[0m[1m[34mconnector[0m][0m
2025-09-24 10:40:20,469 - connector - INFO - run:210 - [2m2025-09-24T05:10:20.469261Z[0m [[32m[1minfo     [0m] [1mStarting SAP OData connector execution[0m [[0m[1m[34mconnector[0m][0m
2025-09-24 10:40:20,469 - connector - INFO - _discovery_phase:266 - [2m2025-09-24T05:10:20.469261Z[0m [[32m[1minfo     [0m] [1mStarting discovery phase      [0m [[0m[1m[34mconnector[0m][0m
2025-09-24 10:40:20,698 - services.metadata - INFO - fetch_metadata:116 - [2m2025-09-24T05:10:20.698260Z[0m [[32m[1minfo     [0m] [1mFetching metadata from OData service[0m [[0m[1m[34mservices.metadata[0m][0m [36murl[0m=[35mhttps://services.odata.org/V4/Northwind/Northwind.svc/$metadata[0m
2025-09-24 10:40:20,699 - httpcore.connection - DEBUG - atrace:87 - connect_tcp.started host='services.odata.org' port=443 local_address=None timeout=30 socket_options=None
2025-09-24 10:40:21,037 - httpcore.connection - DEBUG - atrace:87 - connect_tcp.complete return_value=<httpcore._backends.anyio.AnyIOStream object at 0x000001DEA1A718B0>
2025-09-24 10:40:21,037 - httpcore.connection - DEBUG - atrace:87 - start_tls.started ssl_context=<ssl.SSLContext object at 0x000001DEA17062D0> server_hostname='services.odata.org' timeout=30
2025-09-24 10:40:21,556 - httpcore.connection - DEBUG - atrace:87 - start_tls.complete return_value=<httpcore._backends.anyio.AnyIOStream object at 0x000001DEA1A71820>
2025-09-24 10:40:21,556 - httpcore.http11 - DEBUG - atrace:87 - send_request_headers.started request=<Request [b'GET']>
2025-09-24 10:40:21,557 - httpcore.http11 - DEBUG - atrace:87 - send_request_headers.complete
2025-09-24 10:40:21,557 - httpcore.http11 - DEBUG - atrace:87 - send_request_body.started request=<Request [b'GET']>
2025-09-24 10:40:21,557 - httpcore.http11 - DEBUG - atrace:87 - send_request_body.complete
2025-09-24 10:40:21,557 - httpcore.http11 - DEBUG - atrace:87 - receive_response_headers.started request=<Request [b'GET']>
2025-09-24 10:40:21,844 - httpcore.http11 - DEBUG - atrace:87 - receive_response_headers.complete return_value=(b'HTTP/1.1', 200, b'OK', [(b'Content-Length', b'19406'), (b'Content-Type', b'application/xml;charset=utf-8'), (b'Date', b'Wed, 24 Sep 2025 05:10:22 GMT'), (b'Server', b'Microsoft-IIS/10.0'), (b'Access-Control-Allow-Headers', b'Accept, Origin, Content-Type, MaxDataServiceVersion'), (b'Access-Control-Allow-Methods', b'GET'), (b'Access-Control-Allow-Origin', b'*'), (b'Access-Control-Expose-Headers', b'DataServiceVersion'), (b'Cache-Control', b'private'), (b'Expires', b'Wed, 24 Sep 2025 05:11:17 GMT'), (b'Vary', b'*'), (b'X-Content-Type-Options', b'nosniff'), (b'OData-Version', b'4.0;'), (b'X-AspNet-Version', b'4.0.30319'), (b'X-Powered-By', b'ASP.NET')])
2025-09-24 10:40:21,845 - httpx - INFO - _send_single_request:1740 - HTTP Request: GET https://services.odata.org/V4/Northwind/Northwind.svc/$metadata "HTTP/1.1 200 OK"
2025-09-24 10:40:21,846 - httpcore.http11 - DEBUG - atrace:87 - receive_response_body.started request=<Request [b'GET']>
2025-09-24 10:40:22,066 - httpcore.http11 - DEBUG - atrace:87 - receive_response_body.complete
2025-09-24 10:40:22,066 - httpcore.http11 - DEBUG - atrace:87 - response_closed.started
2025-09-24 10:40:22,066 - httpcore.http11 - DEBUG - atrace:87 - response_closed.complete
2025-09-24 10:40:22,068 - services.metadata - INFO - fetch_metadata:134 - [2m2025-09-24T05:10:22.068471Z[0m [[32m[1minfo     [0m] [1mSuccessfully parsed metadata  [0m [[0m[1m[34mservices.metadata[0m][0m [36mentity_count[0m=[35m26[0m
2025-09-24 10:40:22,068 - httpcore.connection - DEBUG - atrace:87 - close.started
2025-09-24 10:40:22,068 - httpcore.connection - DEBUG - atrace:87 - close.complete
2025-09-24 10:40:22,069 - connector - INFO - _discovery_phase:287 - [2m2025-09-24T05:10:22.069478Z[0m [[32m[1minfo     [0m] [1mEntity selection determined   [0m [[0m[1m[34mconnector[0m][0m [36mconfig_selected_modules[0m=[35m['Invoices'][0m [36mentities[0m=[35m['Invoices'][0m [36mfinal_entity_count[0m=[35m1[0m [36mselected_entities_param[0m=[35mNone[0m
2025-09-24 10:40:22,284 - services.count - INFO - get_entity_counts:34 - [2m2025-09-24T05:10:22.284463Z[0m [[32m[1minfo     [0m] [1mFetching entity counts        [0m [[0m[1m[34mservices.count[0m][0m [36mentity_count[0m=[35m1[0m
2025-09-24 10:40:22,285 - httpcore.connection - DEBUG - atrace:87 - connect_tcp.started host='services.odata.org' port=443 local_address=None timeout=30 socket_options=None
2025-09-24 10:40:22,630 - httpcore.connection - DEBUG - atrace:87 - connect_tcp.complete return_value=<httpcore._backends.anyio.AnyIOStream object at 0x000001DEA1A73D70>
2025-09-24 10:40:22,630 - httpcore.connection - DEBUG - atrace:87 - start_tls.started ssl_context=<ssl.SSLContext object at 0x000001DEA1354750> server_hostname='services.odata.org' timeout=30
2025-09-24 10:40:23,349 - httpcore.connection - DEBUG - atrace:87 - start_tls.complete return_value=<httpcore._backends.anyio.AnyIOStream object at 0x000001DEA1A739B0>
2025-09-24 10:40:23,350 - httpcore.http11 - DEBUG - atrace:87 - send_request_headers.started request=<Request [b'GET']>
2025-09-24 10:40:23,350 - httpcore.http11 - DEBUG - atrace:87 - send_request_headers.complete
2025-09-24 10:40:23,350 - httpcore.http11 - DEBUG - atrace:87 - send_request_body.started request=<Request [b'GET']>
2025-09-24 10:40:23,350 - httpcore.http11 - DEBUG - atrace:87 - send_request_body.complete
2025-09-24 10:40:23,350 - httpcore.http11 - DEBUG - atrace:87 - receive_response_headers.started request=<Request [b'GET']>
2025-09-24 10:40:23,816 - httpcore.http11 - DEBUG - atrace:87 - receive_response_headers.complete return_value=(b'HTTP/1.1', 200, b'OK', [(b'Content-Length', b'542'), (b'Content-Type', b'application/json;odata.metadata=minimal;odata.streaming=true;IEEE754Compatible=false;charset=utf-8'), (b'Date', b'Wed, 24 Sep 2025 05:10:23 GMT'), (b'Server', b'Microsoft-IIS/10.0'), (b'Access-Control-Allow-Headers', b'Accept, Origin, Content-Type, MaxDataServiceVersion'), (b'Access-Control-Allow-Methods', b'GET'), (b'Access-Control-Allow-Origin', b'*'), (b'Access-Control-Expose-Headers', b'DataServiceVersion'), (b'Cache-Control', b'private'), (b'Content-Encoding', b'gzip'), (b'Expires', b'Wed, 24 Sep 2025 05:11:24 GMT'), (b'Vary', b'*'), (b'X-Content-Type-Options', b'nosniff'), (b'OData-Version', b'4.0;'), (b'X-AspNet-Version', b'4.0.30319'), (b'X-Powered-By', b'ASP.NET')])
2025-09-24 10:40:23,817 - httpx - INFO - _send_single_request:1740 - HTTP Request: GET https://services.odata.org/V4/Northwind/Northwind.svc/Invoices?%24count=true&%24top=1 "HTTP/1.1 200 OK"
2025-09-24 10:40:23,817 - httpcore.http11 - DEBUG - atrace:87 - receive_response_body.started request=<Request [b'GET']>
2025-09-24 10:40:23,817 - httpcore.http11 - DEBUG - atrace:87 - receive_response_body.complete
2025-09-24 10:40:23,817 - httpcore.http11 - DEBUG - atrace:87 - response_closed.started
2025-09-24 10:40:23,817 - httpcore.http11 - DEBUG - atrace:87 - response_closed.complete
2025-09-24 10:40:23,818 - services.count - INFO - get_entity_counts:61 - [2m2025-09-24T05:10:23.818466Z[0m [[32m[1minfo     [0m] [1mSuccessfully retrieved entity counts[0m [[0m[1m[34mservices.count[0m][0m [36mcounts[0m=[35m{'Invoices': 2155}[0m
2025-09-24 10:40:23,818 - httpcore.connection - DEBUG - atrace:87 - close.started
2025-09-24 10:40:23,818 - httpcore.connection - DEBUG - atrace:87 - close.complete
2025-09-24 10:40:23,818 - connector - INFO - _discovery_phase:297 - [2m2025-09-24T05:10:23.818466Z[0m [[32m[1minfo     [0m] [1m📋 Endpoints to be processed:  [0m [[0m[1m[34mconnector[0m][0m
2025-09-24 10:40:23,819 - connector - INFO - _discovery_phase:303 - [2m2025-09-24T05:10:23.819471Z[0m [[32m[1minfo     [0m] [1m  🔗 Invoices: https://services.odata.org/V4/Northwind/Northwind.svc/Invoices (Expected records: 2155)[0m [[0m[1m[34mconnector[0m][0m
2025-09-24 10:40:23,819 - connector - INFO - _discovery_phase:305 - [2m2025-09-24T05:10:23.819471Z[0m [[32m[1minfo     [0m] [1m📊 Total expected records across all entities: 2155[0m [[0m[1m[34mconnector[0m][0m
2025-09-24 10:40:23,820 - planning.graph_builder - INFO - add_entities:32 - [2m2025-09-24T05:10:23.819471Z[0m [[32m[1minfo     [0m] [1mAdded entities to graph       [0m [[0m[1m[34mplanning.graph_builder[0m][0m [36mentity_count[0m=[35m1[0m
2025-09-24 10:40:23,820 - planning.graph_builder - INFO - add_relationships:54 - [2m2025-09-24T05:10:23.820478Z[0m [[32m[1minfo     [0m] [1mAdded relationships to graph  [0m [[0m[1m[34mplanning.graph_builder[0m][0m [36mrelationship_count[0m=[35m0[0m
2025-09-24 10:40:23,821 - planning.graph_builder - INFO - get_processing_order:72 - [2m2025-09-24T05:10:23.821475Z[0m [[32m[1minfo     [0m] [1mGenerated processing order    [0m [[0m[1m[34mplanning.graph_builder[0m][0m [36mlevels[0m=[35m1[0m [36mtotal_entities[0m=[35m1[0m
2025-09-24 10:40:23,821 - planning.plan_generator - INFO - create_execution_plan:142 - [2m2025-09-24T05:10:23.821475Z[0m [[32m[1minfo     [0m] [1mCreating execution plan       [0m [[0m[1m[34mplanning.plan_generator[0m][0m [36mselected_entities[0m=[35m1[0m [36mtotal_entities[0m=[35m1[0m
2025-09-24 10:40:23,821 - planning.record_tracker - INFO - register_entity:81 - [2m2025-09-24T05:10:23.821475Z[0m [[32m[1minfo     [0m] [1mEntity registered for tracking[0m [[0m[1m[34mplanning.record_tracker[0m][0m [36mentity[0m=[35mInvoices[0m [36mtarget_records[0m=[35m2155[0m
2025-09-24 10:40:23,822 - planning.plan_generator - INFO - create_execution_plan:203 - [2m2025-09-24T05:10:23.822471Z[0m [[32m[1minfo     [0m] [1mExecution plan created        [0m [[0m[1m[34mplanning.plan_generator[0m][0m [36mplanned_entities[0m=[35m1[0m [36mtotal_commands[0m=[35m5[0m
2025-09-24 10:40:23,822 - connector - INFO - _discovery_phase:318 - [2m2025-09-24T05:10:23.822471Z[0m [[32m[1minfo     [0m] [1mDiscovery phase completed     [0m [[0m[1m[34mconnector[0m][0m [36mentities[0m=[35m1[0m [36mprocessing_levels[0m=[35m1[0m [36mtotal_records[0m=[35m2155[0m
2025-09-24 10:40:23,822 - connector - INFO - _discovery_phase:324 - [2m2025-09-24T05:10:23.822471Z[0m [[32m[1minfo     [0m] [1m📋 Execution plan summary:     [0m [[0m[1m[34mconnector[0m][0m
2025-09-24 10:40:23,823 - connector - INFO - _discovery_phase:327 - [2m2025-09-24T05:10:23.823475Z[0m [[32m[1minfo     [0m] [1m  Level 1: 1 entities, 2155 records[0m [[0m[1m[34mconnector[0m][0m
2025-09-24 10:40:23,823 - connector - INFO - _discovery_phase:330 - [2m2025-09-24T05:10:23.823475Z[0m [[32m[1minfo     [0m] [1m    - Invoices: 2155 records  [0m [[0m[1m[34mconnector[0m][0m
2025-09-24 10:40:23,823 - connector - INFO - _execution_phase:334 - [2m2025-09-24T05:10:23.823475Z[0m [[32m[1minfo     [0m] [1mStarting execution phase      [0m [[0m[1m[34mconnector[0m][0m
2025-09-24 10:40:23,823 - workers.proxy_pool - INFO - start:370 - [2m2025-09-24T05:10:23.823475Z[0m [[32m[1minfo     [0m] [1mStarting proxy pool           [0m [[0m[1m[34mworkers.proxy_pool[0m][0m [36mmax_workers[0m=[35m3[0m
2025-09-24 10:40:23,824 - workers.proxy_pool - INFO - start:390 - [2m2025-09-24T05:10:23.824473Z[0m [[32m[1minfo     [0m] [1mProxy pool started successfully[0m [[0m[1m[34mworkers.proxy_pool[0m][0m
2025-09-24 10:40:23,824 - planning.plan_generator - INFO - get_initial_commands:236 - [2m2025-09-24T05:10:23.824473Z[0m [[32m[1minfo     [0m] [1mGenerated initial commands    [0m [[0m[1m[34mplanning.plan_generator[0m][0m [36mcommand_count[0m=[35m3[0m
2025-09-24 10:40:23,824 - workers.proxy_pool - INFO - add_commands:431 - [2m2025-09-24T05:10:23.824473Z[0m [[32m[1minfo     [0m] [1mCommands added to queue       [0m [[0m[1m[34mworkers.proxy_pool[0m][0m [36mcount[0m=[35m3[0m
2025-09-24 10:40:23,824 - connector - INFO - _monitor_execution:353 - [2m2025-09-24T05:10:23.824473Z[0m [[32m[1minfo     [0m] [1m🔍 Starting execution monitoring[0m [[0m[1m[34mconnector[0m][0m
2025-09-24 10:40:23,825 - connector - INFO - _monitor_execution:392 - [2m2025-09-24T05:10:23.825471Z[0m [[32m[1minfo     [0m] [1m📊 Execution progress          [0m [[0m[1m[34mconnector[0m][0m [36mactive_workers[0m=[35m0[0m [36mcommands_executed[0m=[35m0[0m [36mqueue_size[0m=[35m3[0m [36mrecords_processed[0m=[35m0[0m
2025-09-24 10:40:23,825 - workers.proxy_pool - INFO - _worker_loop:437 - [2m2025-09-24T05:10:23.825471Z[0m [[32m[1minfo     [0m] [1m🟢 Worker started and ready for commands[0m [[0m[1m[34mworkers.proxy_pool[0m][0m [36mworker_id[0m=[35mworker_0[0m [36mworker_status[0m=[35mACTIVE[0m
2025-09-24 10:40:23,825 - workers.proxy_pool - INFO - _worker_loop:460 - [2m2025-09-24T05:10:23.825471Z[0m [[32m[1minfo     [0m] [1m📋 Worker picked up command from queue[0m [[0m[1m[34mworkers.proxy_pool[0m][0m [36mcommand_id[0m=[35mInvoices_page_1[0m [36mentity[0m=[35mInvoices[0m [36mqueue_size_after_pickup[0m=[35m2[0m [36mworker_id[0m=[35mworker_0[0m [36mworker_status[0m=[35mPROCESSING[0m
2025-09-24 10:40:23,826 - workers.proxy_pool - INFO - execute:59 - [2m2025-09-24T05:10:23.825471Z[0m [[32m[1minfo     [0m] [1m🚀 Worker starting command execution[0m [[0m[1m[34mworkers.proxy_pool[0m][0m [36mcommand_id[0m=[35mInvoices_page_1[0m [36mcommand_type[0m=[35mfetch_page[0m [36mentity[0m=[35mInvoices[0m [36mpriority[0m=[35m1[0m [36mretry_count[0m=[35m0[0m [36mskip[0m=[35m0[0m [36mtop[0m=[35m500[0m [36mworker_id[0m=[35mworker_0[0m
2025-09-24 10:40:23,826 - workers.proxy_pool - INFO - execute:82 - [2m2025-09-24T05:10:23.826473Z[0m [[32m[1minfo     [0m] [1m🔄 Worker executing request with resilience patterns[0m [[0m[1m[34mworkers.proxy_pool[0m][0m [36mcircuit_breaker_state[0m=[35mclosed[0m [36mcommand_id[0m=[35mInvoices_page_1[0m [36mworker_id[0m=[35mworker_0[0m
2025-09-24 10:40:23,826 - workers.proxy_pool - INFO - _worker_loop:437 - [2m2025-09-24T05:10:23.826473Z[0m [[32m[1minfo     [0m] [1m🟢 Worker started and ready for commands[0m [[0m[1m[34mworkers.proxy_pool[0m][0m [36mworker_id[0m=[35mworker_1[0m [36mworker_status[0m=[35mACTIVE[0m
2025-09-24 10:40:23,827 - workers.proxy_pool - INFO - _worker_loop:460 - [2m2025-09-24T05:10:23.827472Z[0m [[32m[1minfo     [0m] [1m📋 Worker picked up command from queue[0m [[0m[1m[34mworkers.proxy_pool[0m][0m [36mcommand_id[0m=[35mInvoices_page_2[0m [36mentity[0m=[35mInvoices[0m [36mqueue_size_after_pickup[0m=[35m1[0m [36mworker_id[0m=[35mworker_1[0m [36mworker_status[0m=[35mPROCESSING[0m
2025-09-24 10:40:23,827 - workers.proxy_pool - INFO - execute:59 - [2m2025-09-24T05:10:23.827472Z[0m [[32m[1minfo     [0m] [1m🚀 Worker starting command execution[0m [[0m[1m[34mworkers.proxy_pool[0m][0m [36mcommand_id[0m=[35mInvoices_page_2[0m [36mcommand_type[0m=[35mfetch_page[0m [36mentity[0m=[35mInvoices[0m [36mpriority[0m=[35m1[0m [36mretry_count[0m=[35m0[0m [36mskip[0m=[35m500[0m [36mtop[0m=[35m500[0m [36mworker_id[0m=[35mworker_1[0m
2025-09-24 10:40:23,828 - workers.proxy_pool - INFO - execute:82 - [2m2025-09-24T05:10:23.828483Z[0m [[32m[1minfo     [0m] [1m🔄 Worker executing request with resilience patterns[0m [[0m[1m[34mworkers.proxy_pool[0m][0m [36mcircuit_breaker_state[0m=[35mclosed[0m [36mcommand_id[0m=[35mInvoices_page_2[0m [36mworker_id[0m=[35mworker_1[0m
2025-09-24 10:40:23,828 - workers.proxy_pool - INFO - _worker_loop:437 - [2m2025-09-24T05:10:23.828483Z[0m [[32m[1minfo     [0m] [1m🟢 Worker started and ready for commands[0m [[0m[1m[34mworkers.proxy_pool[0m][0m [36mworker_id[0m=[35mworker_2[0m [36mworker_status[0m=[35mACTIVE[0m
2025-09-24 10:40:23,829 - workers.proxy_pool - INFO - _worker_loop:460 - [2m2025-09-24T05:10:23.829753Z[0m [[32m[1minfo     [0m] [1m📋 Worker picked up command from queue[0m [[0m[1m[34mworkers.proxy_pool[0m][0m [36mcommand_id[0m=[35mInvoices_page_3[0m [36mentity[0m=[35mInvoices[0m [36mqueue_size_after_pickup[0m=[35m0[0m [36mworker_id[0m=[35mworker_2[0m [36mworker_status[0m=[35mPROCESSING[0m
2025-09-24 10:40:23,829 - workers.proxy_pool - INFO - execute:59 - [2m2025-09-24T05:10:23.829753Z[0m [[32m[1minfo     [0m] [1m🚀 Worker starting command execution[0m [[0m[1m[34mworkers.proxy_pool[0m][0m [36mcommand_id[0m=[35mInvoices_page_3[0m [36mcommand_type[0m=[35mfetch_page[0m [36mentity[0m=[35mInvoices[0m [36mpriority[0m=[35m1[0m [36mretry_count[0m=[35m0[0m [36mskip[0m=[35m1000[0m [36mtop[0m=[35m500[0m [36mworker_id[0m=[35mworker_2[0m
2025-09-24 10:40:23,830 - workers.proxy_pool - INFO - execute:82 - [2m2025-09-24T05:10:23.830850Z[0m [[32m[1minfo     [0m] [1m🔄 Worker executing request with resilience patterns[0m [[0m[1m[34mworkers.proxy_pool[0m][0m [36mcircuit_breaker_state[0m=[35mclosed[0m [36mcommand_id[0m=[35mInvoices_page_3[0m [36mworker_id[0m=[35mworker_2[0m
2025-09-24 10:40:23,831 - httpcore.http11 - DEBUG - atrace:87 - send_request_headers.started request=<Request [b'GET']>
2025-09-24 10:40:23,831 - httpcore.http11 - DEBUG - atrace:87 - send_request_headers.complete
2025-09-24 10:40:23,831 - httpcore.http11 - DEBUG - atrace:87 - send_request_body.started request=<Request [b'GET']>
2025-09-24 10:40:23,831 - httpcore.http11 - DEBUG - atrace:87 - send_request_body.complete
2025-09-24 10:40:23,831 - httpcore.http11 - DEBUG - atrace:87 - receive_response_headers.started request=<Request [b'GET']>
2025-09-24 10:40:23,831 - httpcore.connection - DEBUG - atrace:87 - connect_tcp.started host='services.odata.org' port=443 local_address=None timeout=30 socket_options=None
2025-09-24 10:40:23,831 - httpcore.connection - DEBUG - atrace:87 - connect_tcp.started host='services.odata.org' port=443 local_address=None timeout=30 socket_options=None
2025-09-24 10:40:24,069 - httpcore.connection - DEBUG - atrace:87 - connect_tcp.complete return_value=<httpcore._backends.anyio.AnyIOStream object at 0x000001DEA1AA8950>
2025-09-24 10:40:24,069 - httpcore.connection - DEBUG - atrace:87 - start_tls.started ssl_context=<ssl.SSLContext object at 0x000001DEA1706A50> server_hostname='services.odata.org' timeout=30
2025-09-24 10:40:24,069 - httpcore.connection - DEBUG - atrace:87 - connect_tcp.complete return_value=<httpcore._backends.anyio.AnyIOStream object at 0x000001DEA1AA8B90>
2025-09-24 10:40:24,069 - httpcore.connection - DEBUG - atrace:87 - start_tls.started ssl_context=<ssl.SSLContext object at 0x000001DEA1706A50> server_hostname='services.odata.org' timeout=30
2025-09-24 10:40:24,249 - httpcore.http11 - DEBUG - atrace:87 - receive_response_headers.complete return_value=(b'HTTP/1.1', 200, b'OK', [(b'Content-Length', b'37811'), (b'Content-Type', b'application/json;odata.metadata=minimal;odata.streaming=true;IEEE754Compatible=false;charset=utf-8'), (b'Date', b'Wed, 24 Sep 2025 05:10:24 GMT'), (b'Server', b'Microsoft-IIS/10.0'), (b'Access-Control-Allow-Headers', b'Accept, Origin, Content-Type, MaxDataServiceVersion'), (b'Access-Control-Allow-Methods', b'GET'), (b'Access-Control-Allow-Origin', b'*'), (b'Access-Control-Expose-Headers', b'DataServiceVersion'), (b'Cache-Control', b'private'), (b'Content-Encoding', b'gzip'), (b'Expires', b'Wed, 24 Sep 2025 05:11:24 GMT'), (b'Vary', b'*'), (b'X-Content-Type-Options', b'nosniff'), (b'OData-Version', b'4.0;'), (b'X-AspNet-Version', b'4.0.30319'), (b'X-Powered-By', b'ASP.NET')])
2025-09-24 10:40:24,249 - httpx - INFO - _send_single_request:1740 - HTTP Request: GET https://services.odata.org/V4/Northwind/Northwind.svc/Invoices?%24skip=0&%24top=500 "HTTP/1.1 200 OK"
2025-09-24 10:40:24,250 - httpcore.http11 - DEBUG - atrace:87 - receive_response_body.started request=<Request [b'GET']>
2025-09-24 10:40:24,520 - httpcore.http11 - DEBUG - atrace:87 - receive_response_body.complete
2025-09-24 10:40:24,520 - httpcore.http11 - DEBUG - atrace:87 - response_closed.started
2025-09-24 10:40:24,520 - httpcore.http11 - DEBUG - atrace:87 - response_closed.complete
2025-09-24 10:40:24,522 - workers.proxy_pool - INFO - _make_http_request:250 - [2m2025-09-24T05:10:24.522932Z[0m [[32m[1minfo     [0m] [1m📊 Worker successfully fetched data[0m [[0m[1m[34mworkers.proxy_pool[0m][0m [36mactual_records_added[0m=[35m500[0m [36mcommand_id[0m=[35mInvoices_page_1[0m [36mentity[0m=[35mInvoices[0m [36mentity_total_fetched[0m=[35m500[0m [36mglobal_total_fetched[0m=[35m500[0m [36mhas_next_page[0m=[35mFalse[0m [36mrecords_in_response[0m=[35m500[0m [36mworker_id[0m=[35mworker_0[0m
2025-09-24 10:40:24,523 - workers.proxy_pool - INFO - execute:110 - [2m2025-09-24T05:10:24.523614Z[0m [[32m[1minfo     [0m] [1m✅ Worker completed command successfully[0m [[0m[1m[34mworkers.proxy_pool[0m][0m [36mcommand_id[0m=[35mInvoices_page_1[0m [36mentity[0m=[35mInvoices[0m [36mexecution_time_seconds[0m=[35m0.69[0m [36mhas_next_page[0m=[35mFalse[0m [36mrecords_fetched[0m=[35m500[0m [36mworker_id[0m=[35mworker_0[0m
2025-09-24 10:40:24,524 - storage.transformer - INFO - transform_odata_response:62 - [2m2025-09-24T05:10:24.524190Z[0m [[32m[1minfo     [0m] [1mStarting transformation       [0m [[0m[1m[34mstorage.transformer[0m][0m [36mentity_name[0m=[35mInvoices[0m [36mresponse_keys[0m=[35m['@odata.context', 'value'][0m
2025-09-24 10:40:24,536 - storage.transformer - INFO - transform_odata_response:101 - [2m2025-09-24T05:10:24.536288Z[0m [[32m[1minfo     [0m] [1mTransformation completed      [0m [[0m[1m[34mstorage.transformer[0m][0m [36mentity_name[0m=[35mInvoices[0m [36minput_records[0m=[35m500[0m [36moutput_records[0m=[35m500[0m [36mtransformation_time_seconds[0m=[35m0.0[0m
2025-09-24 10:40:24,537 - storage.local_storage - INFO - store_processed_records:145 - [2m2025-09-24T05:10:24.536288Z[0m [[32m[1minfo     [0m] [1mStoring processed records     [0m [[0m[1m[34mstorage.local_storage[0m][0m [36mentity_name[0m=[35mInvoices[0m [36mformat[0m=[35mjson[0m [36mrecord_count[0m=[35m500[0m
2025-09-24 10:40:24,539 - storage.local_storage - INFO - store_processed_records:160 - [2m2025-09-24T05:10:24.539696Z[0m [[32m[1minfo     [0m] [1mSuccessfully stored processed records[0m [[0m[1m[34mstorage.local_storage[0m][0m [36mentity_name[0m=[35mInvoices[0m [36mfile_path[0m=[35m./test_output/processed\Invoices_20250924_051024.json[0m [36mrecord_count[0m=[35m500[0m [36mstorage_time_seconds[0m=[35m0.015[0m
2025-09-24 10:40:24,542 - storage.local_storage - INFO - store_raw_response:89 - [2m2025-09-24T05:10:24.542203Z[0m [[32m[1minfo     [0m] [1mSuccessfully stored raw data  [0m [[0m[1m[34mstorage.local_storage[0m][0m [36mentity_name[0m=[35mInvoices[0m [36mfile_path[0m=[35m./test_output/raw\Invoices\2025/09/24\05\Invoices_page_1.json[0m [36msize_bytes[0m=[35m452615[0m [36mstorage_time_seconds[0m=[35m0.0[0m
2025-09-24 10:40:24,584 - httpcore.connection - DEBUG - atrace:87 - start_tls.complete return_value=<httpcore._backends.anyio.AnyIOStream object at 0x000001DEA16FDF70>
2025-09-24 10:40:24,584 - httpcore.connection - DEBUG - atrace:87 - start_tls.complete return_value=<httpcore._backends.anyio.AnyIOStream object at 0x000001DEA141B890>
2025-09-24 10:40:24,584 - httpcore.http11 - DEBUG - atrace:87 - send_request_headers.started request=<Request [b'GET']>
2025-09-24 10:40:24,584 - httpcore.http11 - DEBUG - atrace:87 - send_request_headers.started request=<Request [b'GET']>
2025-09-24 10:40:24,584 - httpcore.http11 - DEBUG - atrace:87 - send_request_headers.complete
2025-09-24 10:40:24,584 - httpcore.http11 - DEBUG - atrace:87 - send_request_body.started request=<Request [b'GET']>
2025-09-24 10:40:24,584 - httpcore.http11 - DEBUG - atrace:87 - send_request_body.complete
2025-09-24 10:40:24,584 - httpcore.http11 - DEBUG - atrace:87 - receive_response_headers.started request=<Request [b'GET']>
2025-09-24 10:40:24,584 - httpcore.http11 - DEBUG - atrace:87 - send_request_headers.complete
2025-09-24 10:40:24,584 - httpcore.http11 - DEBUG - atrace:87 - send_request_body.started request=<Request [b'GET']>
2025-09-24 10:40:24,584 - httpcore.http11 - DEBUG - atrace:87 - send_request_body.complete
2025-09-24 10:40:24,584 - httpcore.http11 - DEBUG - atrace:87 - receive_response_headers.started request=<Request [b'GET']>
2025-09-24 10:40:25,015 - httpcore.http11 - DEBUG - atrace:87 - receive_response_headers.complete return_value=(b'HTTP/1.1', 200, b'OK', [(b'Content-Length', b'39248'), (b'Content-Type', b'application/json;odata.metadata=minimal;odata.streaming=true;IEEE754Compatible=false;charset=utf-8'), (b'Date', b'Wed, 24 Sep 2025 05:10:25 GMT'), (b'Server', b'Microsoft-IIS/10.0'), (b'Access-Control-Allow-Headers', b'Accept, Origin, Content-Type, MaxDataServiceVersion'), (b'Access-Control-Allow-Methods', b'GET'), (b'Access-Control-Allow-Origin', b'*'), (b'Access-Control-Expose-Headers', b'DataServiceVersion'), (b'Cache-Control', b'private'), (b'Content-Encoding', b'gzip'), (b'Expires', b'Wed, 24 Sep 2025 05:11:25 GMT'), (b'Vary', b'*'), (b'X-Content-Type-Options', b'nosniff'), (b'OData-Version', b'4.0;'), (b'X-AspNet-Version', b'4.0.30319'), (b'X-Powered-By', b'ASP.NET')])
2025-09-24 10:40:25,016 - httpx - INFO - _send_single_request:1740 - HTTP Request: GET https://services.odata.org/V4/Northwind/Northwind.svc/Invoices?%24skip=1000&%24top=500 "HTTP/1.1 200 OK"
2025-09-24 10:40:25,016 - httpcore.http11 - DEBUG - atrace:87 - receive_response_body.started request=<Request [b'GET']>
2025-09-24 10:40:25,272 - httpcore.http11 - DEBUG - atrace:87 - receive_response_body.complete
2025-09-24 10:40:25,272 - httpcore.http11 - DEBUG - atrace:87 - response_closed.started
2025-09-24 10:40:25,272 - httpcore.http11 - DEBUG - atrace:87 - response_closed.complete
2025-09-24 10:40:25,274 - workers.proxy_pool - INFO - _make_http_request:250 - [2m2025-09-24T05:10:25.274492Z[0m [[32m[1minfo     [0m] [1m📊 Worker successfully fetched data[0m [[0m[1m[34mworkers.proxy_pool[0m][0m [36mactual_records_added[0m=[35m500[0m [36mcommand_id[0m=[35mInvoices_page_3[0m [36mentity[0m=[35mInvoices[0m [36mentity_total_fetched[0m=[35m1000[0m [36mglobal_total_fetched[0m=[35m1000[0m [36mhas_next_page[0m=[35mFalse[0m [36mrecords_in_response[0m=[35m500[0m [36mworker_id[0m=[35mworker_2[0m
2025-09-24 10:40:25,275 - workers.proxy_pool - INFO - execute:110 - [2m2025-09-24T05:10:25.275493Z[0m [[32m[1minfo     [0m] [1m✅ Worker completed command successfully[0m [[0m[1m[34mworkers.proxy_pool[0m][0m [36mcommand_id[0m=[35mInvoices_page_3[0m [36mentity[0m=[35mInvoices[0m [36mexecution_time_seconds[0m=[35m1.45[0m [36mhas_next_page[0m=[35mFalse[0m [36mrecords_fetched[0m=[35m500[0m [36mworker_id[0m=[35mworker_2[0m
2025-09-24 10:40:25,275 - storage.transformer - INFO - transform_odata_response:62 - [2m2025-09-24T05:10:25.275493Z[0m [[32m[1minfo     [0m] [1mStarting transformation       [0m [[0m[1m[34mstorage.transformer[0m][0m [36mentity_name[0m=[35mInvoices[0m [36mresponse_keys[0m=[35m['@odata.context', 'value'][0m
2025-09-24 10:40:25,284 - storage.transformer - INFO - transform_odata_response:101 - [2m2025-09-24T05:10:25.284939Z[0m [[32m[1minfo     [0m] [1mTransformation completed      [0m [[0m[1m[34mstorage.transformer[0m][0m [36mentity_name[0m=[35mInvoices[0m [36minput_records[0m=[35m500[0m [36moutput_records[0m=[35m500[0m [36mtransformation_time_seconds[0m=[35m0.0[0m
2025-09-24 10:40:25,285 - storage.local_storage - INFO - store_processed_records:145 - [2m2025-09-24T05:10:25.285933Z[0m [[32m[1minfo     [0m] [1mStoring processed records     [0m [[0m[1m[34mstorage.local_storage[0m][0m [36mentity_name[0m=[35mInvoices[0m [36mformat[0m=[35mjson[0m [36mrecord_count[0m=[35m500[0m
2025-09-24 10:40:25,288 - storage.local_storage - INFO - store_processed_records:160 - [2m2025-09-24T05:10:25.288452Z[0m [[32m[1minfo     [0m] [1mSuccessfully stored processed records[0m [[0m[1m[34mstorage.local_storage[0m][0m [36mentity_name[0m=[35mInvoices[0m [36mfile_path[0m=[35m./test_output/processed\Invoices_20250924_051025.json[0m [36mrecord_count[0m=[35m500[0m [36mstorage_time_seconds[0m=[35m0.0[0m
2025-09-24 10:40:25,290 - storage.local_storage - INFO - store_raw_response:89 - [2m2025-09-24T05:10:25.290446Z[0m [[32m[1minfo     [0m] [1mSuccessfully stored raw data  [0m [[0m[1m[34mstorage.local_storage[0m][0m [36mentity_name[0m=[35mInvoices[0m [36mfile_path[0m=[35m./test_output/raw\Invoices\2025/09/24\05\Invoices_page_3.json[0m [36msize_bytes[0m=[35m461990[0m [36mstorage_time_seconds[0m=[35m0.0[0m
2025-09-24 10:40:25,511 - httpcore.http11 - DEBUG - atrace:87 - receive_response_headers.complete return_value=(b'HTTP/1.1', 200, b'OK', [(b'Content-Length', b'39254'), (b'Content-Type', b'application/json;odata.metadata=minimal;odata.streaming=true;IEEE754Compatible=false;charset=utf-8'), (b'Date', b'Wed, 24 Sep 2025 05:10:25 GMT'), (b'Server', b'Microsoft-IIS/10.0'), (b'Access-Control-Allow-Headers', b'Accept, Origin, Content-Type, MaxDataServiceVersion'), (b'Access-Control-Allow-Methods', b'GET'), (b'Access-Control-Allow-Origin', b'*'), (b'Access-Control-Expose-Headers', b'DataServiceVersion'), (b'Cache-Control', b'private'), (b'Content-Encoding', b'gzip'), (b'Expires', b'Wed, 24 Sep 2025 05:11:25 GMT'), (b'Vary', b'*'), (b'X-Content-Type-Options', b'nosniff'), (b'OData-Version', b'4.0;'), (b'X-AspNet-Version', b'4.0.30319'), (b'X-Powered-By', b'ASP.NET')])
2025-09-24 10:40:25,512 - httpx - INFO - _send_single_request:1740 - HTTP Request: GET https://services.odata.org/V4/Northwind/Northwind.svc/Invoices?%24skip=500&%24top=500 "HTTP/1.1 200 OK"
2025-09-24 10:40:25,512 - httpcore.http11 - DEBUG - atrace:87 - receive_response_body.started request=<Request [b'GET']>
2025-09-24 10:40:25,748 - httpcore.http11 - DEBUG - atrace:87 - receive_response_body.complete
2025-09-24 10:40:25,749 - httpcore.http11 - DEBUG - atrace:87 - response_closed.started
2025-09-24 10:40:25,749 - httpcore.http11 - DEBUG - atrace:87 - response_closed.complete
2025-09-24 10:40:25,751 - workers.proxy_pool - INFO - _make_http_request:250 - [2m2025-09-24T05:10:25.751345Z[0m [[32m[1minfo     [0m] [1m📊 Worker successfully fetched data[0m [[0m[1m[34mworkers.proxy_pool[0m][0m [36mactual_records_added[0m=[35m500[0m [36mcommand_id[0m=[35mInvoices_page_2[0m [36mentity[0m=[35mInvoices[0m [36mentity_total_fetched[0m=[35m1500[0m [36mglobal_total_fetched[0m=[35m1500[0m [36mhas_next_page[0m=[35mFalse[0m [36mrecords_in_response[0m=[35m500[0m [36mworker_id[0m=[35mworker_1[0m
2025-09-24 10:40:25,751 - workers.proxy_pool - INFO - execute:110 - [2m2025-09-24T05:10:25.751345Z[0m [[32m[1minfo     [0m] [1m✅ Worker completed command successfully[0m [[0m[1m[34mworkers.proxy_pool[0m][0m [36mcommand_id[0m=[35mInvoices_page_2[0m [36mentity[0m=[35mInvoices[0m [36mexecution_time_seconds[0m=[35m1.92[0m [36mhas_next_page[0m=[35mFalse[0m [36mrecords_fetched[0m=[35m500[0m [36mworker_id[0m=[35mworker_1[0m
2025-09-24 10:40:25,752 - storage.transformer - INFO - transform_odata_response:62 - [2m2025-09-24T05:10:25.752175Z[0m [[32m[1minfo     [0m] [1mStarting transformation       [0m [[0m[1m[34mstorage.transformer[0m][0m [36mentity_name[0m=[35mInvoices[0m [36mresponse_keys[0m=[35m['@odata.context', 'value'][0m
2025-09-24 10:40:25,759 - storage.transformer - INFO - transform_odata_response:101 - [2m2025-09-24T05:10:25.759987Z[0m [[32m[1minfo     [0m] [1mTransformation completed      [0m [[0m[1m[34mstorage.transformer[0m][0m [36mentity_name[0m=[35mInvoices[0m [36minput_records[0m=[35m500[0m [36moutput_records[0m=[35m500[0m [36mtransformation_time_seconds[0m=[35m0.016[0m
2025-09-24 10:40:25,759 - storage.local_storage - INFO - store_processed_records:145 - [2m2025-09-24T05:10:25.759987Z[0m [[32m[1minfo     [0m] [1mStoring processed records     [0m [[0m[1m[34mstorage.local_storage[0m][0m [36mentity_name[0m=[35mInvoices[0m [36mformat[0m=[35mjson[0m [36mrecord_count[0m=[35m500[0m
2025-09-24 10:40:25,763 - storage.local_storage - INFO - store_processed_records:160 - [2m2025-09-24T05:10:25.763534Z[0m [[32m[1minfo     [0m] [1mSuccessfully stored processed records[0m [[0m[1m[34mstorage.local_storage[0m][0m [36mentity_name[0m=[35mInvoices[0m [36mfile_path[0m=[35m./test_output/processed\Invoices_20250924_051025.json[0m [36mrecord_count[0m=[35m500[0m [36mstorage_time_seconds[0m=[35m0.0[0m
2025-09-24 10:40:25,767 - storage.local_storage - INFO - store_raw_response:89 - [2m2025-09-24T05:10:25.766174Z[0m [[32m[1minfo     [0m] [1mSuccessfully stored raw data  [0m [[0m[1m[34mstorage.local_storage[0m][0m [36mentity_name[0m=[35mInvoices[0m [36mfile_path[0m=[35m./test_output/raw\Invoices\2025/09/24\05\Invoices_page_2.json[0m [36msize_bytes[0m=[35m460858[0m [36mstorage_time_seconds[0m=[35m0.0[0m
2025-09-24 10:40:33,827 - connector - INFO - _monitor_execution:392 - [2m2025-09-24T05:10:33.827831Z[0m [[32m[1minfo     [0m] [1m📊 Execution progress          [0m [[0m[1m[34mconnector[0m][0m [36mactive_workers[0m=[35m3[0m [36mcommands_executed[0m=[35m3[0m [36mqueue_size[0m=[35m0[0m [36mrecords_processed[0m=[35m1500[0m
2025-09-24 10:40:43,916 - connector - INFO - _monitor_execution:392 - [2m2025-09-24T05:10:43.916213Z[0m [[32m[1minfo     [0m] [1m📊 Execution progress          [0m [[0m[1m[34mconnector[0m][0m [36mactive_workers[0m=[35m3[0m [36mcommands_executed[0m=[35m3[0m [36mqueue_size[0m=[35m0[0m [36mrecords_processed[0m=[35m1500[0m
2025-09-24 10:40:53,967 - connector - INFO - _monitor_execution:392 - [2m2025-09-24T05:10:53.967815Z[0m [[32m[1minfo     [0m] [1m📊 Execution progress          [0m [[0m[1m[34mconnector[0m][0m [36mactive_workers[0m=[35m3[0m [36mcommands_executed[0m=[35m3[0m [36mqueue_size[0m=[35m0[0m [36mrecords_processed[0m=[35m1500[0m
2025-09-24 10:41:04,065 - connector - INFO - _monitor_execution:392 - [2m2025-09-24T05:11:04.065940Z[0m [[32m[1minfo     [0m] [1m📊 Execution progress          [0m [[0m[1m[34mconnector[0m][0m [36mactive_workers[0m=[35m3[0m [36mcommands_executed[0m=[35m3[0m [36mqueue_size[0m=[35m0[0m [36mrecords_processed[0m=[35m1500[0m
2025-09-24 10:41:14,082 - connector - INFO - _monitor_execution:392 - [2m2025-09-24T05:11:14.082492Z[0m [[32m[1minfo     [0m] [1m📊 Execution progress          [0m [[0m[1m[34mconnector[0m][0m [36mactive_workers[0m=[35m3[0m [36mcommands_executed[0m=[35m3[0m [36mqueue_size[0m=[35m0[0m [36mrecords_processed[0m=[35m1500[0m
2025-09-24 10:41:24,096 - connector - INFO - _monitor_execution:392 - [2m2025-09-24T05:11:24.096757Z[0m [[32m[1minfo     [0m] [1m📊 Execution progress          [0m [[0m[1m[34mconnector[0m][0m [36mactive_workers[0m=[35m3[0m [36mcommands_executed[0m=[35m3[0m [36mqueue_size[0m=[35m0[0m [36mrecords_processed[0m=[35m1500[0m
2025-09-24 10:41:34,114 - connector - INFO - _monitor_execution:392 - [2m2025-09-24T05:11:34.114910Z[0m [[32m[1minfo     [0m] [1m📊 Execution progress          [0m [[0m[1m[34mconnector[0m][0m [36mactive_workers[0m=[35m3[0m [36mcommands_executed[0m=[35m3[0m [36mqueue_size[0m=[35m0[0m [36mrecords_processed[0m=[35m1500[0m
2025-09-24 10:41:44,246 - connector - INFO - _monitor_execution:392 - [2m2025-09-24T05:11:44.246104Z[0m [[32m[1minfo     [0m] [1m📊 Execution progress          [0m [[0m[1m[34mconnector[0m][0m [36mactive_workers[0m=[35m3[0m [36mcommands_executed[0m=[35m3[0m [36mqueue_size[0m=[35m0[0m [36mrecords_processed[0m=[35m1500[0m
2025-09-24 10:41:54,270 - connector - INFO - _monitor_execution:392 - [2m2025-09-24T05:11:54.270716Z[0m [[32m[1minfo     [0m] [1m📊 Execution progress          [0m [[0m[1m[34mconnector[0m][0m [36mactive_workers[0m=[35m3[0m [36mcommands_executed[0m=[35m3[0m [36mqueue_size[0m=[35m0[0m [36mrecords_processed[0m=[35m1500[0m
2025-09-24 10:42:04,322 - connector - INFO - _monitor_execution:392 - [2m2025-09-24T05:12:04.322990Z[0m [[32m[1minfo     [0m] [1m📊 Execution progress          [0m [[0m[1m[34mconnector[0m][0m [36mactive_workers[0m=[35m3[0m [36mcommands_executed[0m=[35m3[0m [36mqueue_size[0m=[35m0[0m [36mrecords_processed[0m=[35m1500[0m
2025-09-24 10:42:14,406 - connector - INFO - _monitor_execution:392 - [2m2025-09-24T05:12:14.406234Z[0m [[32m[1minfo     [0m] [1m📊 Execution progress          [0m [[0m[1m[34mconnector[0m][0m [36mactive_workers[0m=[35m3[0m [36mcommands_executed[0m=[35m3[0m [36mqueue_size[0m=[35m0[0m [36mrecords_processed[0m=[35m1500[0m
2025-09-24 10:42:24,500 - connector - INFO - _monitor_execution:392 - [2m2025-09-24T05:12:24.499694Z[0m [[32m[1minfo     [0m] [1m📊 Execution progress          [0m [[0m[1m[34mconnector[0m][0m [36mactive_workers[0m=[35m3[0m [36mcommands_executed[0m=[35m3[0m [36mqueue_size[0m=[35m0[0m [36mrecords_processed[0m=[35m1500[0m
2025-09-24 10:42:34,572 - connector - INFO - _monitor_execution:392 - [2m2025-09-24T05:12:34.572016Z[0m [[32m[1minfo     [0m] [1m📊 Execution progress          [0m [[0m[1m[34mconnector[0m][0m [36mactive_workers[0m=[35m3[0m [36mcommands_executed[0m=[35m3[0m [36mqueue_size[0m=[35m0[0m [36mrecords_processed[0m=[35m1500[0m
2025-09-24 10:42:44,685 - connector - INFO - _monitor_execution:392 - [2m2025-09-24T05:12:44.685897Z[0m [[32m[1minfo     [0m] [1m📊 Execution progress          [0m [[0m[1m[34mconnector[0m][0m [36mactive_workers[0m=[35m3[0m [36mcommands_executed[0m=[35m3[0m [36mqueue_size[0m=[35m0[0m [36mrecords_processed[0m=[35m1500[0m
2025-09-24 10:42:54,733 - connector - INFO - _monitor_execution:392 - [2m2025-09-24T05:12:54.733779Z[0m [[32m[1minfo     [0m] [1m📊 Execution progress          [0m [[0m[1m[34mconnector[0m][0m [36mactive_workers[0m=[35m3[0m [36mcommands_executed[0m=[35m3[0m [36mqueue_size[0m=[35m0[0m [36mrecords_processed[0m=[35m1500[0m
2025-09-24 10:43:04,775 - connector - INFO - _monitor_execution:392 - [2m2025-09-24T05:13:04.775626Z[0m [[32m[1minfo     [0m] [1m📊 Execution progress          [0m [[0m[1m[34mconnector[0m][0m [36mactive_workers[0m=[35m3[0m [36mcommands_executed[0m=[35m3[0m [36mqueue_size[0m=[35m0[0m [36mrecords_processed[0m=[35m1500[0m
2025-09-24 10:43:14,862 - connector - INFO - _monitor_execution:392 - [2m2025-09-24T05:13:14.862682Z[0m [[32m[1minfo     [0m] [1m📊 Execution progress          [0m [[0m[1m[34mconnector[0m][0m [36mactive_workers[0m=[35m3[0m [36mcommands_executed[0m=[35m3[0m [36mqueue_size[0m=[35m0[0m [36mrecords_processed[0m=[35m1500[0m
2025-09-24 10:43:24,876 - connector - INFO - _monitor_execution:392 - [2m2025-09-24T05:13:24.876933Z[0m [[32m[1minfo     [0m] [1m📊 Execution progress          [0m [[0m[1m[34mconnector[0m][0m [36mactive_workers[0m=[35m3[0m [36mcommands_executed[0m=[35m3[0m [36mqueue_size[0m=[35m0[0m [36mrecords_processed[0m=[35m1500[0m
2025-09-24 10:43:34,882 - connector - INFO - _monitor_execution:392 - [2m2025-09-24T05:13:34.882040Z[0m [[32m[1minfo     [0m] [1m📊 Execution progress          [0m [[0m[1m[34mconnector[0m][0m [36mactive_workers[0m=[35m3[0m [36mcommands_executed[0m=[35m3[0m [36mqueue_size[0m=[35m0[0m [36mrecords_processed[0m=[35m1500[0m
2025-09-24 10:43:44,953 - connector - INFO - _monitor_execution:392 - [2m2025-09-24T05:13:44.953188Z[0m [[32m[1minfo     [0m] [1m📊 Execution progress          [0m [[0m[1m[34mconnector[0m][0m [36mactive_workers[0m=[35m3[0m [36mcommands_executed[0m=[35m3[0m [36mqueue_size[0m=[35m0[0m [36mrecords_processed[0m=[35m1500[0m
2025-09-24 10:43:55,005 - connector - INFO - _monitor_execution:392 - [2m2025-09-24T05:13:55.005133Z[0m [[32m[1minfo     [0m] [1m📊 Execution progress          [0m [[0m[1m[34mconnector[0m][0m [36mactive_workers[0m=[35m3[0m [36mcommands_executed[0m=[35m3[0m [36mqueue_size[0m=[35m0[0m [36mrecords_processed[0m=[35m1500[0m
2025-09-24 10:44:05,091 - connector - INFO - _monitor_execution:392 - [2m2025-09-24T05:14:05.091993Z[0m [[32m[1minfo     [0m] [1m📊 Execution progress          [0m [[0m[1m[34mconnector[0m][0m [36mactive_workers[0m=[35m3[0m [36mcommands_executed[0m=[35m3[0m [36mqueue_size[0m=[35m0[0m [36mrecords_processed[0m=[35m1500[0m
2025-09-24 10:44:15,183 - connector - INFO - _monitor_execution:392 - [2m2025-09-24T05:14:15.183060Z[0m [[32m[1minfo     [0m] [1m📊 Execution progress          [0m [[0m[1m[34mconnector[0m][0m [36mactive_workers[0m=[35m3[0m [36mcommands_executed[0m=[35m3[0m [36mqueue_size[0m=[35m0[0m [36mrecords_processed[0m=[35m1500[0m
2025-09-24 10:44:25,236 - connector - INFO - _monitor_execution:392 - [2m2025-09-24T05:14:25.235892Z[0m [[32m[1minfo     [0m] [1m📊 Execution progress          [0m [[0m[1m[34mconnector[0m][0m [36mactive_workers[0m=[35m3[0m [36mcommands_executed[0m=[35m3[0m [36mqueue_size[0m=[35m0[0m [36mrecords_processed[0m=[35m1500[0m
2025-09-24 11:15:37,719 - connector - INFO - _monitor_execution:392 - [2m2025-09-24T05:45:37.719429Z[0m [[32m[1minfo     [0m] [1m📊 Execution progress          [0m [[0m[1m[34mconnector[0m][0m [36mactive_workers[0m=[35m3[0m [36mcommands_executed[0m=[35m3[0m [36mqueue_size[0m=[35m0[0m [36mrecords_processed[0m=[35m1500[0m
2025-09-24 11:15:48,092 - connector - INFO - _monitor_execution:392 - [2m2025-09-24T05:45:48.091674Z[0m [[32m[1minfo     [0m] [1m📊 Execution progress          [0m [[0m[1m[34mconnector[0m][0m [36mactive_workers[0m=[35m3[0m [36mcommands_executed[0m=[35m3[0m [36mqueue_size[0m=[35m0[0m [36mrecords_processed[0m=[35m1500[0m
2025-09-24 11:15:58,173 - connector - INFO - _monitor_execution:392 - [2m2025-09-24T05:45:58.173556Z[0m [[32m[1minfo     [0m] [1m📊 Execution progress          [0m [[0m[1m[34mconnector[0m][0m [36mactive_workers[0m=[35m3[0m [36mcommands_executed[0m=[35m3[0m [36mqueue_size[0m=[35m0[0m [36mrecords_processed[0m=[35m1500[0m
2025-09-24 11:16:08,219 - connector - INFO - _monitor_execution:392 - [2m2025-09-24T05:46:08.219592Z[0m [[32m[1minfo     [0m] [1m📊 Execution progress          [0m [[0m[1m[34mconnector[0m][0m [36mactive_workers[0m=[35m3[0m [36mcommands_executed[0m=[35m3[0m [36mqueue_size[0m=[35m0[0m [36mrecords_processed[0m=[35m1500[0m
2025-09-24 11:16:18,244 - connector - INFO - _monitor_execution:392 - [2m2025-09-24T05:46:18.244040Z[0m [[32m[1minfo     [0m] [1m📊 Execution progress          [0m [[0m[1m[34mconnector[0m][0m [36mactive_workers[0m=[35m3[0m [36mcommands_executed[0m=[35m3[0m [36mqueue_size[0m=[35m0[0m [36mrecords_processed[0m=[35m1500[0m
2025-09-24 11:16:28,269 - connector - INFO - _monitor_execution:392 - [2m2025-09-24T05:46:28.269527Z[0m [[32m[1minfo     [0m] [1m📊 Execution progress          [0m [[0m[1m[34mconnector[0m][0m [36mactive_workers[0m=[35m3[0m [36mcommands_executed[0m=[35m3[0m [36mqueue_size[0m=[35m0[0m [36mrecords_processed[0m=[35m1500[0m
2025-09-24 11:16:38,353 - connector - INFO - _monitor_execution:392 - [2m2025-09-24T05:46:38.353789Z[0m [[32m[1minfo     [0m] [1m📊 Execution progress          [0m [[0m[1m[34mconnector[0m][0m [36mactive_workers[0m=[35m3[0m [36mcommands_executed[0m=[35m3[0m [36mqueue_size[0m=[35m0[0m [36mrecords_processed[0m=[35m1500[0m
2025-09-24 11:16:48,476 - connector - INFO - _monitor_execution:392 - [2m2025-09-24T05:46:48.476209Z[0m [[32m[1minfo     [0m] [1m📊 Execution progress          [0m [[0m[1m[34mconnector[0m][0m [36mactive_workers[0m=[35m3[0m [36mcommands_executed[0m=[35m3[0m [36mqueue_size[0m=[35m0[0m [36mrecords_processed[0m=[35m1500[0m
2025-09-24 11:16:58,562 - connector - INFO - _monitor_execution:392 - [2m2025-09-24T05:46:58.562356Z[0m [[32m[1minfo     [0m] [1m📊 Execution progress          [0m [[0m[1m[34mconnector[0m][0m [36mactive_workers[0m=[35m3[0m [36mcommands_executed[0m=[35m3[0m [36mqueue_size[0m=[35m0[0m [36mrecords_processed[0m=[35m1500[0m
2025-09-24 11:17:08,627 - connector - INFO - _monitor_execution:392 - [2m2025-09-24T05:47:08.627183Z[0m [[32m[1minfo     [0m] [1m📊 Execution progress          [0m [[0m[1m[34mconnector[0m][0m [36mactive_workers[0m=[35m3[0m [36mcommands_executed[0m=[35m3[0m [36mqueue_size[0m=[35m0[0m [36mrecords_processed[0m=[35m1500[0m
2025-09-24 11:17:18,712 - connector - INFO - _monitor_execution:392 - [2m2025-09-24T05:47:18.712556Z[0m [[32m[1minfo     [0m] [1m📊 Execution progress          [0m [[0m[1m[34mconnector[0m][0m [36mactive_workers[0m=[35m3[0m [36mcommands_executed[0m=[35m3[0m [36mqueue_size[0m=[35m0[0m [36mrecords_processed[0m=[35m1500[0m
2025-09-24 11:17:28,812 - connector - INFO - _monitor_execution:392 - [2m2025-09-24T05:47:28.812775Z[0m [[32m[1minfo     [0m] [1m📊 Execution progress          [0m [[0m[1m[34mconnector[0m][0m [36mactive_workers[0m=[35m3[0m [36mcommands_executed[0m=[35m3[0m [36mqueue_size[0m=[35m0[0m [36mrecords_processed[0m=[35m1500[0m
2025-09-24 11:17:38,896 - connector - INFO - _monitor_execution:392 - [2m2025-09-24T05:47:38.896529Z[0m [[32m[1minfo     [0m] [1m📊 Execution progress          [0m [[0m[1m[34mconnector[0m][0m [36mactive_workers[0m=[35m3[0m [36mcommands_executed[0m=[35m3[0m [36mqueue_size[0m=[35m0[0m [36mrecords_processed[0m=[35m1500[0m
2025-09-24 11:17:48,948 - connector - INFO - _monitor_execution:392 - [2m2025-09-24T05:47:48.948273Z[0m [[32m[1minfo     [0m] [1m📊 Execution progress          [0m [[0m[1m[34mconnector[0m][0m [36mactive_workers[0m=[35m3[0m [36mcommands_executed[0m=[35m3[0m [36mqueue_size[0m=[35m0[0m [36mrecords_processed[0m=[35m1500[0m
2025-09-24 11:17:59,049 - connector - INFO - _monitor_execution:392 - [2m2025-09-24T05:47:59.049904Z[0m [[32m[1minfo     [0m] [1m📊 Execution progress          [0m [[0m[1m[34mconnector[0m][0m [36mactive_workers[0m=[35m3[0m [36mcommands_executed[0m=[35m3[0m [36mqueue_size[0m=[35m0[0m [36mrecords_processed[0m=[35m1500[0m
2025-09-24 11:18:09,107 - connector - INFO - _monitor_execution:392 - [2m2025-09-24T05:48:09.107866Z[0m [[32m[1minfo     [0m] [1m📊 Execution progress          [0m [[0m[1m[34mconnector[0m][0m [36mactive_workers[0m=[35m3[0m [36mcommands_executed[0m=[35m3[0m [36mqueue_size[0m=[35m0[0m [36mrecords_processed[0m=[35m1500[0m
2025-09-24 11:18:19,164 - connector - INFO - _monitor_execution:392 - [2m2025-09-24T05:48:19.163522Z[0m [[32m[1minfo     [0m] [1m📊 Execution progress          [0m [[0m[1m[34mconnector[0m][0m [36mactive_workers[0m=[35m3[0m [36mcommands_executed[0m=[35m3[0m [36mqueue_size[0m=[35m0[0m [36mrecords_processed[0m=[35m1500[0m
2025-09-24 11:18:29,248 - connector - INFO - _monitor_execution:392 - [2m2025-09-24T05:48:29.248753Z[0m [[32m[1minfo     [0m] [1m📊 Execution progress          [0m [[0m[1m[34mconnector[0m][0m [36mactive_workers[0m=[35m3[0m [36mcommands_executed[0m=[35m3[0m [36mqueue_size[0m=[35m0[0m [36mrecords_processed[0m=[35m1500[0m
2025-09-24 11:18:39,318 - connector - INFO - _monitor_execution:392 - [2m2025-09-24T05:48:39.318760Z[0m [[32m[1minfo     [0m] [1m📊 Execution progress          [0m [[0m[1m[34mconnector[0m][0m [36mactive_workers[0m=[35m3[0m [36mcommands_executed[0m=[35m3[0m [36mqueue_size[0m=[35m0[0m [36mrecords_processed[0m=[35m1500[0m
2025-09-24 11:18:49,433 - connector - INFO - _monitor_execution:392 - [2m2025-09-24T05:48:49.433982Z[0m [[32m[1minfo     [0m] [1m📊 Execution progress          [0m [[0m[1m[34mconnector[0m][0m [36mactive_workers[0m=[35m3[0m [36mcommands_executed[0m=[35m3[0m [36mqueue_size[0m=[35m0[0m [36mrecords_processed[0m=[35m1500[0m
2025-09-24 11:18:59,516 - connector - INFO - _monitor_execution:392 - [2m2025-09-24T05:48:59.516229Z[0m [[32m[1minfo     [0m] [1m📊 Execution progress          [0m [[0m[1m[34mconnector[0m][0m [36mactive_workers[0m=[35m3[0m [36mcommands_executed[0m=[35m3[0m [36mqueue_size[0m=[35m0[0m [36mrecords_processed[0m=[35m1500[0m
2025-09-24 11:19:09,599 - connector - INFO - _monitor_execution:392 - [2m2025-09-24T05:49:09.599889Z[0m [[32m[1minfo     [0m] [1m📊 Execution progress          [0m [[0m[1m[34mconnector[0m][0m [36mactive_workers[0m=[35m3[0m [36mcommands_executed[0m=[35m3[0m [36mqueue_size[0m=[35m0[0m [36mrecords_processed[0m=[35m1500[0m
2025-09-24 11:19:19,663 - connector - INFO - _monitor_execution:392 - [2m2025-09-24T05:49:19.663542Z[0m [[32m[1minfo     [0m] [1m📊 Execution progress          [0m [[0m[1m[34mconnector[0m][0m [36mactive_workers[0m=[35m3[0m [36mcommands_executed[0m=[35m3[0m [36mqueue_size[0m=[35m0[0m [36mrecords_processed[0m=[35m1500[0m
2025-09-24 11:19:29,730 - connector - INFO - _monitor_execution:392 - [2m2025-09-24T05:49:29.730390Z[0m [[32m[1minfo     [0m] [1m📊 Execution progress          [0m [[0m[1m[34mconnector[0m][0m [36mactive_workers[0m=[35m3[0m [36mcommands_executed[0m=[35m3[0m [36mqueue_size[0m=[35m0[0m [36mrecords_processed[0m=[35m1500[0m
2025-09-24 11:19:39,755 - connector - INFO - _monitor_execution:392 - [2m2025-09-24T05:49:39.755980Z[0m [[32m[1minfo     [0m] [1m📊 Execution progress          [0m [[0m[1m[34mconnector[0m][0m [36mactive_workers[0m=[35m3[0m [36mcommands_executed[0m=[35m3[0m [36mqueue_size[0m=[35m0[0m [36mrecords_processed[0m=[35m1500[0m
2025-09-24 11:19:49,815 - connector - INFO - _monitor_execution:392 - [2m2025-09-24T05:49:49.815080Z[0m [[32m[1minfo     [0m] [1m📊 Execution progress          [0m [[0m[1m[34mconnector[0m][0m [36mactive_workers[0m=[35m3[0m [36mcommands_executed[0m=[35m3[0m [36mqueue_size[0m=[35m0[0m [36mrecords_processed[0m=[35m1500[0m
2025-09-24 11:19:59,910 - connector - INFO - _monitor_execution:392 - [2m2025-09-24T05:49:59.910251Z[0m [[32m[1minfo     [0m] [1m📊 Execution progress          [0m [[0m[1m[34mconnector[0m][0m [36mactive_workers[0m=[35m3[0m [36mcommands_executed[0m=[35m3[0m [36mqueue_size[0m=[35m0[0m [36mrecords_processed[0m=[35m1500[0m
2025-09-24 11:20:10,015 - connector - INFO - _monitor_execution:392 - [2m2025-09-24T05:50:10.015518Z[0m [[32m[1minfo     [0m] [1m📊 Execution progress          [0m [[0m[1m[34mconnector[0m][0m [36mactive_workers[0m=[35m3[0m [36mcommands_executed[0m=[35m3[0m [36mqueue_size[0m=[35m0[0m [36mrecords_processed[0m=[35m1500[0m
2025-09-24 11:20:20,155 - connector - INFO - _monitor_execution:392 - [2m2025-09-24T05:50:20.155391Z[0m [[32m[1minfo     [0m] [1m📊 Execution progress          [0m [[0m[1m[34mconnector[0m][0m [36mactive_workers[0m=[35m3[0m [36mcommands_executed[0m=[35m3[0m [36mqueue_size[0m=[35m0[0m [36mrecords_processed[0m=[35m1500[0m
2025-09-24 11:20:30,195 - connector - INFO - _monitor_execution:392 - [2m2025-09-24T05:50:30.195683Z[0m [[32m[1minfo     [0m] [1m📊 Execution progress          [0m [[0m[1m[34mconnector[0m][0m [36mactive_workers[0m=[35m3[0m [36mcommands_executed[0m=[35m3[0m [36mqueue_size[0m=[35m0[0m [36mrecords_processed[0m=[35m1500[0m
2025-09-24 11:20:40,292 - connector - INFO - _monitor_execution:392 - [2m2025-09-24T05:50:40.291452Z[0m [[32m[1minfo     [0m] [1m📊 Execution progress          [0m [[0m[1m[34mconnector[0m][0m [36mactive_workers[0m=[35m3[0m [36mcommands_executed[0m=[35m3[0m [36mqueue_size[0m=[35m0[0m [36mrecords_processed[0m=[35m1500[0m
2025-09-24 11:20:50,331 - connector - INFO - _monitor_execution:392 - [2m2025-09-24T05:50:50.331939Z[0m [[32m[1minfo     [0m] [1m📊 Execution progress          [0m [[0m[1m[34mconnector[0m][0m [36mactive_workers[0m=[35m3[0m [36mcommands_executed[0m=[35m3[0m [36mqueue_size[0m=[35m0[0m [36mrecords_processed[0m=[35m1500[0m
2025-09-24 11:21:00,380 - connector - INFO - _monitor_execution:392 - [2m2025-09-24T05:51:00.378757Z[0m [[32m[1minfo     [0m] [1m📊 Execution progress          [0m [[0m[1m[34mconnector[0m][0m [36mactive_workers[0m=[35m3[0m [36mcommands_executed[0m=[35m3[0m [36mqueue_size[0m=[35m0[0m [36mrecords_processed[0m=[35m1500[0m
2025-09-24 11:21:10,444 - connector - INFO - _monitor_execution:392 - [2m2025-09-24T05:51:10.444917Z[0m [[32m[1minfo     [0m] [1m📊 Execution progress          [0m [[0m[1m[34mconnector[0m][0m [36mactive_workers[0m=[35m3[0m [36mcommands_executed[0m=[35m3[0m [36mqueue_size[0m=[35m0[0m [36mrecords_processed[0m=[35m1500[0m
2025-09-24 11:21:20,553 - connector - INFO - _monitor_execution:392 - [2m2025-09-24T05:51:20.553452Z[0m [[32m[1minfo     [0m] [1m📊 Execution progress          [0m [[0m[1m[34mconnector[0m][0m [36mactive_workers[0m=[35m3[0m [36mcommands_executed[0m=[35m3[0m [36mqueue_size[0m=[35m0[0m [36mrecords_processed[0m=[35m1500[0m
2025-09-24 11:21:30,628 - connector - INFO - _monitor_execution:392 - [2m2025-09-24T05:51:30.628826Z[0m [[32m[1minfo     [0m] [1m📊 Execution progress          [0m [[0m[1m[34mconnector[0m][0m [36mactive_workers[0m=[35m3[0m [36mcommands_executed[0m=[35m3[0m [36mqueue_size[0m=[35m0[0m [36mrecords_processed[0m=[35m1500[0m
2025-09-24 11:21:40,700 - connector - INFO - _monitor_execution:392 - [2m2025-09-24T05:51:40.700212Z[0m [[32m[1minfo     [0m] [1m📊 Execution progress          [0m [[0m[1m[34mconnector[0m][0m [36mactive_workers[0m=[35m3[0m [36mcommands_executed[0m=[35m3[0m [36mqueue_size[0m=[35m0[0m [36mrecords_processed[0m=[35m1500[0m
2025-09-24 11:21:50,797 - connector - INFO - _monitor_execution:392 - [2m2025-09-24T05:51:50.796831Z[0m [[32m[1minfo     [0m] [1m📊 Execution progress          [0m [[0m[1m[34mconnector[0m][0m [36mactive_workers[0m=[35m3[0m [36mcommands_executed[0m=[35m3[0m [36mqueue_size[0m=[35m0[0m [36mrecords_processed[0m=[35m1500[0m
2025-09-24 11:22:00,875 - connector - INFO - _monitor_execution:392 - [2m2025-09-24T05:52:00.874013Z[0m [[32m[1minfo     [0m] [1m📊 Execution progress          [0m [[0m[1m[34mconnector[0m][0m [36mactive_workers[0m=[35m3[0m [36mcommands_executed[0m=[35m3[0m [36mqueue_size[0m=[35m0[0m [36mrecords_processed[0m=[35m1500[0m
2025-09-24 11:22:10,964 - connector - INFO - _monitor_execution:392 - [2m2025-09-24T05:52:10.964829Z[0m [[32m[1minfo     [0m] [1m📊 Execution progress          [0m [[0m[1m[34mconnector[0m][0m [36mactive_workers[0m=[35m3[0m [36mcommands_executed[0m=[35m3[0m [36mqueue_size[0m=[35m0[0m [36mrecords_processed[0m=[35m1500[0m
2025-09-24 11:22:21,032 - connector - INFO - _monitor_execution:392 - [2m2025-09-24T05:52:21.032508Z[0m [[32m[1minfo     [0m] [1m📊 Execution progress          [0m [[0m[1m[34mconnector[0m][0m [36mactive_workers[0m=[35m3[0m [36mcommands_executed[0m=[35m3[0m [36mqueue_size[0m=[35m0[0m [36mrecords_processed[0m=[35m1500[0m
2025-09-24 11:22:31,113 - connector - INFO - _monitor_execution:392 - [2m2025-09-24T05:52:31.112665Z[0m [[32m[1minfo     [0m] [1m📊 Execution progress          [0m [[0m[1m[34mconnector[0m][0m [36mactive_workers[0m=[35m3[0m [36mcommands_executed[0m=[35m3[0m [36mqueue_size[0m=[35m0[0m [36mrecords_processed[0m=[35m1500[0m
2025-09-24 11:22:41,196 - connector - INFO - _monitor_execution:392 - [2m2025-09-24T05:52:41.196132Z[0m [[32m[1minfo     [0m] [1m📊 Execution progress          [0m [[0m[1m[34mconnector[0m][0m [36mactive_workers[0m=[35m3[0m [36mcommands_executed[0m=[35m3[0m [36mqueue_size[0m=[35m0[0m [36mrecords_processed[0m=[35m1500[0m
2025-09-24 11:22:51,264 - connector - INFO - _monitor_execution:392 - [2m2025-09-24T05:52:51.264005Z[0m [[32m[1minfo     [0m] [1m📊 Execution progress          [0m [[0m[1m[34mconnector[0m][0m [36mactive_workers[0m=[35m3[0m [36mcommands_executed[0m=[35m3[0m [36mqueue_size[0m=[35m0[0m [36mrecords_processed[0m=[35m1500[0m
2025-09-24 11:23:01,341 - connector - INFO - _monitor_execution:392 - [2m2025-09-24T05:53:01.341822Z[0m [[32m[1minfo     [0m] [1m📊 Execution progress          [0m [[0m[1m[34mconnector[0m][0m [36mactive_workers[0m=[35m3[0m [36mcommands_executed[0m=[35m3[0m [36mqueue_size[0m=[35m0[0m [36mrecords_processed[0m=[35m1500[0m
2025-09-24 11:23:11,438 - connector - INFO - _monitor_execution:392 - [2m2025-09-24T05:53:11.438233Z[0m [[32m[1minfo     [0m] [1m📊 Execution progress          [0m [[0m[1m[34mconnector[0m][0m [36mactive_workers[0m=[35m3[0m [36mcommands_executed[0m=[35m3[0m [36mqueue_size[0m=[35m0[0m [36mrecords_processed[0m=[35m1500[0m
2025-09-24 11:23:21,497 - connector - INFO - _monitor_execution:392 - [2m2025-09-24T05:53:21.497087Z[0m [[32m[1minfo     [0m] [1m📊 Execution progress          [0m [[0m[1m[34mconnector[0m][0m [36mactive_workers[0m=[35m3[0m [36mcommands_executed[0m=[35m3[0m [36mqueue_size[0m=[35m0[0m [36mrecords_processed[0m=[35m1500[0m
2025-09-24 11:23:31,574 - connector - INFO - _monitor_execution:392 - [2m2025-09-24T05:53:31.573496Z[0m [[32m[1minfo     [0m] [1m📊 Execution progress          [0m [[0m[1m[34mconnector[0m][0m [36mactive_workers[0m=[35m3[0m [36mcommands_executed[0m=[35m3[0m [36mqueue_size[0m=[35m0[0m [36mrecords_processed[0m=[35m1500[0m
2025-09-24 11:23:41,669 - connector - INFO - _monitor_execution:392 - [2m2025-09-24T05:53:41.669495Z[0m [[32m[1minfo     [0m] [1m📊 Execution progress          [0m [[0m[1m[34mconnector[0m][0m [36mactive_workers[0m=[35m3[0m [36mcommands_executed[0m=[35m3[0m [36mqueue_size[0m=[35m0[0m [36mrecords_processed[0m=[35m1500[0m
2025-09-24 11:23:51,753 - connector - INFO - _monitor_execution:392 - [2m2025-09-24T05:53:51.753742Z[0m [[32m[1minfo     [0m] [1m📊 Execution progress          [0m [[0m[1m[34mconnector[0m][0m [36mactive_workers[0m=[35m3[0m [36mcommands_executed[0m=[35m3[0m [36mqueue_size[0m=[35m0[0m [36mrecords_processed[0m=[35m1500[0m
2025-09-24 11:24:01,817 - connector - INFO - _monitor_execution:392 - [2m2025-09-24T05:54:01.817875Z[0m [[32m[1minfo     [0m] [1m📊 Execution progress          [0m [[0m[1m[34mconnector[0m][0m [36mactive_workers[0m=[35m3[0m [36mcommands_executed[0m=[35m3[0m [36mqueue_size[0m=[35m0[0m [36mrecords_processed[0m=[35m1500[0m
2025-09-24 11:24:11,908 - connector - INFO - _monitor_execution:392 - [2m2025-09-24T05:54:11.908621Z[0m [[32m[1minfo     [0m] [1m📊 Execution progress          [0m [[0m[1m[34mconnector[0m][0m [36mactive_workers[0m=[35m3[0m [36mcommands_executed[0m=[35m3[0m [36mqueue_size[0m=[35m0[0m [36mrecords_processed[0m=[35m1500[0m
2025-09-24 11:24:21,979 - connector - INFO - _monitor_execution:392 - [2m2025-09-24T05:54:21.977275Z[0m [[32m[1minfo     [0m] [1m📊 Execution progress          [0m [[0m[1m[34mconnector[0m][0m [36mactive_workers[0m=[35m3[0m [36mcommands_executed[0m=[35m3[0m [36mqueue_size[0m=[35m0[0m [36mrecords_processed[0m=[35m1500[0m
2025-09-24 11:24:32,055 - connector - INFO - _monitor_execution:392 - [2m2025-09-24T05:54:32.054355Z[0m [[32m[1minfo     [0m] [1m📊 Execution progress          [0m [[0m[1m[34mconnector[0m][0m [36mactive_workers[0m=[35m3[0m [36mcommands_executed[0m=[35m3[0m [36mqueue_size[0m=[35m0[0m [36mrecords_processed[0m=[35m1500[0m
2025-09-24 11:24:42,128 - connector - INFO - _monitor_execution:392 - [2m2025-09-24T05:54:42.128088Z[0m [[32m[1minfo     [0m] [1m📊 Execution progress          [0m [[0m[1m[34mconnector[0m][0m [36mactive_workers[0m=[35m3[0m [36mcommands_executed[0m=[35m3[0m [36mqueue_size[0m=[35m0[0m [36mrecords_processed[0m=[35m1500[0m
2025-09-24 11:24:52,193 - connector - INFO - _monitor_execution:392 - [2m2025-09-24T05:54:52.193062Z[0m [[32m[1minfo     [0m] [1m📊 Execution progress          [0m [[0m[1m[34mconnector[0m][0m [36mactive_workers[0m=[35m3[0m [36mcommands_executed[0m=[35m3[0m [36mqueue_size[0m=[35m0[0m [36mrecords_processed[0m=[35m1500[0m
2025-09-24 11:25:02,279 - connector - INFO - _monitor_execution:392 - [2m2025-09-24T05:55:02.278591Z[0m [[32m[1minfo     [0m] [1m📊 Execution progress          [0m [[0m[1m[34mconnector[0m][0m [36mactive_workers[0m=[35m3[0m [36mcommands_executed[0m=[35m3[0m [36mqueue_size[0m=[35m0[0m [36mrecords_processed[0m=[35m1500[0m
2025-09-24 11:25:12,415 - connector - INFO - _monitor_execution:392 - [2m2025-09-24T05:55:12.409242Z[0m [[32m[1minfo     [0m] [1m📊 Execution progress          [0m [[0m[1m[34mconnector[0m][0m [36mactive_workers[0m=[35m3[0m [36mcommands_executed[0m=[35m3[0m [36mqueue_size[0m=[35m0[0m [36mrecords_processed[0m=[35m1500[0m
2025-09-24 11:25:22,475 - connector - INFO - _monitor_execution:392 - [2m2025-09-24T05:55:22.475158Z[0m [[32m[1minfo     [0m] [1m📊 Execution progress          [0m [[0m[1m[34mconnector[0m][0m [36mactive_workers[0m=[35m3[0m [36mcommands_executed[0m=[35m3[0m [36mqueue_size[0m=[35m0[0m [36mrecords_processed[0m=[35m1500[0m
2025-09-24 11:25:32,555 - connector - INFO - _monitor_execution:392 - [2m2025-09-24T05:55:32.555526Z[0m [[32m[1minfo     [0m] [1m📊 Execution progress          [0m [[0m[1m[34mconnector[0m][0m [36mactive_workers[0m=[35m3[0m [36mcommands_executed[0m=[35m3[0m [36mqueue_size[0m=[35m0[0m [36mrecords_processed[0m=[35m1500[0m
2025-09-24 11:25:42,612 - connector - INFO - _monitor_execution:392 - [2m2025-09-24T05:55:42.612208Z[0m [[32m[1minfo     [0m] [1m📊 Execution progress          [0m [[0m[1m[34mconnector[0m][0m [36mactive_workers[0m=[35m3[0m [36mcommands_executed[0m=[35m3[0m [36mqueue_size[0m=[35m0[0m [36mrecords_processed[0m=[35m1500[0m
2025-09-24 11:25:52,690 - connector - INFO - _monitor_execution:392 - [2m2025-09-24T05:55:52.690466Z[0m [[32m[1minfo     [0m] [1m📊 Execution progress          [0m [[0m[1m[34mconnector[0m][0m [36mactive_workers[0m=[35m3[0m [36mcommands_executed[0m=[35m3[0m [36mqueue_size[0m=[35m0[0m [36mrecords_processed[0m=[35m1500[0m
2025-09-24 11:26:02,778 - connector - INFO - _monitor_execution:392 - [2m2025-09-24T05:56:02.778432Z[0m [[32m[1minfo     [0m] [1m📊 Execution progress          [0m [[0m[1m[34mconnector[0m][0m [36mactive_workers[0m=[35m3[0m [36mcommands_executed[0m=[35m3[0m [36mqueue_size[0m=[35m0[0m [36mrecords_processed[0m=[35m1500[0m
2025-09-24 11:26:12,874 - connector - INFO - _monitor_execution:392 - [2m2025-09-24T05:56:12.874295Z[0m [[32m[1minfo     [0m] [1m📊 Execution progress          [0m [[0m[1m[34mconnector[0m][0m [36mactive_workers[0m=[35m3[0m [36mcommands_executed[0m=[35m3[0m [36mqueue_size[0m=[35m0[0m [36mrecords_processed[0m=[35m1500[0m
2025-09-24 11:26:22,957 - connector - INFO - _monitor_execution:392 - [2m2025-09-24T05:56:22.956490Z[0m [[32m[1minfo     [0m] [1m📊 Execution progress          [0m [[0m[1m[34mconnector[0m][0m [36mactive_workers[0m=[35m3[0m [36mcommands_executed[0m=[35m3[0m [36mqueue_size[0m=[35m0[0m [36mrecords_processed[0m=[35m1500[0m
2025-09-24 11:26:33,043 - connector - INFO - _monitor_execution:392 - [2m2025-09-24T05:56:33.043423Z[0m [[32m[1minfo     [0m] [1m📊 Execution progress          [0m [[0m[1m[34mconnector[0m][0m [36mactive_workers[0m=[35m3[0m [36mcommands_executed[0m=[35m3[0m [36mqueue_size[0m=[35m0[0m [36mrecords_processed[0m=[35m1500[0m
2025-09-24 11:26:43,127 - connector - INFO - _monitor_execution:392 - [2m2025-09-24T05:56:43.127770Z[0m [[32m[1minfo     [0m] [1m📊 Execution progress          [0m [[0m[1m[34mconnector[0m][0m [36mactive_workers[0m=[35m3[0m [36mcommands_executed[0m=[35m3[0m [36mqueue_size[0m=[35m0[0m [36mrecords_processed[0m=[35m1500[0m
2025-09-24 11:26:53,231 - connector - INFO - _monitor_execution:392 - [2m2025-09-24T05:56:53.230371Z[0m [[32m[1minfo     [0m] [1m📊 Execution progress          [0m [[0m[1m[34mconnector[0m][0m [36mactive_workers[0m=[35m3[0m [36mcommands_executed[0m=[35m3[0m [36mqueue_size[0m=[35m0[0m [36mrecords_processed[0m=[35m1500[0m
2025-09-24 11:27:03,306 - connector - INFO - _monitor_execution:392 - [2m2025-09-24T05:57:03.306728Z[0m [[32m[1minfo     [0m] [1m📊 Execution progress          [0m [[0m[1m[34mconnector[0m][0m [36mactive_workers[0m=[35m3[0m [36mcommands_executed[0m=[35m3[0m [36mqueue_size[0m=[35m0[0m [36mrecords_processed[0m=[35m1500[0m
2025-09-24 11:27:13,393 - connector - INFO - _monitor_execution:392 - [2m2025-09-24T05:57:13.393404Z[0m [[32m[1minfo     [0m] [1m📊 Execution progress          [0m [[0m[1m[34mconnector[0m][0m [36mactive_workers[0m=[35m3[0m [36mcommands_executed[0m=[35m3[0m [36mqueue_size[0m=[35m0[0m [36mrecords_processed[0m=[35m1500[0m
2025-09-24 11:27:23,458 - connector - INFO - _monitor_execution:392 - [2m2025-09-24T05:57:23.458240Z[0m [[32m[1minfo     [0m] [1m📊 Execution progress          [0m [[0m[1m[34mconnector[0m][0m [36mactive_workers[0m=[35m3[0m [36mcommands_executed[0m=[35m3[0m [36mqueue_size[0m=[35m0[0m [36mrecords_processed[0m=[35m1500[0m
2025-09-24 11:27:33,540 - connector - INFO - _monitor_execution:392 - [2m2025-09-24T05:57:33.540645Z[0m [[32m[1minfo     [0m] [1m📊 Execution progress          [0m [[0m[1m[34mconnector[0m][0m [36mactive_workers[0m=[35m3[0m [36mcommands_executed[0m=[35m3[0m [36mqueue_size[0m=[35m0[0m [36mrecords_processed[0m=[35m1500[0m
2025-09-24 11:27:43,611 - connector - INFO - _monitor_execution:392 - [2m2025-09-24T05:57:43.611774Z[0m [[32m[1minfo     [0m] [1m📊 Execution progress          [0m [[0m[1m[34mconnector[0m][0m [36mactive_workers[0m=[35m3[0m [36mcommands_executed[0m=[35m3[0m [36mqueue_size[0m=[35m0[0m [36mrecords_processed[0m=[35m1500[0m
2025-09-24 11:27:44,928 - connector - INFO - _cleanup:544 - [2m2025-09-24T05:57:44.928883Z[0m [[32m[1minfo     [0m] [1mCleaning up connector resources[0m [[0m[1m[34mconnector[0m][0m
2025-09-24 11:27:44,933 - workers.proxy_pool - INFO - stop:397 - [2m2025-09-24T05:57:44.933128Z[0m [[32m[1minfo     [0m] [1mStopping proxy pool           [0m [[0m[1m[34mworkers.proxy_pool[0m][0m
2025-09-24 11:27:44,934 - workers.proxy_pool - INFO - _worker_loop:489 - [2m2025-09-24T05:57:44.934136Z[0m [[32m[1minfo     [0m] [1m🛑 Worker cancelled            [0m [[0m[1m[34mworkers.proxy_pool[0m][0m [36mworker_id[0m=[35mworker_0[0m [36mworker_status[0m=[35mCANCELLED[0m
2025-09-24 11:27:44,934 - workers.proxy_pool - INFO - _worker_loop:503 - [2m2025-09-24T05:57:44.934136Z[0m [[32m[1minfo     [0m] [1m🔴 Worker stopped              [0m [[0m[1m[34mworkers.proxy_pool[0m][0m [36mfinal_stats[0m=[35m{'requests_processed': 1, 'requests_failed': 0, 'requests_retried': 0}[0m [36mworker_id[0m=[35mworker_0[0m [36mworker_status[0m=[35mSTOPPED[0m
2025-09-24 11:27:44,934 - workers.proxy_pool - INFO - _worker_loop:489 - [2m2025-09-24T05:57:44.934136Z[0m [[32m[1minfo     [0m] [1m🛑 Worker cancelled            [0m [[0m[1m[34mworkers.proxy_pool[0m][0m [36mworker_id[0m=[35mworker_1[0m [36mworker_status[0m=[35mCANCELLED[0m
2025-09-24 11:27:44,934 - workers.proxy_pool - INFO - _worker_loop:503 - [2m2025-09-24T05:57:44.934136Z[0m [[32m[1minfo     [0m] [1m🔴 Worker stopped              [0m [[0m[1m[34mworkers.proxy_pool[0m][0m [36mfinal_stats[0m=[35m{'requests_processed': 1, 'requests_failed': 0, 'requests_retried': 0}[0m [36mworker_id[0m=[35mworker_1[0m [36mworker_status[0m=[35mSTOPPED[0m
2025-09-24 11:27:44,934 - workers.proxy_pool - INFO - _worker_loop:489 - [2m2025-09-24T05:57:44.934136Z[0m [[32m[1minfo     [0m] [1m🛑 Worker cancelled            [0m [[0m[1m[34mworkers.proxy_pool[0m][0m [36mworker_id[0m=[35mworker_2[0m [36mworker_status[0m=[35mCANCELLED[0m
2025-09-24 11:27:44,934 - workers.proxy_pool - INFO - _worker_loop:503 - [2m2025-09-24T05:57:44.934136Z[0m [[32m[1minfo     [0m] [1m🔴 Worker stopped              [0m [[0m[1m[34mworkers.proxy_pool[0m][0m [36mfinal_stats[0m=[35m{'requests_processed': 1, 'requests_failed': 0, 'requests_retried': 0}[0m [36mworker_id[0m=[35mworker_2[0m [36mworker_status[0m=[35mSTOPPED[0m
2025-09-24 11:27:44,937 - workers.resilience - INFO - close:341 - [2m2025-09-24T05:57:44.937154Z[0m [[32m[1minfo     [0m] [1mClosing HTTP connection pool  [0m [[0m[1m[34mworkers.resilience[0m][0m
2025-09-24 11:27:44,937 - httpcore.connection - DEBUG - atrace:87 - close.started
2025-09-24 11:27:44,937 - httpcore.connection - DEBUG - atrace:87 - close.complete
2025-09-24 11:27:44,937 - httpcore.connection - DEBUG - atrace:87 - close.started
2025-09-24 11:27:44,937 - httpcore.connection - DEBUG - atrace:87 - close.complete
2025-09-24 11:27:44,937 - httpcore.connection - DEBUG - atrace:87 - close.started
2025-09-24 11:27:44,938 - httpcore.connection - DEBUG - atrace:87 - close.complete
2025-09-24 11:27:44,939 - workers.proxy_pool - INFO - stop:415 - [2m2025-09-24T05:57:44.939764Z[0m [[32m[1minfo     [0m] [1mProxy pool stopped            [0m [[0m[1m[34mworkers.proxy_pool[0m][0m
2025-09-24 11:27:44,961 - connector - INFO - _push_metrics_to_gateway:536 - [2m2025-09-24T05:57:44.961490Z[0m [[32m[1minfo     [0m] [1mMetrics pushed to Prometheus Push Gateway successfully.[0m [[0m[1m[34mconnector[0m][0m
