2025-09-22 12:18:17,208 - logging_config - INFO - setup_connector_logging:106 - [2m2025-09-22T06:48:17.208503Z[0m [[32m[1minfo     [0m] [1mSAP OData Connector logging configured[0m [[0m[1m[34mlogging_config[0m][0m [36mlog_file[0m=[35mlogs\sap_odata_connector_20250922_121817.log[0m [36mlog_level[0m=[35mINFO[0m [36mlog_to_file[0m=[35mTrue[0m
2025-09-22 12:18:18,143 - asyncio - DEBUG - __init__:634 - Using proactor: IocpProactor
2025-09-22 12:18:18,145 - connector - INFO - initialize:96 - [2m2025-09-22T06:48:18.145862Z[0m [[32m[1minfo     [0m] [1mInitializing SAP OData Connector[0m [[0m[1m[34mconnector[0m][0m
2025-09-22 12:18:18,146 - connector - INFO - initialize:124 - [2m2025-09-22T06:48:18.146925Z[0m [[32m[1minfo     [0m] [1mConnector initialization completed[0m [[0m[1m[34mconnector[0m][0m
2025-09-22 12:18:18,149 - connector - INFO - run:152 - [2m2025-09-22T06:48:18.149620Z[0m [[32m[1minfo     [0m] [1mStarting SAP OData connector execution[0m [[0m[1m[34mconnector[0m][0m
2025-09-22 12:18:18,149 - connector - INFO - _discovery_phase:187 - [2m2025-09-22T06:48:18.149620Z[0m [[32m[1minfo     [0m] [1mStarting discovery phase      [0m [[0m[1m[34mconnector[0m][0m
2025-09-22 12:18:18,537 - services.metadata - INFO - fetch_metadata:64 - [2m2025-09-22T06:48:18.537158Z[0m [[32m[1minfo     [0m] [1mFetching metadata from OData service[0m [[0m[1m[34mservices.metadata[0m][0m [36murl[0m=[35mhttps://services.odata.org/V4/Northwind/Northwind.svc/$metadata[0m
2025-09-22 12:18:18,543 - httpcore.connection - DEBUG - atrace:87 - connect_tcp.started host='services.odata.org' port=443 local_address=None timeout=30 socket_options=None
2025-09-22 12:18:18,829 - httpcore.connection - DEBUG - atrace:87 - connect_tcp.complete return_value=<httpcore._backends.anyio.AnyIOStream object at 0x00000175944E02F0>
2025-09-22 12:18:18,829 - httpcore.connection - DEBUG - atrace:87 - start_tls.started ssl_context=<ssl.SSLContext object at 0x000001759591D650> server_hostname='services.odata.org' timeout=30
2025-09-22 12:18:19,346 - httpcore.connection - DEBUG - atrace:87 - start_tls.complete return_value=<httpcore._backends.anyio.AnyIOStream object at 0x00000175955B92E0>
2025-09-22 12:18:19,346 - httpcore.http11 - DEBUG - atrace:87 - send_request_headers.started request=<Request [b'GET']>
2025-09-22 12:18:19,346 - httpcore.http11 - DEBUG - atrace:87 - send_request_headers.complete
2025-09-22 12:18:19,346 - httpcore.http11 - DEBUG - atrace:87 - send_request_body.started request=<Request [b'GET']>
2025-09-22 12:18:19,346 - httpcore.http11 - DEBUG - atrace:87 - send_request_body.complete
2025-09-22 12:18:19,346 - httpcore.http11 - DEBUG - atrace:87 - receive_response_headers.started request=<Request [b'GET']>
2025-09-22 12:18:19,619 - httpcore.http11 - DEBUG - atrace:87 - receive_response_headers.complete return_value=(b'HTTP/1.1', 200, b'OK', [(b'Content-Length', b'19406'), (b'Content-Type', b'application/xml;charset=utf-8'), (b'Date', b'Mon, 22 Sep 2025 06:48:21 GMT'), (b'Server', b'Microsoft-IIS/10.0'), (b'Access-Control-Allow-Headers', b'Accept, Origin, Content-Type, MaxDataServiceVersion'), (b'Access-Control-Allow-Methods', b'GET'), (b'Access-Control-Allow-Origin', b'*'), (b'Access-Control-Expose-Headers', b'DataServiceVersion'), (b'Cache-Control', b'private'), (b'Expires', b'Mon, 22 Sep 2025 06:49:21 GMT'), (b'Vary', b'*'), (b'X-Content-Type-Options', b'nosniff'), (b'OData-Version', b'4.0;'), (b'X-AspNet-Version', b'4.0.30319'), (b'X-Powered-By', b'ASP.NET')])
2025-09-22 12:18:19,620 - httpx - INFO - _send_single_request:1740 - HTTP Request: GET https://services.odata.org/V4/Northwind/Northwind.svc/$metadata "HTTP/1.1 200 OK"
2025-09-22 12:18:19,620 - httpcore.http11 - DEBUG - atrace:87 - receive_response_body.started request=<Request [b'GET']>
2025-09-22 12:18:19,926 - httpcore.http11 - DEBUG - atrace:87 - receive_response_body.complete
2025-09-22 12:18:19,928 - httpcore.http11 - DEBUG - atrace:87 - response_closed.started
2025-09-22 12:18:19,928 - httpcore.http11 - DEBUG - atrace:87 - response_closed.complete
2025-09-22 12:18:19,928 - services.metadata - INFO - fetch_metadata:82 - [2m2025-09-22T06:48:19.928124Z[0m [[32m[1minfo     [0m] [1mSuccessfully parsed metadata  [0m [[0m[1m[34mservices.metadata[0m][0m [36mentity_count[0m=[35m26[0m
2025-09-22 12:18:19,928 - httpcore.connection - DEBUG - atrace:87 - close.started
2025-09-22 12:18:19,928 - httpcore.connection - DEBUG - atrace:87 - close.complete
2025-09-22 12:18:20,283 - services.count - INFO - get_entity_counts:34 - [2m2025-09-22T06:48:20.283419Z[0m [[32m[1minfo     [0m] [1mFetching entity counts        [0m [[0m[1m[34mservices.count[0m][0m [36mentity_count[0m=[35m26[0m
2025-09-22 12:18:20,286 - httpcore.connection - DEBUG - atrace:87 - connect_tcp.started host='services.odata.org' port=443 local_address=None timeout=30 socket_options=None
2025-09-22 12:18:20,287 - httpcore.connection - DEBUG - atrace:87 - connect_tcp.started host='services.odata.org' port=443 local_address=None timeout=30 socket_options=None
2025-09-22 12:18:20,287 - httpcore.connection - DEBUG - atrace:87 - connect_tcp.started host='services.odata.org' port=443 local_address=None timeout=30 socket_options=None
2025-09-22 12:18:20,287 - httpcore.connection - DEBUG - atrace:87 - connect_tcp.started host='services.odata.org' port=443 local_address=None timeout=30 socket_options=None
2025-09-22 12:18:20,287 - httpcore.connection - DEBUG - atrace:87 - connect_tcp.started host='services.odata.org' port=443 local_address=None timeout=30 socket_options=None
2025-09-22 12:18:20,289 - httpcore.connection - DEBUG - atrace:87 - connect_tcp.started host='services.odata.org' port=443 local_address=None timeout=30 socket_options=None
2025-09-22 12:18:20,289 - httpcore.connection - DEBUG - atrace:87 - connect_tcp.started host='services.odata.org' port=443 local_address=None timeout=30 socket_options=None
2025-09-22 12:18:20,289 - httpcore.connection - DEBUG - atrace:87 - connect_tcp.started host='services.odata.org' port=443 local_address=None timeout=30 socket_options=None
2025-09-22 12:18:20,289 - httpcore.connection - DEBUG - atrace:87 - connect_tcp.started host='services.odata.org' port=443 local_address=None timeout=30 socket_options=None
2025-09-22 12:18:20,289 - httpcore.connection - DEBUG - atrace:87 - connect_tcp.started host='services.odata.org' port=443 local_address=None timeout=30 socket_options=None
2025-09-22 12:18:20,289 - httpcore.connection - DEBUG - atrace:87 - connect_tcp.started host='services.odata.org' port=443 local_address=None timeout=30 socket_options=None
2025-09-22 12:18:20,292 - httpcore.connection - DEBUG - atrace:87 - connect_tcp.started host='services.odata.org' port=443 local_address=None timeout=30 socket_options=None
2025-09-22 12:18:20,292 - httpcore.connection - DEBUG - atrace:87 - connect_tcp.started host='services.odata.org' port=443 local_address=None timeout=30 socket_options=None
2025-09-22 12:18:20,292 - httpcore.connection - DEBUG - atrace:87 - connect_tcp.started host='services.odata.org' port=443 local_address=None timeout=30 socket_options=None
2025-09-22 12:18:20,293 - httpcore.connection - DEBUG - atrace:87 - connect_tcp.started host='services.odata.org' port=443 local_address=None timeout=30 socket_options=None
2025-09-22 12:18:20,293 - httpcore.connection - DEBUG - atrace:87 - connect_tcp.started host='services.odata.org' port=443 local_address=None timeout=30 socket_options=None
2025-09-22 12:18:20,293 - httpcore.connection - DEBUG - atrace:87 - connect_tcp.started host='services.odata.org' port=443 local_address=None timeout=30 socket_options=None
2025-09-22 12:18:20,293 - httpcore.connection - DEBUG - atrace:87 - connect_tcp.started host='services.odata.org' port=443 local_address=None timeout=30 socket_options=None
2025-09-22 12:18:20,293 - httpcore.connection - DEBUG - atrace:87 - connect_tcp.started host='services.odata.org' port=443 local_address=None timeout=30 socket_options=None
2025-09-22 12:18:20,295 - httpcore.connection - DEBUG - atrace:87 - connect_tcp.started host='services.odata.org' port=443 local_address=None timeout=30 socket_options=None
2025-09-22 12:18:20,295 - httpcore.connection - DEBUG - atrace:87 - connect_tcp.started host='services.odata.org' port=443 local_address=None timeout=30 socket_options=None
2025-09-22 12:18:20,295 - httpcore.connection - DEBUG - atrace:87 - connect_tcp.started host='services.odata.org' port=443 local_address=None timeout=30 socket_options=None
2025-09-22 12:18:20,295 - httpcore.connection - DEBUG - atrace:87 - connect_tcp.started host='services.odata.org' port=443 local_address=None timeout=30 socket_options=None
2025-09-22 12:18:20,295 - httpcore.connection - DEBUG - atrace:87 - connect_tcp.started host='services.odata.org' port=443 local_address=None timeout=30 socket_options=None
2025-09-22 12:18:20,295 - httpcore.connection - DEBUG - atrace:87 - connect_tcp.started host='services.odata.org' port=443 local_address=None timeout=30 socket_options=None
2025-09-22 12:18:20,295 - httpcore.connection - DEBUG - atrace:87 - connect_tcp.started host='services.odata.org' port=443 local_address=None timeout=30 socket_options=None
2025-09-22 12:18:20,652 - httpcore.connection - DEBUG - atrace:87 - connect_tcp.complete return_value=<httpcore._backends.anyio.AnyIOStream object at 0x00000175959E98B0>
2025-09-22 12:18:20,655 - httpcore.connection - DEBUG - atrace:87 - start_tls.started ssl_context=<ssl.SSLContext object at 0x000001759591E450> server_hostname='services.odata.org' timeout=30
2025-09-22 12:18:20,655 - httpcore.connection - DEBUG - atrace:87 - connect_tcp.complete return_value=<httpcore._backends.anyio.AnyIOStream object at 0x0000017595A700E0>
2025-09-22 12:18:20,655 - httpcore.connection - DEBUG - atrace:87 - start_tls.started ssl_context=<ssl.SSLContext object at 0x000001759591E450> server_hostname='services.odata.org' timeout=30
2025-09-22 12:18:20,655 - httpcore.connection - DEBUG - atrace:87 - connect_tcp.complete return_value=<httpcore._backends.anyio.AnyIOStream object at 0x00000175959A3F80>
2025-09-22 12:18:20,655 - httpcore.connection - DEBUG - atrace:87 - start_tls.started ssl_context=<ssl.SSLContext object at 0x000001759591E450> server_hostname='services.odata.org' timeout=30
2025-09-22 12:18:20,655 - httpcore.connection - DEBUG - atrace:87 - connect_tcp.complete return_value=<httpcore._backends.anyio.AnyIOStream object at 0x0000017595A709E0>
2025-09-22 12:18:20,655 - httpcore.connection - DEBUG - atrace:87 - start_tls.started ssl_context=<ssl.SSLContext object at 0x000001759591E450> server_hostname='services.odata.org' timeout=30
2025-09-22 12:18:20,655 - httpcore.connection - DEBUG - atrace:87 - connect_tcp.complete return_value=<httpcore._backends.anyio.AnyIOStream object at 0x00000175959EAB10>
2025-09-22 12:18:20,655 - httpcore.connection - DEBUG - atrace:87 - start_tls.started ssl_context=<ssl.SSLContext object at 0x000001759591E450> server_hostname='services.odata.org' timeout=30
2025-09-22 12:18:20,655 - httpcore.connection - DEBUG - atrace:87 - connect_tcp.complete return_value=<httpcore._backends.anyio.AnyIOStream object at 0x00000175959E9EE0>
2025-09-22 12:18:20,655 - httpcore.connection - DEBUG - atrace:87 - start_tls.started ssl_context=<ssl.SSLContext object at 0x000001759591E450> server_hostname='services.odata.org' timeout=30
2025-09-22 12:18:20,655 - httpcore.connection - DEBUG - atrace:87 - connect_tcp.complete return_value=<httpcore._backends.anyio.AnyIOStream object at 0x0000017595A144D0>
2025-09-22 12:18:20,655 - httpcore.connection - DEBUG - atrace:87 - start_tls.started ssl_context=<ssl.SSLContext object at 0x000001759591E450> server_hostname='services.odata.org' timeout=30
2025-09-22 12:18:20,655 - httpcore.connection - DEBUG - atrace:87 - connect_tcp.complete return_value=<httpcore._backends.anyio.AnyIOStream object at 0x00000175959E8C80>
2025-09-22 12:18:20,660 - httpcore.connection - DEBUG - atrace:87 - start_tls.started ssl_context=<ssl.SSLContext object at 0x000001759591E450> server_hostname='services.odata.org' timeout=30
2025-09-22 12:18:20,660 - httpcore.connection - DEBUG - atrace:87 - connect_tcp.complete return_value=<httpcore._backends.anyio.AnyIOStream object at 0x0000017592DB0CB0>
2025-09-22 12:18:20,660 - httpcore.connection - DEBUG - atrace:87 - start_tls.started ssl_context=<ssl.SSLContext object at 0x000001759591E450> server_hostname='services.odata.org' timeout=30
2025-09-22 12:18:20,660 - httpcore.connection - DEBUG - atrace:87 - connect_tcp.complete return_value=<httpcore._backends.anyio.AnyIOStream object at 0x00000175959A0B00>
2025-09-22 12:18:20,660 - httpcore.connection - DEBUG - atrace:87 - start_tls.started ssl_context=<ssl.SSLContext object at 0x000001759591E450> server_hostname='services.odata.org' timeout=30
2025-09-22 12:18:20,661 - httpcore.connection - DEBUG - atrace:87 - connect_tcp.complete return_value=<httpcore._backends.anyio.AnyIOStream object at 0x0000017595A151F0>
2025-09-22 12:18:20,661 - httpcore.connection - DEBUG - atrace:87 - start_tls.started ssl_context=<ssl.SSLContext object at 0x000001759591E450> server_hostname='services.odata.org' timeout=30
2025-09-22 12:18:20,661 - httpcore.connection - DEBUG - atrace:87 - connect_tcp.complete return_value=<httpcore._backends.anyio.AnyIOStream object at 0x0000017595A14B60>
2025-09-22 12:18:20,661 - httpcore.connection - DEBUG - atrace:87 - start_tls.started ssl_context=<ssl.SSLContext object at 0x000001759591E450> server_hostname='services.odata.org' timeout=30
2025-09-22 12:18:20,662 - httpcore.connection - DEBUG - atrace:87 - connect_tcp.complete return_value=<httpcore._backends.anyio.AnyIOStream object at 0x0000017595A17FE0>
2025-09-22 12:18:20,662 - httpcore.connection - DEBUG - atrace:87 - start_tls.started ssl_context=<ssl.SSLContext object at 0x000001759591E450> server_hostname='services.odata.org' timeout=30
2025-09-22 12:18:20,664 - httpcore.connection - DEBUG - atrace:87 - connect_tcp.complete return_value=<httpcore._backends.anyio.AnyIOStream object at 0x00000175959EB110>
2025-09-22 12:18:20,664 - httpcore.connection - DEBUG - atrace:87 - start_tls.started ssl_context=<ssl.SSLContext object at 0x000001759591E450> server_hostname='services.odata.org' timeout=30
2025-09-22 12:18:20,664 - httpcore.connection - DEBUG - atrace:87 - connect_tcp.complete return_value=<httpcore._backends.anyio.AnyIOStream object at 0x0000017595A16C30>
2025-09-22 12:18:20,664 - httpcore.connection - DEBUG - atrace:87 - start_tls.started ssl_context=<ssl.SSLContext object at 0x000001759591E450> server_hostname='services.odata.org' timeout=30
2025-09-22 12:18:20,664 - httpcore.connection - DEBUG - atrace:87 - connect_tcp.complete return_value=<httpcore._backends.anyio.AnyIOStream object at 0x0000017595A15880>
2025-09-22 12:18:20,664 - httpcore.connection - DEBUG - atrace:87 - start_tls.started ssl_context=<ssl.SSLContext object at 0x000001759591E450> server_hostname='services.odata.org' timeout=30
2025-09-22 12:18:20,670 - httpcore.connection - DEBUG - atrace:87 - connect_tcp.complete return_value=<httpcore._backends.anyio.AnyIOStream object at 0x00000175959EB770>
2025-09-22 12:18:20,671 - httpcore.connection - DEBUG - atrace:87 - start_tls.started ssl_context=<ssl.SSLContext object at 0x000001759591E450> server_hostname='services.odata.org' timeout=30
2025-09-22 12:18:20,672 - httpcore.connection - DEBUG - atrace:87 - connect_tcp.complete return_value=<httpcore._backends.anyio.AnyIOStream object at 0x00000175959E8650>
2025-09-22 12:18:20,672 - httpcore.connection - DEBUG - atrace:87 - start_tls.started ssl_context=<ssl.SSLContext object at 0x000001759591E450> server_hostname='services.odata.org' timeout=30
2025-09-22 12:18:20,672 - httpcore.connection - DEBUG - atrace:87 - connect_tcp.complete return_value=<httpcore._backends.anyio.AnyIOStream object at 0x000001759593EB10>
2025-09-22 12:18:20,672 - httpcore.connection - DEBUG - atrace:87 - start_tls.started ssl_context=<ssl.SSLContext object at 0x000001759591E450> server_hostname='services.odata.org' timeout=30
2025-09-22 12:18:20,674 - httpcore.connection - DEBUG - atrace:87 - connect_tcp.complete return_value=<httpcore._backends.anyio.AnyIOStream object at 0x00000175959E92B0>
2025-09-22 12:18:20,675 - httpcore.connection - DEBUG - atrace:87 - start_tls.started ssl_context=<ssl.SSLContext object at 0x000001759591E450> server_hostname='services.odata.org' timeout=30
2025-09-22 12:18:20,676 - httpcore.connection - DEBUG - atrace:87 - connect_tcp.complete return_value=<httpcore._backends.anyio.AnyIOStream object at 0x00000175959EBE00>
2025-09-22 12:18:20,676 - httpcore.connection - DEBUG - atrace:87 - start_tls.started ssl_context=<ssl.SSLContext object at 0x000001759591E450> server_hostname='services.odata.org' timeout=30
2025-09-22 12:18:20,677 - httpcore.connection - DEBUG - atrace:87 - connect_tcp.complete return_value=<httpcore._backends.anyio.AnyIOStream object at 0x0000017595A172C0>
2025-09-22 12:18:20,677 - httpcore.connection - DEBUG - atrace:87 - start_tls.started ssl_context=<ssl.SSLContext object at 0x000001759591E450> server_hostname='services.odata.org' timeout=30
2025-09-22 12:18:20,679 - httpcore.connection - DEBUG - atrace:87 - connect_tcp.complete return_value=<httpcore._backends.anyio.AnyIOStream object at 0x0000017595A165A0>
2025-09-22 12:18:20,679 - httpcore.connection - DEBUG - atrace:87 - start_tls.started ssl_context=<ssl.SSLContext object at 0x000001759591E450> server_hostname='services.odata.org' timeout=30
2025-09-22 12:18:20,679 - httpcore.connection - DEBUG - atrace:87 - connect_tcp.complete return_value=<httpcore._backends.anyio.AnyIOStream object at 0x0000017595A70B60>
2025-09-22 12:18:20,679 - httpcore.connection - DEBUG - atrace:87 - start_tls.started ssl_context=<ssl.SSLContext object at 0x000001759591E450> server_hostname='services.odata.org' timeout=30
2025-09-22 12:18:20,681 - httpcore.connection - DEBUG - atrace:87 - connect_tcp.complete return_value=<httpcore._backends.anyio.AnyIOStream object at 0x0000017595A17950>
2025-09-22 12:18:20,681 - httpcore.connection - DEBUG - atrace:87 - start_tls.started ssl_context=<ssl.SSLContext object at 0x000001759591E450> server_hostname='services.odata.org' timeout=30
2025-09-22 12:18:20,683 - httpcore.connection - DEBUG - atrace:87 - connect_tcp.complete return_value=<httpcore._backends.anyio.AnyIOStream object at 0x00000175959A1070>
2025-09-22 12:18:20,684 - httpcore.connection - DEBUG - atrace:87 - start_tls.started ssl_context=<ssl.SSLContext object at 0x000001759591E450> server_hostname='services.odata.org' timeout=30
2025-09-22 12:18:21,280 - httpcore.connection - DEBUG - atrace:87 - start_tls.complete return_value=<httpcore._backends.anyio.AnyIOStream object at 0x00000175957CB2F0>
2025-09-22 12:18:21,280 - httpcore.connection - DEBUG - atrace:87 - start_tls.complete return_value=<httpcore._backends.anyio.AnyIOStream object at 0x00000175959E9E80>
2025-09-22 12:18:21,280 - httpcore.connection - DEBUG - atrace:87 - start_tls.complete return_value=<httpcore._backends.anyio.AnyIOStream object at 0x000001759593EAE0>
2025-09-22 12:18:21,290 - httpcore.http11 - DEBUG - atrace:87 - send_request_headers.started request=<Request [b'GET']>
2025-09-22 12:18:21,290 - httpcore.http11 - DEBUG - atrace:87 - send_request_headers.started request=<Request [b'GET']>
2025-09-22 12:18:21,290 - httpcore.http11 - DEBUG - atrace:87 - send_request_headers.started request=<Request [b'GET']>
2025-09-22 12:18:21,290 - httpcore.connection - DEBUG - atrace:87 - start_tls.complete return_value=<httpcore._backends.anyio.AnyIOStream object at 0x0000017595A151C0>
2025-09-22 12:18:21,290 - httpcore.connection - DEBUG - atrace:87 - start_tls.complete return_value=<httpcore._backends.anyio.AnyIOStream object at 0x0000017595A16570>
2025-09-22 12:18:21,380 - httpcore.http11 - DEBUG - atrace:87 - send_request_headers.complete
2025-09-22 12:18:21,380 - httpcore.http11 - DEBUG - atrace:87 - send_request_body.started request=<Request [b'GET']>
2025-09-22 12:18:21,380 - httpcore.http11 - DEBUG - atrace:87 - send_request_body.complete
2025-09-22 12:18:21,380 - httpcore.http11 - DEBUG - atrace:87 - receive_response_headers.started request=<Request [b'GET']>
2025-09-22 12:18:21,380 - httpcore.http11 - DEBUG - atrace:87 - send_request_headers.complete
2025-09-22 12:18:21,380 - httpcore.http11 - DEBUG - atrace:87 - send_request_body.started request=<Request [b'GET']>
2025-09-22 12:18:21,380 - httpcore.http11 - DEBUG - atrace:87 - send_request_body.complete
2025-09-22 12:18:21,380 - httpcore.http11 - DEBUG - atrace:87 - receive_response_headers.started request=<Request [b'GET']>
2025-09-22 12:18:21,380 - httpcore.http11 - DEBUG - atrace:87 - send_request_headers.complete
2025-09-22 12:18:21,380 - httpcore.http11 - DEBUG - atrace:87 - send_request_body.started request=<Request [b'GET']>
2025-09-22 12:18:21,380 - httpcore.http11 - DEBUG - atrace:87 - send_request_body.complete
2025-09-22 12:18:21,380 - httpcore.http11 - DEBUG - atrace:87 - receive_response_headers.started request=<Request [b'GET']>
2025-09-22 12:18:21,380 - httpcore.http11 - DEBUG - atrace:87 - send_request_headers.started request=<Request [b'GET']>
2025-09-22 12:18:21,380 - httpcore.http11 - DEBUG - atrace:87 - send_request_headers.started request=<Request [b'GET']>
2025-09-22 12:18:21,380 - httpcore.connection - DEBUG - atrace:87 - start_tls.complete return_value=<httpcore._backends.anyio.AnyIOStream object at 0x00000175959EB740>
2025-09-22 12:18:21,380 - httpcore.connection - DEBUG - atrace:87 - start_tls.complete return_value=<httpcore._backends.anyio.AnyIOStream object at 0x0000017595A17290>
2025-09-22 12:18:21,380 - httpcore.connection - DEBUG - atrace:87 - start_tls.complete return_value=<httpcore._backends.anyio.AnyIOStream object at 0x00000175959EB0E0>
2025-09-22 12:18:21,380 - httpcore.connection - DEBUG - atrace:87 - start_tls.complete return_value=<httpcore._backends.anyio.AnyIOStream object at 0x00000175959A1E50>
2025-09-22 12:18:21,382 - httpcore.connection - DEBUG - atrace:87 - start_tls.complete return_value=<httpcore._backends.anyio.AnyIOStream object at 0x0000017595A727E0>
2025-09-22 12:18:21,382 - httpcore.connection - DEBUG - atrace:87 - start_tls.complete return_value=<httpcore._backends.anyio.AnyIOStream object at 0x00000175959EBDD0>
2025-09-22 12:18:21,382 - httpcore.connection - DEBUG - atrace:87 - start_tls.complete return_value=<httpcore._backends.anyio.AnyIOStream object at 0x0000017595A15EE0>
2025-09-22 12:18:21,382 - httpcore.connection - DEBUG - atrace:87 - start_tls.complete return_value=<httpcore._backends.anyio.AnyIOStream object at 0x00000175959A3EF0>
2025-09-22 12:18:21,382 - httpcore.connection - DEBUG - atrace:87 - start_tls.complete return_value=<httpcore._backends.anyio.AnyIOStream object at 0x00000175959E9850>
2025-09-22 12:18:21,383 - httpcore.connection - DEBUG - atrace:87 - start_tls.complete return_value=<httpcore._backends.anyio.AnyIOStream object at 0x0000017595A14B30>
2025-09-22 12:18:21,383 - httpcore.connection - DEBUG - atrace:87 - start_tls.complete return_value=<httpcore._backends.anyio.AnyIOStream object at 0x00000175959E9250>
2025-09-22 12:18:21,383 - httpcore.connection - DEBUG - atrace:87 - start_tls.complete return_value=<httpcore._backends.anyio.AnyIOStream object at 0x0000017595A15850>
2025-09-22 12:18:21,383 - httpcore.connection - DEBUG - atrace:87 - start_tls.complete return_value=<httpcore._backends.anyio.AnyIOStream object at 0x00000175959E85F0>
2025-09-22 12:18:21,383 - httpcore.connection - DEBUG - atrace:87 - start_tls.complete return_value=<httpcore._backends.anyio.AnyIOStream object at 0x00000175959EAAB0>
2025-09-22 12:18:21,383 - httpcore.connection - DEBUG - atrace:87 - start_tls.complete return_value=<httpcore._backends.anyio.AnyIOStream object at 0x00000175959EA4B0>
2025-09-22 12:18:21,383 - httpcore.connection - DEBUG - atrace:87 - start_tls.complete return_value=<httpcore._backends.anyio.AnyIOStream object at 0x0000017595A4EB40>
2025-09-22 12:18:21,383 - httpcore.connection - DEBUG - atrace:87 - start_tls.complete return_value=<httpcore._backends.anyio.AnyIOStream object at 0x0000017595A144A0>
2025-09-22 12:18:21,383 - httpcore.connection - DEBUG - atrace:87 - start_tls.complete return_value=<httpcore._backends.anyio.AnyIOStream object at 0x00000175959E8C20>
2025-09-22 12:18:21,383 - httpcore.connection - DEBUG - atrace:87 - start_tls.complete return_value=<httpcore._backends.anyio.AnyIOStream object at 0x0000017595A16C00>
2025-09-22 12:18:21,384 - httpcore.connection - DEBUG - atrace:87 - start_tls.complete return_value=<httpcore._backends.anyio.AnyIOStream object at 0x0000017595A17FB0>
2025-09-22 12:18:21,385 - httpcore.connection - DEBUG - atrace:87 - start_tls.complete return_value=<httpcore._backends.anyio.AnyIOStream object at 0x0000017595A17920>
2025-09-22 12:18:21,385 - httpcore.http11 - DEBUG - atrace:87 - send_request_headers.complete
2025-09-22 12:18:21,385 - httpcore.http11 - DEBUG - atrace:87 - send_request_body.started request=<Request [b'GET']>
2025-09-22 12:18:21,385 - httpcore.http11 - DEBUG - atrace:87 - send_request_body.complete
2025-09-22 12:18:21,385 - httpcore.http11 - DEBUG - atrace:87 - receive_response_headers.started request=<Request [b'GET']>
2025-09-22 12:18:21,387 - httpcore.http11 - DEBUG - atrace:87 - send_request_headers.complete
2025-09-22 12:18:21,387 - httpcore.http11 - DEBUG - atrace:87 - send_request_body.started request=<Request [b'GET']>
2025-09-22 12:18:21,387 - httpcore.http11 - DEBUG - atrace:87 - send_request_body.complete
2025-09-22 12:18:21,387 - httpcore.http11 - DEBUG - atrace:87 - receive_response_headers.started request=<Request [b'GET']>
2025-09-22 12:18:21,387 - httpcore.http11 - DEBUG - atrace:87 - send_request_headers.started request=<Request [b'GET']>
2025-09-22 12:18:21,387 - httpcore.http11 - DEBUG - atrace:87 - send_request_headers.started request=<Request [b'GET']>
2025-09-22 12:18:21,387 - httpcore.http11 - DEBUG - atrace:87 - send_request_headers.started request=<Request [b'GET']>
2025-09-22 12:18:21,387 - httpcore.http11 - DEBUG - atrace:87 - send_request_headers.started request=<Request [b'GET']>
2025-09-22 12:18:21,387 - httpcore.http11 - DEBUG - atrace:87 - send_request_headers.started request=<Request [b'GET']>
2025-09-22 12:18:21,387 - httpcore.http11 - DEBUG - atrace:87 - send_request_headers.started request=<Request [b'GET']>
2025-09-22 12:18:21,387 - httpcore.http11 - DEBUG - atrace:87 - send_request_headers.started request=<Request [b'GET']>
2025-09-22 12:18:21,387 - httpcore.http11 - DEBUG - atrace:87 - send_request_headers.started request=<Request [b'GET']>
2025-09-22 12:18:21,387 - httpcore.http11 - DEBUG - atrace:87 - send_request_headers.started request=<Request [b'GET']>
2025-09-22 12:18:21,387 - httpcore.http11 - DEBUG - atrace:87 - send_request_headers.started request=<Request [b'GET']>
2025-09-22 12:18:21,387 - httpcore.http11 - DEBUG - atrace:87 - send_request_headers.started request=<Request [b'GET']>
2025-09-22 12:18:21,390 - httpcore.http11 - DEBUG - atrace:87 - send_request_headers.started request=<Request [b'GET']>
2025-09-22 12:18:21,390 - httpcore.http11 - DEBUG - atrace:87 - send_request_headers.started request=<Request [b'GET']>
2025-09-22 12:18:21,390 - httpcore.http11 - DEBUG - atrace:87 - send_request_headers.started request=<Request [b'GET']>
2025-09-22 12:18:21,390 - httpcore.http11 - DEBUG - atrace:87 - send_request_headers.started request=<Request [b'GET']>
2025-09-22 12:18:21,390 - httpcore.http11 - DEBUG - atrace:87 - send_request_headers.started request=<Request [b'GET']>
2025-09-22 12:18:21,390 - httpcore.http11 - DEBUG - atrace:87 - send_request_headers.started request=<Request [b'GET']>
2025-09-22 12:18:21,390 - httpcore.http11 - DEBUG - atrace:87 - send_request_headers.started request=<Request [b'GET']>
2025-09-22 12:18:21,390 - httpcore.http11 - DEBUG - atrace:87 - send_request_headers.started request=<Request [b'GET']>
2025-09-22 12:18:21,390 - httpcore.http11 - DEBUG - atrace:87 - send_request_headers.started request=<Request [b'GET']>
2025-09-22 12:18:21,390 - httpcore.http11 - DEBUG - atrace:87 - send_request_headers.started request=<Request [b'GET']>
2025-09-22 12:18:21,390 - httpcore.http11 - DEBUG - atrace:87 - send_request_headers.complete
2025-09-22 12:18:21,390 - httpcore.http11 - DEBUG - atrace:87 - send_request_body.started request=<Request [b'GET']>
2025-09-22 12:18:21,390 - httpcore.http11 - DEBUG - atrace:87 - send_request_body.complete
2025-09-22 12:18:21,390 - httpcore.http11 - DEBUG - atrace:87 - receive_response_headers.started request=<Request [b'GET']>
2025-09-22 12:18:21,390 - httpcore.http11 - DEBUG - atrace:87 - send_request_headers.complete
2025-09-22 12:18:21,392 - httpcore.http11 - DEBUG - atrace:87 - send_request_body.started request=<Request [b'GET']>
2025-09-22 12:18:21,392 - httpcore.http11 - DEBUG - atrace:87 - send_request_body.complete
2025-09-22 12:18:21,392 - httpcore.http11 - DEBUG - atrace:87 - receive_response_headers.started request=<Request [b'GET']>
2025-09-22 12:18:21,392 - httpcore.http11 - DEBUG - atrace:87 - send_request_headers.complete
2025-09-22 12:18:21,392 - httpcore.http11 - DEBUG - atrace:87 - send_request_body.started request=<Request [b'GET']>
2025-09-22 12:18:21,392 - httpcore.http11 - DEBUG - atrace:87 - send_request_body.complete
2025-09-22 12:18:21,392 - httpcore.http11 - DEBUG - atrace:87 - receive_response_headers.started request=<Request [b'GET']>
2025-09-22 12:18:21,392 - httpcore.http11 - DEBUG - atrace:87 - send_request_headers.complete
2025-09-22 12:18:21,392 - httpcore.http11 - DEBUG - atrace:87 - send_request_body.started request=<Request [b'GET']>
2025-09-22 12:18:21,393 - httpcore.http11 - DEBUG - atrace:87 - send_request_body.complete
2025-09-22 12:18:21,393 - httpcore.http11 - DEBUG - atrace:87 - receive_response_headers.started request=<Request [b'GET']>
2025-09-22 12:18:21,393 - httpcore.http11 - DEBUG - atrace:87 - send_request_headers.complete
2025-09-22 12:18:21,393 - httpcore.http11 - DEBUG - atrace:87 - send_request_body.started request=<Request [b'GET']>
2025-09-22 12:18:21,393 - httpcore.http11 - DEBUG - atrace:87 - send_request_body.complete
2025-09-22 12:18:21,393 - httpcore.http11 - DEBUG - atrace:87 - receive_response_headers.started request=<Request [b'GET']>
2025-09-22 12:18:21,393 - httpcore.http11 - DEBUG - atrace:87 - send_request_headers.complete
2025-09-22 12:18:21,393 - httpcore.http11 - DEBUG - atrace:87 - send_request_body.started request=<Request [b'GET']>
2025-09-22 12:18:21,393 - httpcore.http11 - DEBUG - atrace:87 - send_request_body.complete
2025-09-22 12:18:21,393 - httpcore.http11 - DEBUG - atrace:87 - receive_response_headers.started request=<Request [b'GET']>
2025-09-22 12:18:21,393 - httpcore.http11 - DEBUG - atrace:87 - send_request_headers.complete
2025-09-22 12:18:21,393 - httpcore.http11 - DEBUG - atrace:87 - send_request_body.started request=<Request [b'GET']>
2025-09-22 12:18:21,393 - httpcore.http11 - DEBUG - atrace:87 - send_request_body.complete
2025-09-22 12:18:21,393 - httpcore.http11 - DEBUG - atrace:87 - receive_response_headers.started request=<Request [b'GET']>
2025-09-22 12:18:21,393 - httpcore.http11 - DEBUG - atrace:87 - send_request_headers.complete
2025-09-22 12:18:21,393 - httpcore.http11 - DEBUG - atrace:87 - send_request_body.started request=<Request [b'GET']>
2025-09-22 12:18:21,393 - httpcore.http11 - DEBUG - atrace:87 - send_request_body.complete
2025-09-22 12:18:21,393 - httpcore.http11 - DEBUG - atrace:87 - receive_response_headers.started request=<Request [b'GET']>
2025-09-22 12:18:21,393 - httpcore.http11 - DEBUG - atrace:87 - send_request_headers.complete
2025-09-22 12:18:21,393 - httpcore.http11 - DEBUG - atrace:87 - send_request_body.started request=<Request [b'GET']>
2025-09-22 12:18:21,393 - httpcore.http11 - DEBUG - atrace:87 - send_request_body.complete
2025-09-22 12:18:21,393 - httpcore.http11 - DEBUG - atrace:87 - receive_response_headers.started request=<Request [b'GET']>
2025-09-22 12:18:21,393 - httpcore.http11 - DEBUG - atrace:87 - send_request_headers.complete
2025-09-22 12:18:21,393 - httpcore.http11 - DEBUG - atrace:87 - send_request_body.started request=<Request [b'GET']>
2025-09-22 12:18:21,393 - httpcore.http11 - DEBUG - atrace:87 - send_request_body.complete
2025-09-22 12:18:21,393 - httpcore.http11 - DEBUG - atrace:87 - receive_response_headers.started request=<Request [b'GET']>
2025-09-22 12:18:21,393 - httpcore.http11 - DEBUG - atrace:87 - send_request_headers.complete
2025-09-22 12:18:21,393 - httpcore.http11 - DEBUG - atrace:87 - send_request_body.started request=<Request [b'GET']>
2025-09-22 12:18:21,393 - httpcore.http11 - DEBUG - atrace:87 - send_request_body.complete
2025-09-22 12:18:21,393 - httpcore.http11 - DEBUG - atrace:87 - receive_response_headers.started request=<Request [b'GET']>
2025-09-22 12:18:21,393 - httpcore.http11 - DEBUG - atrace:87 - send_request_headers.complete
2025-09-22 12:18:21,393 - httpcore.http11 - DEBUG - atrace:87 - send_request_body.started request=<Request [b'GET']>
2025-09-22 12:18:21,393 - httpcore.http11 - DEBUG - atrace:87 - send_request_body.complete
2025-09-22 12:18:21,393 - httpcore.http11 - DEBUG - atrace:87 - receive_response_headers.started request=<Request [b'GET']>
2025-09-22 12:18:21,395 - httpcore.http11 - DEBUG - atrace:87 - send_request_headers.complete
2025-09-22 12:18:21,395 - httpcore.http11 - DEBUG - atrace:87 - send_request_body.started request=<Request [b'GET']>
2025-09-22 12:18:21,395 - httpcore.http11 - DEBUG - atrace:87 - send_request_body.complete
2025-09-22 12:18:21,395 - httpcore.http11 - DEBUG - atrace:87 - receive_response_headers.started request=<Request [b'GET']>
2025-09-22 12:18:21,395 - httpcore.http11 - DEBUG - atrace:87 - send_request_headers.complete
2025-09-22 12:18:21,395 - httpcore.http11 - DEBUG - atrace:87 - send_request_body.started request=<Request [b'GET']>
2025-09-22 12:18:21,395 - httpcore.http11 - DEBUG - atrace:87 - send_request_body.complete
2025-09-22 12:18:21,395 - httpcore.http11 - DEBUG - atrace:87 - receive_response_headers.started request=<Request [b'GET']>
2025-09-22 12:18:21,395 - httpcore.http11 - DEBUG - atrace:87 - send_request_headers.complete
2025-09-22 12:18:21,395 - httpcore.http11 - DEBUG - atrace:87 - send_request_body.started request=<Request [b'GET']>
2025-09-22 12:18:21,395 - httpcore.http11 - DEBUG - atrace:87 - send_request_body.complete
2025-09-22 12:18:21,395 - httpcore.http11 - DEBUG - atrace:87 - receive_response_headers.started request=<Request [b'GET']>
2025-09-22 12:18:21,395 - httpcore.http11 - DEBUG - atrace:87 - send_request_headers.complete
2025-09-22 12:18:21,395 - httpcore.http11 - DEBUG - atrace:87 - send_request_body.started request=<Request [b'GET']>
2025-09-22 12:18:21,395 - httpcore.http11 - DEBUG - atrace:87 - send_request_body.complete
2025-09-22 12:18:21,395 - httpcore.http11 - DEBUG - atrace:87 - receive_response_headers.started request=<Request [b'GET']>
2025-09-22 12:18:21,395 - httpcore.http11 - DEBUG - atrace:87 - send_request_headers.complete
2025-09-22 12:18:21,395 - httpcore.http11 - DEBUG - atrace:87 - send_request_body.started request=<Request [b'GET']>
2025-09-22 12:18:21,395 - httpcore.http11 - DEBUG - atrace:87 - send_request_body.complete
2025-09-22 12:18:21,395 - httpcore.http11 - DEBUG - atrace:87 - receive_response_headers.started request=<Request [b'GET']>
2025-09-22 12:18:21,395 - httpcore.http11 - DEBUG - atrace:87 - send_request_headers.complete
2025-09-22 12:18:21,395 - httpcore.http11 - DEBUG - atrace:87 - send_request_body.started request=<Request [b'GET']>
2025-09-22 12:18:21,395 - httpcore.http11 - DEBUG - atrace:87 - send_request_body.complete
2025-09-22 12:18:21,395 - httpcore.http11 - DEBUG - atrace:87 - receive_response_headers.started request=<Request [b'GET']>
2025-09-22 12:18:21,395 - httpcore.http11 - DEBUG - atrace:87 - send_request_headers.complete
2025-09-22 12:18:21,395 - httpcore.http11 - DEBUG - atrace:87 - send_request_body.started request=<Request [b'GET']>
2025-09-22 12:18:21,395 - httpcore.http11 - DEBUG - atrace:87 - send_request_body.complete
2025-09-22 12:18:21,395 - httpcore.http11 - DEBUG - atrace:87 - receive_response_headers.started request=<Request [b'GET']>
2025-09-22 12:18:21,395 - httpcore.http11 - DEBUG - atrace:87 - send_request_headers.complete
2025-09-22 12:18:21,395 - httpcore.http11 - DEBUG - atrace:87 - send_request_body.started request=<Request [b'GET']>
2025-09-22 12:18:21,395 - httpcore.http11 - DEBUG - atrace:87 - send_request_body.complete
2025-09-22 12:18:21,395 - httpcore.http11 - DEBUG - atrace:87 - receive_response_headers.started request=<Request [b'GET']>
2025-09-22 12:18:21,395 - httpcore.http11 - DEBUG - atrace:87 - send_request_headers.complete
2025-09-22 12:18:21,395 - httpcore.http11 - DEBUG - atrace:87 - send_request_body.started request=<Request [b'GET']>
2025-09-22 12:18:21,395 - httpcore.http11 - DEBUG - atrace:87 - send_request_body.complete
2025-09-22 12:18:21,395 - httpcore.http11 - DEBUG - atrace:87 - receive_response_headers.started request=<Request [b'GET']>
2025-09-22 12:18:21,637 - httpcore.http11 - DEBUG - atrace:87 - receive_response_headers.complete return_value=(b'HTTP/1.1', 200, b'OK', [(b'Content-Length', b'122'), (b'Content-Type', b'text/plain;charset=utf-8'), (b'Date', b'Mon, 22 Sep 2025 06:48:22 GMT'), (b'Server', b'Microsoft-IIS/10.0'), (b'Access-Control-Allow-Headers', b'Accept, Origin, Content-Type, MaxDataServiceVersion'), (b'Access-Control-Allow-Methods', b'GET'), (b'Access-Control-Allow-Origin', b'*'), (b'Access-Control-Expose-Headers', b'DataServiceVersion'), (b'Cache-Control', b'private'), (b'Content-Encoding', b'gzip'), (b'Expires', b'Mon, 22 Sep 2025 06:49:23 GMT'), (b'Vary', b'*'), (b'X-Content-Type-Options', b'nosniff'), (b'OData-Version', b'4.0;'), (b'X-AspNet-Version', b'4.0.30319'), (b'X-Powered-By', b'ASP.NET')])
2025-09-22 12:18:21,637 - httpx - INFO - _send_single_request:1740 - HTTP Request: GET https://services.odata.org/V4/Northwind/Northwind.svc/Products_by_Categories/$count "HTTP/1.1 200 OK"
2025-09-22 12:18:21,637 - httpcore.http11 - DEBUG - atrace:87 - receive_response_body.started request=<Request [b'GET']>
2025-09-22 12:18:21,637 - httpcore.http11 - DEBUG - atrace:87 - receive_response_body.complete
2025-09-22 12:18:21,637 - httpcore.http11 - DEBUG - atrace:87 - response_closed.started
2025-09-22 12:18:21,637 - httpcore.http11 - DEBUG - atrace:87 - response_closed.complete
2025-09-22 12:18:21,637 - httpcore.connection - DEBUG - atrace:87 - close.started
2025-09-22 12:18:21,640 - httpcore.connection - DEBUG - atrace:87 - close.complete
2025-09-22 12:18:21,768 - httpcore.http11 - DEBUG - atrace:87 - receive_response_headers.complete return_value=(b'HTTP/1.1', 200, b'OK', [(b'Content-Length', b'122'), (b'Content-Type', b'text/plain;charset=utf-8'), (b'Date', b'Mon, 22 Sep 2025 06:48:23 GMT'), (b'Server', b'Microsoft-IIS/10.0'), (b'Access-Control-Allow-Headers', b'Accept, Origin, Content-Type, MaxDataServiceVersion'), (b'Access-Control-Allow-Methods', b'GET'), (b'Access-Control-Allow-Origin', b'*'), (b'Access-Control-Expose-Headers', b'DataServiceVersion'), (b'Cache-Control', b'private'), (b'Content-Encoding', b'gzip'), (b'Expires', b'Mon, 22 Sep 2025 06:49:23 GMT'), (b'Vary', b'*'), (b'X-Content-Type-Options', b'nosniff'), (b'OData-Version', b'4.0;'), (b'X-AspNet-Version', b'4.0.30319'), (b'X-Powered-By', b'ASP.NET')])
2025-09-22 12:18:21,768 - httpx - INFO - _send_single_request:1740 - HTTP Request: GET https://services.odata.org/V4/Northwind/Northwind.svc/Orders/$count "HTTP/1.1 200 OK"
2025-09-22 12:18:21,770 - httpcore.http11 - DEBUG - atrace:87 - receive_response_body.started request=<Request [b'GET']>
2025-09-22 12:18:21,770 - httpcore.http11 - DEBUG - atrace:87 - receive_response_body.complete
2025-09-22 12:18:21,771 - httpcore.http11 - DEBUG - atrace:87 - response_closed.started
2025-09-22 12:18:21,771 - httpcore.http11 - DEBUG - atrace:87 - response_closed.complete
2025-09-22 12:18:21,771 - httpcore.connection - DEBUG - atrace:87 - close.started
2025-09-22 12:18:21,771 - httpcore.connection - DEBUG - atrace:87 - close.complete
2025-09-22 12:18:22,200 - httpcore.http11 - DEBUG - atrace:87 - receive_response_headers.complete return_value=(b'HTTP/1.1', 200, b'OK', [(b'Content-Length', b'120'), (b'Content-Type', b'text/plain;charset=utf-8'), (b'Date', b'Mon, 22 Sep 2025 06:48:23 GMT'), (b'Server', b'Microsoft-IIS/10.0'), (b'Access-Control-Allow-Headers', b'Accept, Origin, Content-Type, MaxDataServiceVersion'), (b'Access-Control-Allow-Methods', b'GET'), (b'Access-Control-Allow-Origin', b'*'), (b'Access-Control-Expose-Headers', b'DataServiceVersion'), (b'Cache-Control', b'private'), (b'Content-Encoding', b'gzip'), (b'Expires', b'Mon, 22 Sep 2025 06:49:23 GMT'), (b'Vary', b'*'), (b'X-Content-Type-Options', b'nosniff'), (b'OData-Version', b'4.0;'), (b'X-AspNet-Version', b'4.0.30319'), (b'X-Powered-By', b'ASP.NET')])
2025-09-22 12:18:22,201 - httpx - INFO - _send_single_request:1740 - HTTP Request: GET https://services.odata.org/V4/Northwind/Northwind.svc/Category_Sales_for_1997/$count "HTTP/1.1 200 OK"
2025-09-22 12:18:22,201 - httpcore.http11 - DEBUG - atrace:87 - receive_response_body.started request=<Request [b'GET']>
2025-09-22 12:18:22,201 - httpcore.http11 - DEBUG - atrace:87 - receive_response_body.complete
2025-09-22 12:18:22,201 - httpcore.http11 - DEBUG - atrace:87 - response_closed.started
2025-09-22 12:18:22,201 - httpcore.http11 - DEBUG - atrace:87 - response_closed.complete
2025-09-22 12:18:22,201 - httpcore.connection - DEBUG - atrace:87 - close.started
2025-09-22 12:18:22,203 - httpcore.connection - DEBUG - atrace:87 - close.complete
2025-09-22 12:18:22,209 - httpcore.http11 - DEBUG - atrace:87 - receive_response_headers.complete return_value=(b'HTTP/1.1', 200, b'OK', [(b'Content-Length', b'122'), (b'Content-Type', b'text/plain;charset=utf-8'), (b'Date', b'Mon, 22 Sep 2025 06:48:23 GMT'), (b'Server', b'Microsoft-IIS/10.0'), (b'Access-Control-Allow-Headers', b'Accept, Origin, Content-Type, MaxDataServiceVersion'), (b'Access-Control-Allow-Methods', b'GET'), (b'Access-Control-Allow-Origin', b'*'), (b'Access-Control-Expose-Headers', b'DataServiceVersion'), (b'Cache-Control', b'private'), (b'Content-Encoding', b'gzip'), (b'Expires', b'Mon, 22 Sep 2025 06:49:23 GMT'), (b'Vary', b'*'), (b'X-Content-Type-Options', b'nosniff'), (b'OData-Version', b'4.0;'), (b'X-AspNet-Version', b'4.0.30319'), (b'X-Powered-By', b'ASP.NET')])
2025-09-22 12:18:22,209 - httpx - INFO - _send_single_request:1740 - HTTP Request: GET https://services.odata.org/V4/Northwind/Northwind.svc/Customer_and_Suppliers_by_Cities/$count "HTTP/1.1 200 OK"
2025-09-22 12:18:22,209 - httpcore.http11 - DEBUG - atrace:87 - receive_response_body.started request=<Request [b'GET']>
2025-09-22 12:18:22,209 - httpcore.http11 - DEBUG - atrace:87 - receive_response_body.complete
2025-09-22 12:18:22,209 - httpcore.http11 - DEBUG - atrace:87 - response_closed.started
2025-09-22 12:18:22,211 - httpcore.http11 - DEBUG - atrace:87 - response_closed.complete
2025-09-22 12:18:22,211 - httpcore.connection - DEBUG - atrace:87 - close.started
2025-09-22 12:18:22,211 - httpcore.connection - DEBUG - atrace:87 - close.complete
2025-09-22 12:18:22,220 - httpcore.http11 - DEBUG - atrace:87 - receive_response_headers.complete return_value=(b'HTTP/1.1', 200, b'OK', [(b'Content-Length', b'120'), (b'Content-Type', b'text/plain;charset=utf-8'), (b'Date', b'Mon, 22 Sep 2025 06:48:23 GMT'), (b'Server', b'Microsoft-IIS/10.0'), (b'Access-Control-Allow-Headers', b'Accept, Origin, Content-Type, MaxDataServiceVersion'), (b'Access-Control-Allow-Methods', b'GET'), (b'Access-Control-Allow-Origin', b'*'), (b'Access-Control-Expose-Headers', b'DataServiceVersion'), (b'Cache-Control', b'private'), (b'Content-Encoding', b'gzip'), (b'Expires', b'Mon, 22 Sep 2025 06:49:23 GMT'), (b'Vary', b'*'), (b'X-Content-Type-Options', b'nosniff'), (b'OData-Version', b'4.0;'), (b'X-AspNet-Version', b'4.0.30319'), (b'X-Powered-By', b'ASP.NET')])
2025-09-22 12:18:22,220 - httpx - INFO - _send_single_request:1740 - HTTP Request: GET https://services.odata.org/V4/Northwind/Northwind.svc/CustomerDemographics/$count "HTTP/1.1 200 OK"
2025-09-22 12:18:22,223 - httpcore.http11 - DEBUG - atrace:87 - receive_response_body.started request=<Request [b'GET']>
2025-09-22 12:18:22,223 - httpcore.http11 - DEBUG - atrace:87 - receive_response_body.complete
2025-09-22 12:18:22,223 - httpcore.http11 - DEBUG - atrace:87 - response_closed.started
2025-09-22 12:18:22,224 - httpcore.http11 - DEBUG - atrace:87 - response_closed.complete
2025-09-22 12:18:22,224 - httpcore.connection - DEBUG - atrace:87 - close.started
2025-09-22 12:18:22,224 - httpcore.connection - DEBUG - atrace:87 - close.complete
2025-09-22 12:18:22,251 - httpcore.http11 - DEBUG - atrace:87 - receive_response_headers.complete return_value=(b'HTTP/1.1', 200, b'OK', [(b'Content-Length', b'122'), (b'Content-Type', b'text/plain;charset=utf-8'), (b'Date', b'Mon, 22 Sep 2025 06:48:23 GMT'), (b'Server', b'Microsoft-IIS/10.0'), (b'Access-Control-Allow-Headers', b'Accept, Origin, Content-Type, MaxDataServiceVersion'), (b'Access-Control-Allow-Methods', b'GET'), (b'Access-Control-Allow-Origin', b'*'), (b'Access-Control-Expose-Headers', b'DataServiceVersion'), (b'Cache-Control', b'private'), (b'Content-Encoding', b'gzip'), (b'Expires', b'Mon, 22 Sep 2025 06:49:23 GMT'), (b'Vary', b'*'), (b'X-Content-Type-Options', b'nosniff'), (b'OData-Version', b'4.0;'), (b'X-AspNet-Version', b'4.0.30319'), (b'X-Powered-By', b'ASP.NET')])
2025-09-22 12:18:22,251 - httpx - INFO - _send_single_request:1740 - HTTP Request: GET https://services.odata.org/V4/Northwind/Northwind.svc/Summary_of_Sales_by_Quarters/$count "HTTP/1.1 200 OK"
2025-09-22 12:18:22,251 - httpcore.http11 - DEBUG - atrace:87 - receive_response_body.started request=<Request [b'GET']>
2025-09-22 12:18:22,251 - httpcore.http11 - DEBUG - atrace:87 - receive_response_body.complete
2025-09-22 12:18:22,251 - httpcore.http11 - DEBUG - atrace:87 - response_closed.started
2025-09-22 12:18:22,251 - httpcore.http11 - DEBUG - atrace:87 - response_closed.complete
2025-09-22 12:18:22,251 - httpcore.connection - DEBUG - atrace:87 - close.started
2025-09-22 12:18:22,251 - httpcore.connection - DEBUG - atrace:87 - close.complete
2025-09-22 12:18:22,535 - httpcore.http11 - DEBUG - atrace:87 - receive_response_headers.failed exception=CancelledError()
2025-09-22 12:18:22,535 - httpcore.http11 - DEBUG - atrace:87 - response_closed.started
2025-09-22 12:18:22,535 - httpcore.http11 - DEBUG - atrace:87 - receive_response_headers.failed exception=CancelledError()
2025-09-22 12:18:22,535 - httpcore.http11 - DEBUG - atrace:87 - response_closed.started
2025-09-22 12:18:22,535 - httpcore.http11 - DEBUG - atrace:87 - receive_response_headers.failed exception=CancelledError()
2025-09-22 12:18:22,535 - httpcore.http11 - DEBUG - atrace:87 - response_closed.started
2025-09-22 12:18:22,535 - httpcore.http11 - DEBUG - atrace:87 - receive_response_headers.failed exception=CancelledError()
2025-09-22 12:18:22,535 - httpcore.http11 - DEBUG - atrace:87 - response_closed.started
2025-09-22 12:18:22,535 - httpcore.http11 - DEBUG - atrace:87 - receive_response_headers.failed exception=CancelledError()
2025-09-22 12:18:22,535 - httpcore.http11 - DEBUG - atrace:87 - response_closed.started
2025-09-22 12:18:22,535 - httpcore.http11 - DEBUG - atrace:87 - receive_response_headers.failed exception=CancelledError()
2025-09-22 12:18:22,535 - httpcore.http11 - DEBUG - atrace:87 - response_closed.started
2025-09-22 12:18:22,535 - httpcore.http11 - DEBUG - atrace:87 - receive_response_headers.failed exception=CancelledError()
2025-09-22 12:18:22,535 - httpcore.http11 - DEBUG - atrace:87 - response_closed.started
2025-09-22 12:18:22,535 - httpcore.http11 - DEBUG - atrace:87 - receive_response_headers.failed exception=CancelledError()
2025-09-22 12:18:22,535 - httpcore.http11 - DEBUG - atrace:87 - response_closed.started
2025-09-22 12:18:22,535 - httpcore.http11 - DEBUG - atrace:87 - receive_response_headers.failed exception=CancelledError()
2025-09-22 12:18:22,535 - httpcore.http11 - DEBUG - atrace:87 - response_closed.started
2025-09-22 12:18:22,535 - httpcore.http11 - DEBUG - atrace:87 - receive_response_headers.failed exception=CancelledError()
2025-09-22 12:18:22,535 - httpcore.http11 - DEBUG - atrace:87 - response_closed.started
2025-09-22 12:18:22,535 - httpcore.http11 - DEBUG - atrace:87 - receive_response_headers.failed exception=CancelledError()
2025-09-22 12:18:22,535 - httpcore.http11 - DEBUG - atrace:87 - response_closed.started
2025-09-22 12:18:22,535 - httpcore.http11 - DEBUG - atrace:87 - receive_response_headers.failed exception=CancelledError()
2025-09-22 12:18:22,535 - httpcore.http11 - DEBUG - atrace:87 - response_closed.started
2025-09-22 12:18:22,535 - httpcore.http11 - DEBUG - atrace:87 - receive_response_headers.failed exception=CancelledError()
2025-09-22 12:18:22,535 - httpcore.http11 - DEBUG - atrace:87 - response_closed.started
2025-09-22 12:18:22,535 - httpcore.http11 - DEBUG - atrace:87 - receive_response_headers.failed exception=CancelledError()
2025-09-22 12:18:22,535 - httpcore.http11 - DEBUG - atrace:87 - response_closed.started
2025-09-22 12:18:22,535 - httpcore.http11 - DEBUG - atrace:87 - receive_response_headers.failed exception=CancelledError()
2025-09-22 12:18:22,535 - httpcore.http11 - DEBUG - atrace:87 - response_closed.started
2025-09-22 12:18:22,535 - httpcore.http11 - DEBUG - atrace:87 - receive_response_headers.failed exception=CancelledError()
2025-09-22 12:18:22,535 - httpcore.http11 - DEBUG - atrace:87 - response_closed.started
2025-09-22 12:18:22,535 - httpcore.http11 - DEBUG - atrace:87 - receive_response_headers.failed exception=CancelledError()
2025-09-22 12:18:22,535 - httpcore.http11 - DEBUG - atrace:87 - response_closed.started
2025-09-22 12:18:22,535 - httpcore.http11 - DEBUG - atrace:87 - receive_response_headers.failed exception=CancelledError()
2025-09-22 12:18:22,535 - httpcore.http11 - DEBUG - atrace:87 - response_closed.started
2025-09-22 12:18:22,535 - httpcore.http11 - DEBUG - atrace:87 - receive_response_headers.failed exception=CancelledError()
2025-09-22 12:18:22,535 - httpcore.http11 - DEBUG - atrace:87 - response_closed.started
2025-09-22 12:18:22,535 - httpcore.http11 - DEBUG - atrace:87 - receive_response_headers.failed exception=CancelledError()
2025-09-22 12:18:22,535 - httpcore.http11 - DEBUG - atrace:87 - response_closed.started
2025-09-22 12:18:22,535 - httpcore.http11 - DEBUG - atrace:87 - response_closed.complete
2025-09-22 12:18:22,535 - httpcore.http11 - DEBUG - atrace:87 - response_closed.complete
2025-09-22 12:18:22,535 - httpcore.http11 - DEBUG - atrace:87 - response_closed.complete
2025-09-22 12:18:22,535 - httpcore.http11 - DEBUG - atrace:87 - response_closed.complete
2025-09-22 12:18:22,535 - httpcore.http11 - DEBUG - atrace:87 - response_closed.complete
2025-09-22 12:18:22,535 - httpcore.http11 - DEBUG - atrace:87 - response_closed.complete
2025-09-22 12:18:22,543 - httpcore.http11 - DEBUG - atrace:87 - response_closed.complete
2025-09-22 12:18:22,543 - httpcore.http11 - DEBUG - atrace:87 - response_closed.complete
2025-09-22 12:18:22,543 - httpcore.http11 - DEBUG - atrace:87 - response_closed.complete
2025-09-22 12:18:22,543 - httpcore.http11 - DEBUG - atrace:87 - response_closed.complete
2025-09-22 12:18:22,543 - httpcore.http11 - DEBUG - atrace:87 - response_closed.complete
2025-09-22 12:18:22,543 - httpcore.http11 - DEBUG - atrace:87 - response_closed.complete
2025-09-22 12:18:22,543 - httpcore.http11 - DEBUG - atrace:87 - response_closed.complete
2025-09-22 12:18:22,543 - httpcore.http11 - DEBUG - atrace:87 - response_closed.complete
2025-09-22 12:18:22,543 - httpcore.http11 - DEBUG - atrace:87 - response_closed.complete
2025-09-22 12:18:22,543 - httpcore.http11 - DEBUG - atrace:87 - response_closed.complete
2025-09-22 12:18:22,543 - httpcore.http11 - DEBUG - atrace:87 - response_closed.complete
2025-09-22 12:18:22,543 - httpcore.http11 - DEBUG - atrace:87 - response_closed.complete
2025-09-22 12:18:22,543 - httpcore.http11 - DEBUG - atrace:87 - response_closed.complete
2025-09-22 12:18:22,543 - httpcore.http11 - DEBUG - atrace:87 - response_closed.complete
2025-09-22 12:18:22,543 - connector - INFO - _cleanup:417 - [2m2025-09-22T06:48:22.543682Z[0m [[32m[1minfo     [0m] [1mCleaning up connector resources[0m [[0m[1m[34mconnector[0m][0m
2025-09-22 12:18:22,569 - connector - INFO - _push_metrics_to_gateway:409 - [2m2025-09-22T06:48:22.569674Z[0m [[32m[1minfo     [0m] [1mMetrics pushed to Prometheus Push Gateway successfully.[0m [[0m[1m[34mconnector[0m][0m
