2025-09-24 11:27:47,567 - logging_config - INFO - setup_connector_logging:106 - [2m2025-09-24T05:57:47.567674Z[0m [[32m[1minfo     [0m] [1mSAP OData Connector logging configured[0m [[0m[1m[34mlogging_config[0m][0m [36mlog_file[0m=[35mlogs\sap_odata_connector_20250924_112747.log[0m [36mlog_level[0m=[35mINFO[0m [36mlog_to_file[0m=[35mTrue[0m
2025-09-24 11:27:48,456 - asyncio - DEBUG - __init__:634 - Using proactor: IocpProactor
2025-09-24 11:27:48,460 - connector - INFO - initialize:99 - [2m2025-09-24T05:57:48.460938Z[0m [[32m[1minfo     [0m] [1m🚀 Initializing SAP OData Connector[0m [[0m[1m[34mconnector[0m][0m
2025-09-24 11:27:48,464 - connector - INFO - initialize:110 - [2m2025-09-24T05:57:48.464306Z[0m [[32m[1minfo     [0m] [1m🔍 Step 1: Testing connection to OData service[0m [[0m[1m[34mconnector[0m][0m
2025-09-24 11:27:48,464 - connector - INFO - _test_connection:145 - [2m2025-09-24T05:57:48.464737Z[0m [[32m[1minfo     [0m] [1mTesting connection to OData service...[0m [[0m[1m[34mconnector[0m][0m
2025-09-24 11:27:48,845 - services.metadata - INFO - test_connection:64 - [2m2025-09-24T05:57:48.845688Z[0m [[32m[1minfo     [0m] [1mTesting connection to OData service[0m [[0m[1m[34mservices.metadata[0m][0m [36murl[0m=[35mhttps://services.odata.org/V4/Northwind/Northwind.svc/$metadata[0m
2025-09-24 11:27:48,853 - httpcore.connection - DEBUG - atrace:87 - connect_tcp.started host='services.odata.org' port=443 local_address=None timeout=10.0 socket_options=None
2025-09-24 11:27:49,194 - httpcore.connection - DEBUG - atrace:87 - connect_tcp.complete return_value=<httpcore._backends.anyio.AnyIOStream object at 0x000002224D161BE0>
2025-09-24 11:27:49,196 - httpcore.connection - DEBUG - atrace:87 - start_tls.started ssl_context=<ssl.SSLContext object at 0x000002224D36CBD0> server_hostname='services.odata.org' timeout=10.0
2025-09-24 11:27:49,691 - httpcore.connection - DEBUG - atrace:87 - start_tls.complete return_value=<httpcore._backends.anyio.AnyIOStream object at 0x000002224D316630>
2025-09-24 11:27:49,691 - httpcore.http11 - DEBUG - atrace:87 - send_request_headers.started request=<Request [b'GET']>
2025-09-24 11:27:49,691 - httpcore.http11 - DEBUG - atrace:87 - send_request_headers.complete
2025-09-24 11:27:49,691 - httpcore.http11 - DEBUG - atrace:87 - send_request_body.started request=<Request [b'GET']>
2025-09-24 11:27:49,691 - httpcore.http11 - DEBUG - atrace:87 - send_request_body.complete
2025-09-24 11:27:49,691 - httpcore.http11 - DEBUG - atrace:87 - receive_response_headers.started request=<Request [b'GET']>
2025-09-24 11:27:50,008 - httpcore.http11 - DEBUG - atrace:87 - receive_response_headers.complete return_value=(b'HTTP/1.1', 200, b'OK', [(b'Content-Length', b'19406'), (b'Content-Type', b'application/xml;charset=utf-8'), (b'Date', b'Wed, 24 Sep 2025 05:57:50 GMT'), (b'Server', b'Microsoft-IIS/10.0'), (b'Access-Control-Allow-Headers', b'Accept, Origin, Content-Type, MaxDataServiceVersion'), (b'Access-Control-Allow-Methods', b'GET'), (b'Access-Control-Allow-Origin', b'*'), (b'Access-Control-Expose-Headers', b'DataServiceVersion'), (b'Cache-Control', b'private'), (b'Expires', b'Wed, 24 Sep 2025 05:58:50 GMT'), (b'Vary', b'*'), (b'X-Content-Type-Options', b'nosniff'), (b'OData-Version', b'4.0;'), (b'X-AspNet-Version', b'4.0.30319'), (b'X-Powered-By', b'ASP.NET')])
2025-09-24 11:27:50,008 - httpx - INFO - _send_single_request:1740 - HTTP Request: GET https://services.odata.org/V4/Northwind/Northwind.svc/$metadata "HTTP/1.1 200 OK"
2025-09-24 11:27:50,008 - httpcore.http11 - DEBUG - atrace:87 - receive_response_body.started request=<Request [b'GET']>
2025-09-24 11:27:50,337 - httpcore.http11 - DEBUG - atrace:87 - receive_response_body.complete
2025-09-24 11:27:50,337 - httpcore.http11 - DEBUG - atrace:87 - response_closed.started
2025-09-24 11:27:50,337 - httpcore.http11 - DEBUG - atrace:87 - response_closed.complete
2025-09-24 11:27:50,342 - services.metadata - INFO - test_connection:80 - [2m2025-09-24T05:57:50.341924Z[0m [[32m[1minfo     [0m] [1m✅ Connection test successful  [0m [[0m[1m[34mservices.metadata[0m][0m [36mcontent_type[0m=[35m'application/xml;charset=utf-8'[0m [36mstatus_code[0m=[35m200[0m
2025-09-24 11:27:50,342 - connector - INFO - _test_connection:156 - [2m2025-09-24T05:57:50.342601Z[0m [[32m[1minfo     [0m] [1m✅ Connection test successful  [0m [[0m[1m[34mconnector[0m][0m
2025-09-24 11:27:50,342 - httpcore.connection - DEBUG - atrace:87 - close.started
2025-09-24 11:27:50,344 - httpcore.connection - DEBUG - atrace:87 - close.complete
2025-09-24 11:27:50,344 - connector - INFO - initialize:114 - [2m2025-09-24T05:57:50.344135Z[0m [[32m[1minfo     [0m] [1m📋 Step 2: Fetching metadata and creating Entity Relationship file[0m [[0m[1m[34mconnector[0m][0m
2025-09-24 11:27:50,344 - connector - INFO - _fetch_and_save_metadata:160 - [2m2025-09-24T05:57:50.344135Z[0m [[32m[1minfo     [0m] [1mFetching metadata from OData service...[0m [[0m[1m[34mconnector[0m][0m
2025-09-24 11:27:50,611 - services.metadata - INFO - fetch_metadata:116 - [2m2025-09-24T05:57:50.611115Z[0m [[32m[1minfo     [0m] [1mFetching metadata from OData service[0m [[0m[1m[34mservices.metadata[0m][0m [36murl[0m=[35mhttps://services.odata.org/V4/Northwind/Northwind.svc/$metadata[0m
2025-09-24 11:27:50,611 - httpcore.connection - DEBUG - atrace:87 - connect_tcp.started host='services.odata.org' port=443 local_address=None timeout=30 socket_options=None
2025-09-24 11:27:50,845 - httpcore.connection - DEBUG - atrace:87 - connect_tcp.complete return_value=<httpcore._backends.anyio.AnyIOStream object at 0x000002224D3E2300>
2025-09-24 11:27:50,845 - httpcore.connection - DEBUG - atrace:87 - start_tls.started ssl_context=<ssl.SSLContext object at 0x000002224D3E62D0> server_hostname='services.odata.org' timeout=30
2025-09-24 11:27:51,448 - httpcore.connection - DEBUG - atrace:87 - start_tls.complete return_value=<httpcore._backends.anyio.AnyIOStream object at 0x000002224D211460>
2025-09-24 11:27:51,448 - httpcore.http11 - DEBUG - atrace:87 - send_request_headers.started request=<Request [b'GET']>
2025-09-24 11:27:51,448 - httpcore.http11 - DEBUG - atrace:87 - send_request_headers.complete
2025-09-24 11:27:51,448 - httpcore.http11 - DEBUG - atrace:87 - send_request_body.started request=<Request [b'GET']>
2025-09-24 11:27:51,448 - httpcore.http11 - DEBUG - atrace:87 - send_request_body.complete
2025-09-24 11:27:51,448 - httpcore.http11 - DEBUG - atrace:87 - receive_response_headers.started request=<Request [b'GET']>
2025-09-24 11:27:51,751 - httpcore.http11 - DEBUG - atrace:87 - receive_response_headers.complete return_value=(b'HTTP/1.1', 200, b'OK', [(b'Content-Length', b'19406'), (b'Content-Type', b'application/xml;charset=utf-8'), (b'Date', b'Wed, 24 Sep 2025 05:57:52 GMT'), (b'Server', b'Microsoft-IIS/10.0'), (b'Access-Control-Allow-Headers', b'Accept, Origin, Content-Type, MaxDataServiceVersion'), (b'Access-Control-Allow-Methods', b'GET'), (b'Access-Control-Allow-Origin', b'*'), (b'Access-Control-Expose-Headers', b'DataServiceVersion'), (b'Cache-Control', b'private'), (b'Expires', b'Wed, 24 Sep 2025 05:58:50 GMT'), (b'Vary', b'*'), (b'X-Content-Type-Options', b'nosniff'), (b'OData-Version', b'4.0;'), (b'X-AspNet-Version', b'4.0.30319'), (b'X-Powered-By', b'ASP.NET')])
2025-09-24 11:27:51,751 - httpx - INFO - _send_single_request:1740 - HTTP Request: GET https://services.odata.org/V4/Northwind/Northwind.svc/$metadata "HTTP/1.1 200 OK"
2025-09-24 11:27:51,751 - httpcore.http11 - DEBUG - atrace:87 - receive_response_body.started request=<Request [b'GET']>
2025-09-24 11:27:52,057 - httpcore.http11 - DEBUG - atrace:87 - receive_response_body.complete
2025-09-24 11:27:52,057 - httpcore.http11 - DEBUG - atrace:87 - response_closed.started
2025-09-24 11:27:52,057 - httpcore.http11 - DEBUG - atrace:87 - response_closed.complete
2025-09-24 11:27:52,057 - services.metadata - INFO - fetch_metadata:134 - [2m2025-09-24T05:57:52.057878Z[0m [[32m[1minfo     [0m] [1mSuccessfully parsed metadata  [0m [[0m[1m[34mservices.metadata[0m][0m [36mentity_count[0m=[35m26[0m
2025-09-24 11:27:52,057 - services.metadata - INFO - save_entity_relationship_file:298 - [2m2025-09-24T05:57:52.057878Z[0m [[32m[1minfo     [0m] [1mSaving Entity Relationship file[0m [[0m[1m[34mservices.metadata[0m][0m [36moutput_dir[0m=[35m./test_output[0m
2025-09-24 11:27:52,068 - services.metadata - INFO - save_entity_relationship_file:339 - [2m2025-09-24T05:57:52.067443Z[0m [[32m[1minfo     [0m] [1m✅ Entity Relationship file saved successfully[0m [[0m[1m[34mservices.metadata[0m][0m [36mentities[0m=[35m26[0m [36mfile_path[0m=[35mtest_output\entity_relationships.json[0m [36mfile_size_kb[0m=[35m31.35[0m
2025-09-24 11:27:52,068 - connector - INFO - _fetch_and_save_metadata:171 - [2m2025-09-24T05:57:52.068016Z[0m [[32m[1minfo     [0m] [1m✅ Metadata fetched and Entity Relationship file saved[0m [[0m[1m[34mconnector[0m][0m [36mentities_count[0m=[35m26[0m [36mer_file[0m=[35mtest_output\entity_relationships.json[0m
2025-09-24 11:27:52,068 - httpcore.connection - DEBUG - atrace:87 - close.started
2025-09-24 11:27:52,068 - httpcore.connection - DEBUG - atrace:87 - close.complete
2025-09-24 11:27:52,069 - connector - INFO - initialize:124 - [2m2025-09-24T05:57:52.068016Z[0m [[32m[1minfo     [0m] [1m🔗 Step 3: Validating connection pool[0m [[0m[1m[34mconnector[0m][0m
2025-09-24 11:27:52,069 - workers.resilience - INFO - validate_connection:248 - [2m2025-09-24T05:57:52.069535Z[0m [[32m[1minfo     [0m] [1mValidating connection pool connectivity[0m [[0m[1m[34mworkers.resilience[0m][0m
2025-09-24 11:27:52,069 - workers.resilience - WARNING - get_client:307 - [2m2025-09-24T05:57:52.069535Z[0m [[33m[1mwarning  [0m] [1mHTTP/2 not available, falling back to HTTP/1.1[0m [[0m[1m[34mworkers.resilience[0m][0m [36merror[0m=[35m"Using http2=True, but the 'h2' package is not installed. Make sure to install httpx using `pip install httpx[http2]`."[0m
2025-09-24 11:27:52,387 - workers.resilience - INFO - get_client:320 - [2m2025-09-24T05:57:52.387258Z[0m [[32m[1minfo     [0m] [1m✅ HTTP connection pool created with HTTP/1.1[0m [[0m[1m[34mworkers.resilience[0m][0m [36mmax_connections[0m=[35m100[0m
2025-09-24 11:27:52,387 - httpcore.connection - DEBUG - atrace:87 - connect_tcp.started host='services.odata.org' port=443 local_address=None timeout=10.0 socket_options=None
2025-09-24 11:27:52,676 - httpcore.connection - DEBUG - atrace:87 - connect_tcp.complete return_value=<httpcore._backends.anyio.AnyIOStream object at 0x000002224D3E1880>
2025-09-24 11:27:52,676 - httpcore.connection - DEBUG - atrace:87 - start_tls.started ssl_context=<ssl.SSLContext object at 0x000002224D3E6B50> server_hostname='services.odata.org' timeout=10.0
2025-09-24 11:27:53,289 - httpcore.connection - DEBUG - atrace:87 - start_tls.complete return_value=<httpcore._backends.anyio.AnyIOStream object at 0x000002224D2D6750>
2025-09-24 11:27:53,289 - httpcore.http11 - DEBUG - atrace:87 - send_request_headers.started request=<Request [b'GET']>
2025-09-24 11:27:53,289 - httpcore.http11 - DEBUG - atrace:87 - send_request_headers.complete
2025-09-24 11:27:53,289 - httpcore.http11 - DEBUG - atrace:87 - send_request_body.started request=<Request [b'GET']>
2025-09-24 11:27:53,289 - httpcore.http11 - DEBUG - atrace:87 - send_request_body.complete
2025-09-24 11:27:53,289 - httpcore.http11 - DEBUG - atrace:87 - receive_response_headers.started request=<Request [b'GET']>
2025-09-24 11:27:53,592 - httpcore.http11 - DEBUG - atrace:87 - receive_response_headers.complete return_value=(b'HTTP/1.1', 307, b'Temporary Redirect', [(b'Content-Length', b'1951'), (b'Content-Type', b'text/html; charset=UTF-8'), (b'Date', b'Wed, 24 Sep 2025 05:57:53 GMT'), (b'Server', b'Microsoft-IIS/10.0'), (b'Access-Control-Allow-Headers', b'Accept, Origin, Content-Type, MaxDataServiceVersion'), (b'Access-Control-Allow-Methods', b'GET'), (b'Access-Control-Allow-Origin', b'*'), (b'Access-Control-Expose-Headers', b'DataServiceVersion'), (b'Cache-Control', b'private'), (b'Location', b'https://services.odata.org/V4/Northwind/Northwind.svc/'), (b'X-AspNet-Version', b'4.0.30319'), (b'X-Powered-By', b'ASP.NET')])
2025-09-24 11:27:53,594 - httpx - INFO - _send_single_request:1740 - HTTP Request: GET https://services.odata.org/V4/Northwind/Northwind.svc "HTTP/1.1 307 Temporary Redirect"
2025-09-24 11:27:53,594 - httpcore.http11 - DEBUG - atrace:87 - receive_response_body.started request=<Request [b'GET']>
2025-09-24 11:27:53,594 - httpcore.http11 - DEBUG - atrace:87 - receive_response_body.complete
2025-09-24 11:27:53,594 - httpcore.http11 - DEBUG - atrace:87 - response_closed.started
2025-09-24 11:27:53,594 - httpcore.http11 - DEBUG - atrace:87 - response_closed.complete
2025-09-24 11:27:53,594 - workers.resilience - INFO - validate_connection:266 - [2m2025-09-24T05:57:53.594241Z[0m [[32m[1minfo     [0m] [1m✅ Connection pool validation successful[0m [[0m[1m[34mworkers.resilience[0m][0m [36mstatus_code[0m=[35m307[0m
2025-09-24 11:27:53,594 - connector - INFO - _validate_connection_pool:186 - [2m2025-09-24T05:57:53.594241Z[0m [[32m[1minfo     [0m] [1m✅ Connection pool validation successful[0m [[0m[1m[34mconnector[0m][0m
2025-09-24 11:27:53,594 - connector - INFO - initialize:137 - [2m2025-09-24T05:57:53.594241Z[0m [[32m[1minfo     [0m] [1m✅ Connector initialization completed successfully[0m [[0m[1m[34mconnector[0m][0m
2025-09-24 11:27:53,600 - connector - INFO - run:210 - [2m2025-09-24T05:57:53.600270Z[0m [[32m[1minfo     [0m] [1mStarting SAP OData connector execution[0m [[0m[1m[34mconnector[0m][0m
2025-09-24 11:27:53,601 - connector - INFO - _discovery_phase:266 - [2m2025-09-24T05:57:53.601584Z[0m [[32m[1minfo     [0m] [1mStarting discovery phase      [0m [[0m[1m[34mconnector[0m][0m
2025-09-24 11:27:53,954 - services.metadata - INFO - fetch_metadata:116 - [2m2025-09-24T05:57:53.954899Z[0m [[32m[1minfo     [0m] [1mFetching metadata from OData service[0m [[0m[1m[34mservices.metadata[0m][0m [36murl[0m=[35mhttps://services.odata.org/V4/Northwind/Northwind.svc/$metadata[0m
2025-09-24 11:27:53,956 - httpcore.connection - DEBUG - atrace:87 - connect_tcp.started host='services.odata.org' port=443 local_address=None timeout=30 socket_options=None
2025-09-24 11:27:54,211 - httpcore.connection - DEBUG - atrace:87 - connect_tcp.complete return_value=<httpcore._backends.anyio.AnyIOStream object at 0x000002224D7596D0>
2025-09-24 11:27:54,211 - httpcore.connection - DEBUG - atrace:87 - start_tls.started ssl_context=<ssl.SSLContext object at 0x000002224D3E63D0> server_hostname='services.odata.org' timeout=30
2025-09-24 11:27:54,826 - httpcore.connection - DEBUG - atrace:87 - start_tls.complete return_value=<httpcore._backends.anyio.AnyIOStream object at 0x000002224D759640>
2025-09-24 11:27:54,826 - httpcore.http11 - DEBUG - atrace:87 - send_request_headers.started request=<Request [b'GET']>
2025-09-24 11:27:54,826 - httpcore.http11 - DEBUG - atrace:87 - send_request_headers.complete
2025-09-24 11:27:54,826 - httpcore.http11 - DEBUG - atrace:87 - send_request_body.started request=<Request [b'GET']>
2025-09-24 11:27:54,826 - httpcore.http11 - DEBUG - atrace:87 - send_request_body.complete
2025-09-24 11:27:54,826 - httpcore.http11 - DEBUG - atrace:87 - receive_response_headers.started request=<Request [b'GET']>
2025-09-24 11:27:55,051 - httpcore.http11 - DEBUG - atrace:87 - receive_response_headers.complete return_value=(b'HTTP/1.1', 200, b'OK', [(b'Content-Length', b'19406'), (b'Content-Type', b'application/xml;charset=utf-8'), (b'Date', b'Wed, 24 Sep 2025 05:57:55 GMT'), (b'Server', b'Microsoft-IIS/10.0'), (b'Access-Control-Allow-Headers', b'Accept, Origin, Content-Type, MaxDataServiceVersion'), (b'Access-Control-Allow-Methods', b'GET'), (b'Access-Control-Allow-Origin', b'*'), (b'Access-Control-Expose-Headers', b'DataServiceVersion'), (b'Cache-Control', b'private'), (b'Expires', b'Wed, 24 Sep 2025 05:58:50 GMT'), (b'Vary', b'*'), (b'X-Content-Type-Options', b'nosniff'), (b'OData-Version', b'4.0;'), (b'X-AspNet-Version', b'4.0.30319'), (b'X-Powered-By', b'ASP.NET')])
2025-09-24 11:27:55,051 - httpx - INFO - _send_single_request:1740 - HTTP Request: GET https://services.odata.org/V4/Northwind/Northwind.svc/$metadata "HTTP/1.1 200 OK"
2025-09-24 11:27:55,060 - httpcore.http11 - DEBUG - atrace:87 - receive_response_body.started request=<Request [b'GET']>
2025-09-24 11:27:55,288 - httpcore.http11 - DEBUG - atrace:87 - receive_response_body.complete
2025-09-24 11:27:55,288 - httpcore.http11 - DEBUG - atrace:87 - response_closed.started
2025-09-24 11:27:55,288 - httpcore.http11 - DEBUG - atrace:87 - response_closed.complete
2025-09-24 11:27:55,288 - services.metadata - INFO - fetch_metadata:134 - [2m2025-09-24T05:57:55.288297Z[0m [[32m[1minfo     [0m] [1mSuccessfully parsed metadata  [0m [[0m[1m[34mservices.metadata[0m][0m [36mentity_count[0m=[35m26[0m
2025-09-24 11:27:55,288 - httpcore.connection - DEBUG - atrace:87 - close.started
2025-09-24 11:27:55,288 - httpcore.connection - DEBUG - atrace:87 - close.complete
2025-09-24 11:27:55,288 - connector - INFO - _discovery_phase:287 - [2m2025-09-24T05:57:55.288297Z[0m [[32m[1minfo     [0m] [1mEntity selection determined   [0m [[0m[1m[34mconnector[0m][0m [36mconfig_selected_modules[0m=[35m['Invoices'][0m [36mentities[0m=[35m['Invoices'][0m [36mfinal_entity_count[0m=[35m1[0m [36mselected_entities_param[0m=[35mNone[0m
2025-09-24 11:27:55,551 - services.count - INFO - get_entity_counts:34 - [2m2025-09-24T05:57:55.551349Z[0m [[32m[1minfo     [0m] [1mFetching entity counts        [0m [[0m[1m[34mservices.count[0m][0m [36mentity_count[0m=[35m1[0m
2025-09-24 11:27:55,551 - httpcore.connection - DEBUG - atrace:87 - connect_tcp.started host='services.odata.org' port=443 local_address=None timeout=30 socket_options=None
2025-09-24 11:27:55,788 - httpcore.connection - DEBUG - atrace:87 - connect_tcp.complete return_value=<httpcore._backends.anyio.AnyIOStream object at 0x000002224D75B9E0>
2025-09-24 11:27:55,788 - httpcore.connection - DEBUG - atrace:87 - start_tls.started ssl_context=<ssl.SSLContext object at 0x000002224D09C850> server_hostname='services.odata.org' timeout=30
2025-09-24 11:27:56,353 - httpcore.connection - DEBUG - atrace:87 - start_tls.complete return_value=<httpcore._backends.anyio.AnyIOStream object at 0x000002224D75B800>
2025-09-24 11:27:56,353 - httpcore.http11 - DEBUG - atrace:87 - send_request_headers.started request=<Request [b'GET']>
2025-09-24 11:27:56,355 - httpcore.http11 - DEBUG - atrace:87 - send_request_headers.complete
2025-09-24 11:27:56,355 - httpcore.http11 - DEBUG - atrace:87 - send_request_body.started request=<Request [b'GET']>
2025-09-24 11:27:56,355 - httpcore.http11 - DEBUG - atrace:87 - send_request_body.complete
2025-09-24 11:27:56,355 - httpcore.http11 - DEBUG - atrace:87 - receive_response_headers.started request=<Request [b'GET']>
2025-09-24 11:27:56,722 - httpcore.http11 - DEBUG - atrace:87 - receive_response_headers.complete return_value=(b'HTTP/1.1', 200, b'OK', [(b'Content-Length', b'542'), (b'Content-Type', b'application/json;odata.metadata=minimal;odata.streaming=true;IEEE754Compatible=false;charset=utf-8'), (b'Date', b'Wed, 24 Sep 2025 05:57:56 GMT'), (b'Server', b'Microsoft-IIS/10.0'), (b'Access-Control-Allow-Headers', b'Accept, Origin, Content-Type, MaxDataServiceVersion'), (b'Access-Control-Allow-Methods', b'GET'), (b'Access-Control-Allow-Origin', b'*'), (b'Access-Control-Expose-Headers', b'DataServiceVersion'), (b'Cache-Control', b'private'), (b'Content-Encoding', b'gzip'), (b'Expires', b'Wed, 24 Sep 2025 05:58:57 GMT'), (b'Vary', b'*'), (b'X-Content-Type-Options', b'nosniff'), (b'OData-Version', b'4.0;'), (b'X-AspNet-Version', b'4.0.30319'), (b'X-Powered-By', b'ASP.NET')])
2025-09-24 11:27:56,722 - httpx - INFO - _send_single_request:1740 - HTTP Request: GET https://services.odata.org/V4/Northwind/Northwind.svc/Invoices?%24count=true&%24top=1 "HTTP/1.1 200 OK"
2025-09-24 11:27:56,722 - httpcore.http11 - DEBUG - atrace:87 - receive_response_body.started request=<Request [b'GET']>
2025-09-24 11:27:56,722 - httpcore.http11 - DEBUG - atrace:87 - receive_response_body.complete
2025-09-24 11:27:56,722 - httpcore.http11 - DEBUG - atrace:87 - response_closed.started
2025-09-24 11:27:56,722 - httpcore.http11 - DEBUG - atrace:87 - response_closed.complete
2025-09-24 11:27:56,732 - services.count - INFO - get_entity_counts:61 - [2m2025-09-24T05:57:56.722342Z[0m [[32m[1minfo     [0m] [1mSuccessfully retrieved entity counts[0m [[0m[1m[34mservices.count[0m][0m [36mcounts[0m=[35m{'Invoices': 2155}[0m
2025-09-24 11:27:56,732 - httpcore.connection - DEBUG - atrace:87 - close.started
2025-09-24 11:27:56,732 - httpcore.connection - DEBUG - atrace:87 - close.complete
2025-09-24 11:27:56,733 - connector - INFO - _discovery_phase:297 - [2m2025-09-24T05:57:56.733925Z[0m [[32m[1minfo     [0m] [1m📋 Endpoints to be processed:  [0m [[0m[1m[34mconnector[0m][0m
2025-09-24 11:27:56,734 - connector - INFO - _discovery_phase:303 - [2m2025-09-24T05:57:56.734309Z[0m [[32m[1minfo     [0m] [1m  🔗 Invoices: https://services.odata.org/V4/Northwind/Northwind.svc/Invoices (Expected records: 2155)[0m [[0m[1m[34mconnector[0m][0m
2025-09-24 11:27:56,734 - connector - INFO - _discovery_phase:305 - [2m2025-09-24T05:57:56.734309Z[0m [[32m[1minfo     [0m] [1m📊 Total expected records across all entities: 2155[0m [[0m[1m[34mconnector[0m][0m
2025-09-24 11:27:56,734 - planning.graph_builder - INFO - add_entities:32 - [2m2025-09-24T05:57:56.734309Z[0m [[32m[1minfo     [0m] [1mAdded entities to graph       [0m [[0m[1m[34mplanning.graph_builder[0m][0m [36mentity_count[0m=[35m1[0m
2025-09-24 11:27:56,734 - planning.graph_builder - INFO - add_relationships:54 - [2m2025-09-24T05:57:56.734309Z[0m [[32m[1minfo     [0m] [1mAdded relationships to graph  [0m [[0m[1m[34mplanning.graph_builder[0m][0m [36mrelationship_count[0m=[35m0[0m
2025-09-24 11:27:56,737 - planning.graph_builder - INFO - get_processing_order:72 - [2m2025-09-24T05:57:56.737480Z[0m [[32m[1minfo     [0m] [1mGenerated processing order    [0m [[0m[1m[34mplanning.graph_builder[0m][0m [36mlevels[0m=[35m1[0m [36mtotal_entities[0m=[35m1[0m
2025-09-24 11:27:56,738 - planning.plan_generator - INFO - create_execution_plan:142 - [2m2025-09-24T05:57:56.738060Z[0m [[32m[1minfo     [0m] [1mCreating execution plan       [0m [[0m[1m[34mplanning.plan_generator[0m][0m [36mselected_entities[0m=[35m1[0m [36mtotal_entities[0m=[35m1[0m
2025-09-24 11:27:56,738 - planning.record_tracker - INFO - register_entity:81 - [2m2025-09-24T05:57:56.738587Z[0m [[32m[1minfo     [0m] [1mEntity registered for tracking[0m [[0m[1m[34mplanning.record_tracker[0m][0m [36mentity[0m=[35mInvoices[0m [36mtarget_records[0m=[35m2155[0m
2025-09-24 11:27:56,738 - planning.plan_generator - INFO - create_execution_plan:203 - [2m2025-09-24T05:57:56.738587Z[0m [[32m[1minfo     [0m] [1mExecution plan created        [0m [[0m[1m[34mplanning.plan_generator[0m][0m [36mplanned_entities[0m=[35m1[0m [36mtotal_commands[0m=[35m5[0m
2025-09-24 11:27:56,738 - connector - INFO - _discovery_phase:318 - [2m2025-09-24T05:57:56.738587Z[0m [[32m[1minfo     [0m] [1mDiscovery phase completed     [0m [[0m[1m[34mconnector[0m][0m [36mentities[0m=[35m1[0m [36mprocessing_levels[0m=[35m1[0m [36mtotal_records[0m=[35m2155[0m
2025-09-24 11:27:56,738 - connector - INFO - _discovery_phase:324 - [2m2025-09-24T05:57:56.738587Z[0m [[32m[1minfo     [0m] [1m📋 Execution plan summary:     [0m [[0m[1m[34mconnector[0m][0m
2025-09-24 11:27:56,738 - connector - INFO - _discovery_phase:327 - [2m2025-09-24T05:57:56.738587Z[0m [[32m[1minfo     [0m] [1m  Level 1: 1 entities, 2155 records[0m [[0m[1m[34mconnector[0m][0m
2025-09-24 11:27:56,738 - connector - INFO - _discovery_phase:330 - [2m2025-09-24T05:57:56.738587Z[0m [[32m[1minfo     [0m] [1m    - Invoices: 2155 records  [0m [[0m[1m[34mconnector[0m][0m
2025-09-24 11:27:56,738 - connector - INFO - _execution_phase:334 - [2m2025-09-24T05:57:56.738587Z[0m [[32m[1minfo     [0m] [1mStarting execution phase      [0m [[0m[1m[34mconnector[0m][0m
2025-09-24 11:27:56,741 - workers.proxy_pool - INFO - start:370 - [2m2025-09-24T05:57:56.738587Z[0m [[32m[1minfo     [0m] [1mStarting proxy pool           [0m [[0m[1m[34mworkers.proxy_pool[0m][0m [36mmax_workers[0m=[35m3[0m
2025-09-24 11:27:56,741 - workers.proxy_pool - INFO - start:390 - [2m2025-09-24T05:57:56.741857Z[0m [[32m[1minfo     [0m] [1mProxy pool started successfully[0m [[0m[1m[34mworkers.proxy_pool[0m][0m
2025-09-24 11:27:56,741 - planning.plan_generator - INFO - get_initial_commands:236 - [2m2025-09-24T05:57:56.741857Z[0m [[32m[1minfo     [0m] [1mGenerated initial commands    [0m [[0m[1m[34mplanning.plan_generator[0m][0m [36mcommand_count[0m=[35m3[0m
2025-09-24 11:27:56,741 - workers.proxy_pool - INFO - add_commands:431 - [2m2025-09-24T05:57:56.741857Z[0m [[32m[1minfo     [0m] [1mCommands added to queue       [0m [[0m[1m[34mworkers.proxy_pool[0m][0m [36mcount[0m=[35m3[0m
2025-09-24 11:27:56,741 - connector - INFO - _monitor_execution:353 - [2m2025-09-24T05:57:56.741857Z[0m [[32m[1minfo     [0m] [1m🔍 Starting execution monitoring[0m [[0m[1m[34mconnector[0m][0m
2025-09-24 11:27:56,743 - connector - INFO - _monitor_execution:392 - [2m2025-09-24T05:57:56.741857Z[0m [[32m[1minfo     [0m] [1m📊 Execution progress          [0m [[0m[1m[34mconnector[0m][0m [36mactive_workers[0m=[35m0[0m [36mcommands_executed[0m=[35m0[0m [36mqueue_size[0m=[35m3[0m [36mrecords_processed[0m=[35m0[0m
2025-09-24 11:27:56,743 - workers.proxy_pool - INFO - _worker_loop:437 - [2m2025-09-24T05:57:56.743989Z[0m [[32m[1minfo     [0m] [1m🟢 Worker started and ready for commands[0m [[0m[1m[34mworkers.proxy_pool[0m][0m [36mworker_id[0m=[35mworker_0[0m [36mworker_status[0m=[35mACTIVE[0m
2025-09-24 11:27:56,743 - workers.proxy_pool - INFO - _worker_loop:464 - [2m2025-09-24T05:57:56.743989Z[0m [[32m[1minfo     [0m] [1m📋 Worker picked up command from queue[0m [[0m[1m[34mworkers.proxy_pool[0m][0m [36mcommand_id[0m=[35mInvoices_page_1[0m [36mentity[0m=[35mInvoices[0m [36mqueue_size_after_pickup[0m=[35m2[0m [36mworker_id[0m=[35mworker_0[0m [36mworker_status[0m=[35mPROCESSING[0m
2025-09-24 11:27:56,743 - workers.proxy_pool - INFO - execute:59 - [2m2025-09-24T05:57:56.743989Z[0m [[32m[1minfo     [0m] [1m🚀 Worker starting command execution[0m [[0m[1m[34mworkers.proxy_pool[0m][0m [36mcommand_id[0m=[35mInvoices_page_1[0m [36mcommand_type[0m=[35mfetch_page[0m [36mentity[0m=[35mInvoices[0m [36mpriority[0m=[35m1[0m [36mretry_count[0m=[35m0[0m [36mskip[0m=[35m0[0m [36mtop[0m=[35m500[0m [36mworker_id[0m=[35mworker_0[0m
2025-09-24 11:27:56,743 - workers.proxy_pool - INFO - execute:82 - [2m2025-09-24T05:57:56.743989Z[0m [[32m[1minfo     [0m] [1m🔄 Worker executing request with resilience patterns[0m [[0m[1m[34mworkers.proxy_pool[0m][0m [36mcircuit_breaker_state[0m=[35mclosed[0m [36mcommand_id[0m=[35mInvoices_page_1[0m [36mworker_id[0m=[35mworker_0[0m
2025-09-24 11:27:56,743 - workers.proxy_pool - INFO - _worker_loop:437 - [2m2025-09-24T05:57:56.743989Z[0m [[32m[1minfo     [0m] [1m🟢 Worker started and ready for commands[0m [[0m[1m[34mworkers.proxy_pool[0m][0m [36mworker_id[0m=[35mworker_1[0m [36mworker_status[0m=[35mACTIVE[0m
2025-09-24 11:27:56,743 - workers.proxy_pool - INFO - _worker_loop:464 - [2m2025-09-24T05:57:56.743989Z[0m [[32m[1minfo     [0m] [1m📋 Worker picked up command from queue[0m [[0m[1m[34mworkers.proxy_pool[0m][0m [36mcommand_id[0m=[35mInvoices_page_2[0m [36mentity[0m=[35mInvoices[0m [36mqueue_size_after_pickup[0m=[35m1[0m [36mworker_id[0m=[35mworker_1[0m [36mworker_status[0m=[35mPROCESSING[0m
2025-09-24 11:27:56,743 - workers.proxy_pool - INFO - execute:59 - [2m2025-09-24T05:57:56.743989Z[0m [[32m[1minfo     [0m] [1m🚀 Worker starting command execution[0m [[0m[1m[34mworkers.proxy_pool[0m][0m [36mcommand_id[0m=[35mInvoices_page_2[0m [36mcommand_type[0m=[35mfetch_page[0m [36mentity[0m=[35mInvoices[0m [36mpriority[0m=[35m1[0m [36mretry_count[0m=[35m0[0m [36mskip[0m=[35m500[0m [36mtop[0m=[35m500[0m [36mworker_id[0m=[35mworker_1[0m
2025-09-24 11:27:56,743 - workers.proxy_pool - INFO - execute:82 - [2m2025-09-24T05:57:56.743989Z[0m [[32m[1minfo     [0m] [1m🔄 Worker executing request with resilience patterns[0m [[0m[1m[34mworkers.proxy_pool[0m][0m [36mcircuit_breaker_state[0m=[35mclosed[0m [36mcommand_id[0m=[35mInvoices_page_2[0m [36mworker_id[0m=[35mworker_1[0m
2025-09-24 11:27:56,743 - workers.proxy_pool - INFO - _worker_loop:437 - [2m2025-09-24T05:57:56.743989Z[0m [[32m[1minfo     [0m] [1m🟢 Worker started and ready for commands[0m [[0m[1m[34mworkers.proxy_pool[0m][0m [36mworker_id[0m=[35mworker_2[0m [36mworker_status[0m=[35mACTIVE[0m
2025-09-24 11:27:56,750 - workers.proxy_pool - INFO - _worker_loop:464 - [2m2025-09-24T05:57:56.750093Z[0m [[32m[1minfo     [0m] [1m📋 Worker picked up command from queue[0m [[0m[1m[34mworkers.proxy_pool[0m][0m [36mcommand_id[0m=[35mInvoices_page_3[0m [36mentity[0m=[35mInvoices[0m [36mqueue_size_after_pickup[0m=[35m0[0m [36mworker_id[0m=[35mworker_2[0m [36mworker_status[0m=[35mPROCESSING[0m
2025-09-24 11:27:56,750 - workers.proxy_pool - INFO - execute:59 - [2m2025-09-24T05:57:56.750093Z[0m [[32m[1minfo     [0m] [1m🚀 Worker starting command execution[0m [[0m[1m[34mworkers.proxy_pool[0m][0m [36mcommand_id[0m=[35mInvoices_page_3[0m [36mcommand_type[0m=[35mfetch_page[0m [36mentity[0m=[35mInvoices[0m [36mpriority[0m=[35m1[0m [36mretry_count[0m=[35m0[0m [36mskip[0m=[35m1000[0m [36mtop[0m=[35m500[0m [36mworker_id[0m=[35mworker_2[0m
2025-09-24 11:27:56,750 - workers.proxy_pool - INFO - execute:82 - [2m2025-09-24T05:57:56.750093Z[0m [[32m[1minfo     [0m] [1m🔄 Worker executing request with resilience patterns[0m [[0m[1m[34mworkers.proxy_pool[0m][0m [36mcircuit_breaker_state[0m=[35mclosed[0m [36mcommand_id[0m=[35mInvoices_page_3[0m [36mworker_id[0m=[35mworker_2[0m
2025-09-24 11:27:56,751 - httpcore.http11 - DEBUG - atrace:87 - send_request_headers.started request=<Request [b'GET']>
2025-09-24 11:27:56,751 - httpcore.http11 - DEBUG - atrace:87 - send_request_headers.complete
2025-09-24 11:27:56,751 - httpcore.http11 - DEBUG - atrace:87 - send_request_body.started request=<Request [b'GET']>
2025-09-24 11:27:56,751 - httpcore.http11 - DEBUG - atrace:87 - send_request_body.complete
2025-09-24 11:27:56,751 - httpcore.http11 - DEBUG - atrace:87 - receive_response_headers.started request=<Request [b'GET']>
2025-09-24 11:27:56,751 - httpcore.connection - DEBUG - atrace:87 - connect_tcp.started host='services.odata.org' port=443 local_address=None timeout=30 socket_options=None
2025-09-24 11:27:56,751 - httpcore.connection - DEBUG - atrace:87 - connect_tcp.started host='services.odata.org' port=443 local_address=None timeout=30 socket_options=None
2025-09-24 11:27:56,983 - httpcore.connection - DEBUG - atrace:87 - connect_tcp.complete return_value=<httpcore._backends.anyio.AnyIOStream object at 0x000002224D7909B0>
2025-09-24 11:27:56,983 - httpcore.connection - DEBUG - atrace:87 - start_tls.started ssl_context=<ssl.SSLContext object at 0x000002224D3E6B50> server_hostname='services.odata.org' timeout=30
2025-09-24 11:27:56,991 - httpcore.connection - DEBUG - atrace:87 - connect_tcp.complete return_value=<httpcore._backends.anyio.AnyIOStream object at 0x000002224D790770>
2025-09-24 11:27:56,991 - httpcore.connection - DEBUG - atrace:87 - start_tls.started ssl_context=<ssl.SSLContext object at 0x000002224D3E6B50> server_hostname='services.odata.org' timeout=30
2025-09-24 11:27:57,282 - httpcore.http11 - DEBUG - atrace:87 - receive_response_headers.complete return_value=(b'HTTP/1.1', 200, b'OK', [(b'Content-Length', b'37811'), (b'Content-Type', b'application/json;odata.metadata=minimal;odata.streaming=true;IEEE754Compatible=false;charset=utf-8'), (b'Date', b'Wed, 24 Sep 2025 05:57:57 GMT'), (b'Server', b'Microsoft-IIS/10.0'), (b'Access-Control-Allow-Headers', b'Accept, Origin, Content-Type, MaxDataServiceVersion'), (b'Access-Control-Allow-Methods', b'GET'), (b'Access-Control-Allow-Origin', b'*'), (b'Access-Control-Expose-Headers', b'DataServiceVersion'), (b'Cache-Control', b'private'), (b'Content-Encoding', b'gzip'), (b'Expires', b'Wed, 24 Sep 2025 05:58:57 GMT'), (b'Vary', b'*'), (b'X-Content-Type-Options', b'nosniff'), (b'OData-Version', b'4.0;'), (b'X-AspNet-Version', b'4.0.30319'), (b'X-Powered-By', b'ASP.NET')])
2025-09-24 11:27:57,284 - httpx - INFO - _send_single_request:1740 - HTTP Request: GET https://services.odata.org/V4/Northwind/Northwind.svc/Invoices?%24skip=0&%24top=500 "HTTP/1.1 200 OK"
2025-09-24 11:27:57,284 - httpcore.http11 - DEBUG - atrace:87 - receive_response_body.started request=<Request [b'GET']>
2025-09-24 11:27:57,594 - httpcore.http11 - DEBUG - atrace:87 - receive_response_body.complete
2025-09-24 11:27:57,594 - httpcore.http11 - DEBUG - atrace:87 - response_closed.started
2025-09-24 11:27:57,594 - httpcore.http11 - DEBUG - atrace:87 - response_closed.complete
2025-09-24 11:27:57,594 - workers.proxy_pool - INFO - _make_http_request:250 - [2m2025-09-24T05:57:57.594324Z[0m [[32m[1minfo     [0m] [1m📊 Worker successfully fetched data[0m [[0m[1m[34mworkers.proxy_pool[0m][0m [36mactual_records_added[0m=[35m500[0m [36mcommand_id[0m=[35mInvoices_page_1[0m [36mentity[0m=[35mInvoices[0m [36mentity_total_fetched[0m=[35m500[0m [36mglobal_total_fetched[0m=[35m500[0m [36mhas_next_page[0m=[35mFalse[0m [36mrecords_in_response[0m=[35m500[0m [36mworker_id[0m=[35mworker_0[0m
2025-09-24 11:27:57,594 - workers.proxy_pool - INFO - execute:110 - [2m2025-09-24T05:57:57.594324Z[0m [[32m[1minfo     [0m] [1m✅ Worker completed command successfully[0m [[0m[1m[34mworkers.proxy_pool[0m][0m [36mcommand_id[0m=[35mInvoices_page_1[0m [36mentity[0m=[35mInvoices[0m [36mexecution_time_seconds[0m=[35m0.84[0m [36mhas_next_page[0m=[35mFalse[0m [36mrecords_fetched[0m=[35m500[0m [36mworker_id[0m=[35mworker_0[0m
2025-09-24 11:27:57,603 - storage.transformer - INFO - transform_odata_response:62 - [2m2025-09-24T05:57:57.601802Z[0m [[32m[1minfo     [0m] [1mStarting transformation       [0m [[0m[1m[34mstorage.transformer[0m][0m [36mentity_name[0m=[35mInvoices[0m [36mresponse_keys[0m=[35m['@odata.context', 'value'][0m
2025-09-24 11:27:57,616 - storage.transformer - INFO - transform_odata_response:101 - [2m2025-09-24T05:57:57.616107Z[0m [[32m[1minfo     [0m] [1mTransformation completed      [0m [[0m[1m[34mstorage.transformer[0m][0m [36mentity_name[0m=[35mInvoices[0m [36minput_records[0m=[35m500[0m [36moutput_records[0m=[35m500[0m [36mtransformation_time_seconds[0m=[35m0.0[0m
2025-09-24 11:27:57,616 - storage.local_storage - INFO - store_processed_records:145 - [2m2025-09-24T05:57:57.616107Z[0m [[32m[1minfo     [0m] [1mStoring processed records     [0m [[0m[1m[34mstorage.local_storage[0m][0m [36mentity_name[0m=[35mInvoices[0m [36mformat[0m=[35mjson[0m [36mrecord_count[0m=[35m500[0m
2025-09-24 11:27:57,616 - storage.local_storage - INFO - store_processed_records:160 - [2m2025-09-24T05:57:57.616107Z[0m [[32m[1minfo     [0m] [1mSuccessfully stored processed records[0m [[0m[1m[34mstorage.local_storage[0m][0m [36mentity_name[0m=[35mInvoices[0m [36mfile_path[0m=[35m./test_output/processed\Invoices_20250924_055757.json[0m [36mrecord_count[0m=[35m500[0m [36mstorage_time_seconds[0m=[35m0.0[0m
2025-09-24 11:27:57,625 - storage.local_storage - INFO - store_raw_response:89 - [2m2025-09-24T05:57:57.625291Z[0m [[32m[1minfo     [0m] [1mSuccessfully stored raw data  [0m [[0m[1m[34mstorage.local_storage[0m][0m [36mentity_name[0m=[35mInvoices[0m [36mfile_path[0m=[35m./test_output/raw\Invoices\2025/09/24\05\Invoices_page_1.json[0m [36msize_bytes[0m=[35m452615[0m [36mstorage_time_seconds[0m=[35m0.015[0m
2025-09-24 11:27:57,625 - httpcore.connection - DEBUG - atrace:87 - start_tls.complete return_value=<httpcore._backends.anyio.AnyIOStream object at 0x000002224D759490>
2025-09-24 11:27:57,625 - httpcore.http11 - DEBUG - atrace:87 - send_request_headers.started request=<Request [b'GET']>
2025-09-24 11:27:57,625 - httpcore.connection - DEBUG - atrace:87 - start_tls.complete return_value=<httpcore._backends.anyio.AnyIOStream object at 0x000002224D759E50>
2025-09-24 11:27:57,625 - httpcore.http11 - DEBUG - atrace:87 - send_request_headers.complete
2025-09-24 11:27:57,632 - httpcore.http11 - DEBUG - atrace:87 - send_request_body.started request=<Request [b'GET']>
2025-09-24 11:27:57,632 - httpcore.http11 - DEBUG - atrace:87 - send_request_body.complete
2025-09-24 11:27:57,632 - httpcore.http11 - DEBUG - atrace:87 - receive_response_headers.started request=<Request [b'GET']>
2025-09-24 11:27:57,632 - httpcore.http11 - DEBUG - atrace:87 - send_request_headers.started request=<Request [b'GET']>
2025-09-24 11:27:57,632 - httpcore.http11 - DEBUG - atrace:87 - send_request_headers.complete
2025-09-24 11:27:57,632 - httpcore.http11 - DEBUG - atrace:87 - send_request_body.started request=<Request [b'GET']>
2025-09-24 11:27:57,633 - httpcore.http11 - DEBUG - atrace:87 - send_request_body.complete
2025-09-24 11:27:57,634 - httpcore.http11 - DEBUG - atrace:87 - receive_response_headers.started request=<Request [b'GET']>
2025-09-24 11:27:58,102 - httpcore.http11 - DEBUG - atrace:87 - receive_response_headers.complete return_value=(b'HTTP/1.1', 200, b'OK', [(b'Content-Length', b'39248'), (b'Content-Type', b'application/json;odata.metadata=minimal;odata.streaming=true;IEEE754Compatible=false;charset=utf-8'), (b'Date', b'Wed, 24 Sep 2025 05:57:58 GMT'), (b'Server', b'Microsoft-IIS/10.0'), (b'Access-Control-Allow-Headers', b'Accept, Origin, Content-Type, MaxDataServiceVersion'), (b'Access-Control-Allow-Methods', b'GET'), (b'Access-Control-Allow-Origin', b'*'), (b'Access-Control-Expose-Headers', b'DataServiceVersion'), (b'Cache-Control', b'private'), (b'Content-Encoding', b'gzip'), (b'Expires', b'Wed, 24 Sep 2025 05:58:58 GMT'), (b'Vary', b'*'), (b'X-Content-Type-Options', b'nosniff'), (b'OData-Version', b'4.0;'), (b'X-AspNet-Version', b'4.0.30319'), (b'X-Powered-By', b'ASP.NET')])
2025-09-24 11:27:58,102 - httpx - INFO - _send_single_request:1740 - HTTP Request: GET https://services.odata.org/V4/Northwind/Northwind.svc/Invoices?%24skip=1000&%24top=500 "HTTP/1.1 200 OK"
2025-09-24 11:27:58,102 - httpcore.http11 - DEBUG - atrace:87 - receive_response_body.started request=<Request [b'GET']>
2025-09-24 11:27:58,408 - httpcore.http11 - DEBUG - atrace:87 - receive_response_body.complete
2025-09-24 11:27:58,408 - httpcore.http11 - DEBUG - atrace:87 - response_closed.started
2025-09-24 11:27:58,408 - httpcore.http11 - DEBUG - atrace:87 - response_closed.complete
2025-09-24 11:27:58,408 - workers.proxy_pool - INFO - _make_http_request:250 - [2m2025-09-24T05:57:58.408083Z[0m [[32m[1minfo     [0m] [1m📊 Worker successfully fetched data[0m [[0m[1m[34mworkers.proxy_pool[0m][0m [36mactual_records_added[0m=[35m500[0m [36mcommand_id[0m=[35mInvoices_page_3[0m [36mentity[0m=[35mInvoices[0m [36mentity_total_fetched[0m=[35m1000[0m [36mglobal_total_fetched[0m=[35m1000[0m [36mhas_next_page[0m=[35mFalse[0m [36mrecords_in_response[0m=[35m500[0m [36mworker_id[0m=[35mworker_2[0m
2025-09-24 11:27:58,408 - workers.proxy_pool - INFO - execute:110 - [2m2025-09-24T05:57:58.408083Z[0m [[32m[1minfo     [0m] [1m✅ Worker completed command successfully[0m [[0m[1m[34mworkers.proxy_pool[0m][0m [36mcommand_id[0m=[35mInvoices_page_3[0m [36mentity[0m=[35mInvoices[0m [36mexecution_time_seconds[0m=[35m1.66[0m [36mhas_next_page[0m=[35mFalse[0m [36mrecords_fetched[0m=[35m500[0m [36mworker_id[0m=[35mworker_2[0m
2025-09-24 11:27:58,408 - storage.transformer - INFO - transform_odata_response:62 - [2m2025-09-24T05:57:58.408083Z[0m [[32m[1minfo     [0m] [1mStarting transformation       [0m [[0m[1m[34mstorage.transformer[0m][0m [36mentity_name[0m=[35mInvoices[0m [36mresponse_keys[0m=[35m['@odata.context', 'value'][0m
2025-09-24 11:27:58,421 - storage.transformer - INFO - transform_odata_response:101 - [2m2025-09-24T05:57:58.421086Z[0m [[32m[1minfo     [0m] [1mTransformation completed      [0m [[0m[1m[34mstorage.transformer[0m][0m [36mentity_name[0m=[35mInvoices[0m [36minput_records[0m=[35m500[0m [36moutput_records[0m=[35m500[0m [36mtransformation_time_seconds[0m=[35m0.015[0m
2025-09-24 11:27:58,423 - storage.local_storage - INFO - store_processed_records:145 - [2m2025-09-24T05:57:58.423103Z[0m [[32m[1minfo     [0m] [1mStoring processed records     [0m [[0m[1m[34mstorage.local_storage[0m][0m [36mentity_name[0m=[35mInvoices[0m [36mformat[0m=[35mjson[0m [36mrecord_count[0m=[35m500[0m
2025-09-24 11:27:58,423 - storage.local_storage - INFO - store_processed_records:160 - [2m2025-09-24T05:57:58.423103Z[0m [[32m[1minfo     [0m] [1mSuccessfully stored processed records[0m [[0m[1m[34mstorage.local_storage[0m][0m [36mentity_name[0m=[35mInvoices[0m [36mfile_path[0m=[35m./test_output/processed\Invoices_20250924_055758.json[0m [36mrecord_count[0m=[35m500[0m [36mstorage_time_seconds[0m=[35m0.0[0m
2025-09-24 11:27:58,427 - storage.local_storage - INFO - store_raw_response:89 - [2m2025-09-24T05:57:58.427260Z[0m [[32m[1minfo     [0m] [1mSuccessfully stored raw data  [0m [[0m[1m[34mstorage.local_storage[0m][0m [36mentity_name[0m=[35mInvoices[0m [36mfile_path[0m=[35m./test_output/raw\Invoices\2025/09/24\05\Invoices_page_3.json[0m [36msize_bytes[0m=[35m461990[0m [36mstorage_time_seconds[0m=[35m0.0[0m
2025-09-24 11:27:58,616 - httpcore.http11 - DEBUG - atrace:87 - receive_response_headers.complete return_value=(b'HTTP/1.1', 200, b'OK', [(b'Content-Length', b'39254'), (b'Content-Type', b'application/json;odata.metadata=minimal;odata.streaming=true;IEEE754Compatible=false;charset=utf-8'), (b'Date', b'Wed, 24 Sep 2025 05:57:58 GMT'), (b'Server', b'Microsoft-IIS/10.0'), (b'Access-Control-Allow-Headers', b'Accept, Origin, Content-Type, MaxDataServiceVersion'), (b'Access-Control-Allow-Methods', b'GET'), (b'Access-Control-Allow-Origin', b'*'), (b'Access-Control-Expose-Headers', b'DataServiceVersion'), (b'Cache-Control', b'private'), (b'Content-Encoding', b'gzip'), (b'Expires', b'Wed, 24 Sep 2025 05:58:58 GMT'), (b'Vary', b'*'), (b'X-Content-Type-Options', b'nosniff'), (b'OData-Version', b'4.0;'), (b'X-AspNet-Version', b'4.0.30319'), (b'X-Powered-By', b'ASP.NET')])
2025-09-24 11:27:58,616 - httpx - INFO - _send_single_request:1740 - HTTP Request: GET https://services.odata.org/V4/Northwind/Northwind.svc/Invoices?%24skip=500&%24top=500 "HTTP/1.1 200 OK"
2025-09-24 11:27:58,616 - httpcore.http11 - DEBUG - atrace:87 - receive_response_body.started request=<Request [b'GET']>
2025-09-24 11:27:58,848 - httpcore.http11 - DEBUG - atrace:87 - receive_response_body.complete
2025-09-24 11:27:58,848 - httpcore.http11 - DEBUG - atrace:87 - response_closed.started
2025-09-24 11:27:58,848 - httpcore.http11 - DEBUG - atrace:87 - response_closed.complete
2025-09-24 11:27:58,853 - workers.proxy_pool - INFO - _make_http_request:250 - [2m2025-09-24T05:57:58.853396Z[0m [[32m[1minfo     [0m] [1m📊 Worker successfully fetched data[0m [[0m[1m[34mworkers.proxy_pool[0m][0m [36mactual_records_added[0m=[35m500[0m [36mcommand_id[0m=[35mInvoices_page_2[0m [36mentity[0m=[35mInvoices[0m [36mentity_total_fetched[0m=[35m1500[0m [36mglobal_total_fetched[0m=[35m1500[0m [36mhas_next_page[0m=[35mFalse[0m [36mrecords_in_response[0m=[35m500[0m [36mworker_id[0m=[35mworker_1[0m
2025-09-24 11:27:58,855 - workers.proxy_pool - INFO - execute:110 - [2m2025-09-24T05:57:58.855418Z[0m [[32m[1minfo     [0m] [1m✅ Worker completed command successfully[0m [[0m[1m[34mworkers.proxy_pool[0m][0m [36mcommand_id[0m=[35mInvoices_page_2[0m [36mentity[0m=[35mInvoices[0m [36mexecution_time_seconds[0m=[35m2.11[0m [36mhas_next_page[0m=[35mFalse[0m [36mrecords_fetched[0m=[35m500[0m [36mworker_id[0m=[35mworker_1[0m
2025-09-24 11:27:58,855 - storage.transformer - INFO - transform_odata_response:62 - [2m2025-09-24T05:57:58.855418Z[0m [[32m[1minfo     [0m] [1mStarting transformation       [0m [[0m[1m[34mstorage.transformer[0m][0m [36mentity_name[0m=[35mInvoices[0m [36mresponse_keys[0m=[35m['@odata.context', 'value'][0m
2025-09-24 11:27:58,866 - storage.transformer - INFO - transform_odata_response:101 - [2m2025-09-24T05:57:58.866238Z[0m [[32m[1minfo     [0m] [1mTransformation completed      [0m [[0m[1m[34mstorage.transformer[0m][0m [36mentity_name[0m=[35mInvoices[0m [36minput_records[0m=[35m500[0m [36moutput_records[0m=[35m500[0m [36mtransformation_time_seconds[0m=[35m0.0[0m
2025-09-24 11:27:58,866 - storage.local_storage - INFO - store_processed_records:145 - [2m2025-09-24T05:57:58.866238Z[0m [[32m[1minfo     [0m] [1mStoring processed records     [0m [[0m[1m[34mstorage.local_storage[0m][0m [36mentity_name[0m=[35mInvoices[0m [36mformat[0m=[35mjson[0m [36mrecord_count[0m=[35m500[0m
2025-09-24 11:27:58,866 - storage.local_storage - INFO - store_processed_records:160 - [2m2025-09-24T05:57:58.866238Z[0m [[32m[1minfo     [0m] [1mSuccessfully stored processed records[0m [[0m[1m[34mstorage.local_storage[0m][0m [36mentity_name[0m=[35mInvoices[0m [36mfile_path[0m=[35m./test_output/processed\Invoices_20250924_055758.json[0m [36mrecord_count[0m=[35m500[0m [36mstorage_time_seconds[0m=[35m0.0[0m
2025-09-24 11:27:58,866 - storage.local_storage - INFO - store_raw_response:89 - [2m2025-09-24T05:57:58.866238Z[0m [[32m[1minfo     [0m] [1mSuccessfully stored raw data  [0m [[0m[1m[34mstorage.local_storage[0m][0m [36mentity_name[0m=[35mInvoices[0m [36mfile_path[0m=[35m./test_output/raw\Invoices\2025/09/24\05\Invoices_page_2.json[0m [36msize_bytes[0m=[35m460858[0m [36mstorage_time_seconds[0m=[35m0.0[0m
2025-09-24 11:28:06,804 - connector - INFO - _monitor_execution:392 - [2m2025-09-24T05:58:06.804973Z[0m [[32m[1minfo     [0m] [1m📊 Execution progress          [0m [[0m[1m[34mconnector[0m][0m [36mactive_workers[0m=[35m3[0m [36mcommands_executed[0m=[35m3[0m [36mqueue_size[0m=[35m0[0m [36mrecords_processed[0m=[35m1500[0m
2025-09-24 11:28:16,885 - connector - INFO - _monitor_execution:392 - [2m2025-09-24T05:58:16.885333Z[0m [[32m[1minfo     [0m] [1m📊 Execution progress          [0m [[0m[1m[34mconnector[0m][0m [36mactive_workers[0m=[35m3[0m [36mcommands_executed[0m=[35m3[0m [36mqueue_size[0m=[35m0[0m [36mrecords_processed[0m=[35m1500[0m
2025-09-24 11:28:26,966 - connector - INFO - _monitor_execution:392 - [2m2025-09-24T05:58:26.966344Z[0m [[32m[1minfo     [0m] [1m📊 Execution progress          [0m [[0m[1m[34mconnector[0m][0m [36mactive_workers[0m=[35m3[0m [36mcommands_executed[0m=[35m3[0m [36mqueue_size[0m=[35m0[0m [36mrecords_processed[0m=[35m1500[0m
2025-09-24 11:28:37,020 - connector - INFO - _monitor_execution:392 - [2m2025-09-24T05:58:37.020297Z[0m [[32m[1minfo     [0m] [1m📊 Execution progress          [0m [[0m[1m[34mconnector[0m][0m [36mactive_workers[0m=[35m3[0m [36mcommands_executed[0m=[35m3[0m [36mqueue_size[0m=[35m0[0m [36mrecords_processed[0m=[35m1500[0m
2025-09-24 11:28:47,091 - connector - INFO - _monitor_execution:392 - [2m2025-09-24T05:58:47.091854Z[0m [[32m[1minfo     [0m] [1m📊 Execution progress          [0m [[0m[1m[34mconnector[0m][0m [36mactive_workers[0m=[35m3[0m [36mcommands_executed[0m=[35m3[0m [36mqueue_size[0m=[35m0[0m [36mrecords_processed[0m=[35m1500[0m
2025-09-24 11:28:57,200 - connector - INFO - _monitor_execution:392 - [2m2025-09-24T05:58:57.199525Z[0m [[32m[1minfo     [0m] [1m📊 Execution progress          [0m [[0m[1m[34mconnector[0m][0m [36mactive_workers[0m=[35m3[0m [36mcommands_executed[0m=[35m3[0m [36mqueue_size[0m=[35m0[0m [36mrecords_processed[0m=[35m1500[0m
2025-09-24 11:29:07,218 - connector - INFO - _monitor_execution:392 - [2m2025-09-24T05:59:07.218316Z[0m [[32m[1minfo     [0m] [1m📊 Execution progress          [0m [[0m[1m[34mconnector[0m][0m [36mactive_workers[0m=[35m3[0m [36mcommands_executed[0m=[35m3[0m [36mqueue_size[0m=[35m0[0m [36mrecords_processed[0m=[35m1500[0m
2025-09-24 11:29:17,260 - connector - INFO - _monitor_execution:392 - [2m2025-09-24T05:59:17.260553Z[0m [[32m[1minfo     [0m] [1m📊 Execution progress          [0m [[0m[1m[34mconnector[0m][0m [36mactive_workers[0m=[35m3[0m [36mcommands_executed[0m=[35m3[0m [36mqueue_size[0m=[35m0[0m [36mrecords_processed[0m=[35m1500[0m
2025-09-24 11:29:27,350 - connector - INFO - _monitor_execution:392 - [2m2025-09-24T05:59:27.350769Z[0m [[32m[1minfo     [0m] [1m📊 Execution progress          [0m [[0m[1m[34mconnector[0m][0m [36mactive_workers[0m=[35m3[0m [36mcommands_executed[0m=[35m3[0m [36mqueue_size[0m=[35m0[0m [36mrecords_processed[0m=[35m1500[0m
2025-09-24 11:29:37,380 - connector - INFO - _monitor_execution:392 - [2m2025-09-24T05:59:37.380276Z[0m [[32m[1minfo     [0m] [1m📊 Execution progress          [0m [[0m[1m[34mconnector[0m][0m [36mactive_workers[0m=[35m3[0m [36mcommands_executed[0m=[35m3[0m [36mqueue_size[0m=[35m0[0m [36mrecords_processed[0m=[35m1500[0m
2025-09-24 11:29:47,386 - connector - INFO - _monitor_execution:392 - [2m2025-09-24T05:59:47.386732Z[0m [[32m[1minfo     [0m] [1m📊 Execution progress          [0m [[0m[1m[34mconnector[0m][0m [36mactive_workers[0m=[35m3[0m [36mcommands_executed[0m=[35m3[0m [36mqueue_size[0m=[35m0[0m [36mrecords_processed[0m=[35m1500[0m
2025-09-24 11:29:57,479 - connector - INFO - _monitor_execution:392 - [2m2025-09-24T05:59:57.479519Z[0m [[32m[1minfo     [0m] [1m📊 Execution progress          [0m [[0m[1m[34mconnector[0m][0m [36mactive_workers[0m=[35m3[0m [36mcommands_executed[0m=[35m3[0m [36mqueue_size[0m=[35m0[0m [36mrecords_processed[0m=[35m1500[0m
2025-09-24 11:30:07,560 - connector - INFO - _monitor_execution:392 - [2m2025-09-24T06:00:07.560106Z[0m [[32m[1minfo     [0m] [1m📊 Execution progress          [0m [[0m[1m[34mconnector[0m][0m [36mactive_workers[0m=[35m3[0m [36mcommands_executed[0m=[35m3[0m [36mqueue_size[0m=[35m0[0m [36mrecords_processed[0m=[35m1500[0m
2025-09-24 11:30:17,628 - connector - INFO - _monitor_execution:392 - [2m2025-09-24T06:00:17.628157Z[0m [[32m[1minfo     [0m] [1m📊 Execution progress          [0m [[0m[1m[34mconnector[0m][0m [36mactive_workers[0m=[35m3[0m [36mcommands_executed[0m=[35m3[0m [36mqueue_size[0m=[35m0[0m [36mrecords_processed[0m=[35m1500[0m
2025-09-24 11:30:27,680 - connector - INFO - _monitor_execution:392 - [2m2025-09-24T06:00:27.680013Z[0m [[32m[1minfo     [0m] [1m📊 Execution progress          [0m [[0m[1m[34mconnector[0m][0m [36mactive_workers[0m=[35m3[0m [36mcommands_executed[0m=[35m3[0m [36mqueue_size[0m=[35m0[0m [36mrecords_processed[0m=[35m1500[0m
2025-09-24 11:30:37,739 - connector - INFO - _monitor_execution:392 - [2m2025-09-24T06:00:37.739957Z[0m [[32m[1minfo     [0m] [1m📊 Execution progress          [0m [[0m[1m[34mconnector[0m][0m [36mactive_workers[0m=[35m3[0m [36mcommands_executed[0m=[35m3[0m [36mqueue_size[0m=[35m0[0m [36mrecords_processed[0m=[35m1500[0m
2025-09-24 11:30:47,799 - connector - INFO - _monitor_execution:392 - [2m2025-09-24T06:00:47.799986Z[0m [[32m[1minfo     [0m] [1m📊 Execution progress          [0m [[0m[1m[34mconnector[0m][0m [36mactive_workers[0m=[35m3[0m [36mcommands_executed[0m=[35m3[0m [36mqueue_size[0m=[35m0[0m [36mrecords_processed[0m=[35m1500[0m
2025-09-24 11:30:57,881 - connector - INFO - _monitor_execution:392 - [2m2025-09-24T06:00:57.881428Z[0m [[32m[1minfo     [0m] [1m📊 Execution progress          [0m [[0m[1m[34mconnector[0m][0m [36mactive_workers[0m=[35m3[0m [36mcommands_executed[0m=[35m3[0m [36mqueue_size[0m=[35m0[0m [36mrecords_processed[0m=[35m1500[0m
2025-09-24 11:31:07,966 - connector - INFO - _monitor_execution:392 - [2m2025-09-24T06:01:07.965495Z[0m [[32m[1minfo     [0m] [1m📊 Execution progress          [0m [[0m[1m[34mconnector[0m][0m [36mactive_workers[0m=[35m3[0m [36mcommands_executed[0m=[35m3[0m [36mqueue_size[0m=[35m0[0m [36mrecords_processed[0m=[35m1500[0m
2025-09-24 11:31:18,029 - connector - INFO - _monitor_execution:392 - [2m2025-09-24T06:01:18.029666Z[0m [[32m[1minfo     [0m] [1m📊 Execution progress          [0m [[0m[1m[34mconnector[0m][0m [36mactive_workers[0m=[35m3[0m [36mcommands_executed[0m=[35m3[0m [36mqueue_size[0m=[35m0[0m [36mrecords_processed[0m=[35m1500[0m
2025-09-24 11:31:28,067 - connector - INFO - _monitor_execution:392 - [2m2025-09-24T06:01:28.066930Z[0m [[32m[1minfo     [0m] [1m📊 Execution progress          [0m [[0m[1m[34mconnector[0m][0m [36mactive_workers[0m=[35m3[0m [36mcommands_executed[0m=[35m3[0m [36mqueue_size[0m=[35m0[0m [36mrecords_processed[0m=[35m1500[0m
2025-09-24 11:31:38,176 - connector - INFO - _monitor_execution:392 - [2m2025-09-24T06:01:38.176259Z[0m [[32m[1minfo     [0m] [1m📊 Execution progress          [0m [[0m[1m[34mconnector[0m][0m [36mactive_workers[0m=[35m3[0m [36mcommands_executed[0m=[35m3[0m [36mqueue_size[0m=[35m0[0m [36mrecords_processed[0m=[35m1500[0m
2025-09-24 11:31:48,244 - connector - INFO - _monitor_execution:392 - [2m2025-09-24T06:01:48.244699Z[0m [[32m[1minfo     [0m] [1m📊 Execution progress          [0m [[0m[1m[34mconnector[0m][0m [36mactive_workers[0m=[35m3[0m [36mcommands_executed[0m=[35m3[0m [36mqueue_size[0m=[35m0[0m [36mrecords_processed[0m=[35m1500[0m
2025-09-24 11:31:58,324 - connector - INFO - _monitor_execution:392 - [2m2025-09-24T06:01:58.324399Z[0m [[32m[1minfo     [0m] [1m📊 Execution progress          [0m [[0m[1m[34mconnector[0m][0m [36mactive_workers[0m=[35m3[0m [36mcommands_executed[0m=[35m3[0m [36mqueue_size[0m=[35m0[0m [36mrecords_processed[0m=[35m1500[0m
2025-09-24 11:32:08,411 - connector - INFO - _monitor_execution:392 - [2m2025-09-24T06:02:08.409667Z[0m [[32m[1minfo     [0m] [1m📊 Execution progress          [0m [[0m[1m[34mconnector[0m][0m [36mactive_workers[0m=[35m3[0m [36mcommands_executed[0m=[35m3[0m [36mqueue_size[0m=[35m0[0m [36mrecords_processed[0m=[35m1500[0m
2025-09-24 11:32:18,473 - connector - INFO - _monitor_execution:392 - [2m2025-09-24T06:02:18.473789Z[0m [[32m[1minfo     [0m] [1m📊 Execution progress          [0m [[0m[1m[34mconnector[0m][0m [36mactive_workers[0m=[35m3[0m [36mcommands_executed[0m=[35m3[0m [36mqueue_size[0m=[35m0[0m [36mrecords_processed[0m=[35m1500[0m
2025-09-24 11:32:28,571 - connector - INFO - _monitor_execution:392 - [2m2025-09-24T06:02:28.570848Z[0m [[32m[1minfo     [0m] [1m📊 Execution progress          [0m [[0m[1m[34mconnector[0m][0m [36mactive_workers[0m=[35m3[0m [36mcommands_executed[0m=[35m3[0m [36mqueue_size[0m=[35m0[0m [36mrecords_processed[0m=[35m1500[0m
2025-09-24 11:32:38,619 - connector - INFO - _monitor_execution:392 - [2m2025-09-24T06:02:38.619194Z[0m [[32m[1minfo     [0m] [1m📊 Execution progress          [0m [[0m[1m[34mconnector[0m][0m [36mactive_workers[0m=[35m3[0m [36mcommands_executed[0m=[35m3[0m [36mqueue_size[0m=[35m0[0m [36mrecords_processed[0m=[35m1500[0m
2025-09-24 11:32:48,711 - connector - INFO - _monitor_execution:392 - [2m2025-09-24T06:02:48.711405Z[0m [[32m[1minfo     [0m] [1m📊 Execution progress          [0m [[0m[1m[34mconnector[0m][0m [36mactive_workers[0m=[35m3[0m [36mcommands_executed[0m=[35m3[0m [36mqueue_size[0m=[35m0[0m [36mrecords_processed[0m=[35m1500[0m
2025-09-24 11:32:58,807 - connector - INFO - _monitor_execution:392 - [2m2025-09-24T06:02:58.806680Z[0m [[32m[1minfo     [0m] [1m📊 Execution progress          [0m [[0m[1m[34mconnector[0m][0m [36mactive_workers[0m=[35m3[0m [36mcommands_executed[0m=[35m3[0m [36mqueue_size[0m=[35m0[0m [36mrecords_processed[0m=[35m1500[0m
2025-09-24 11:33:08,893 - connector - INFO - _monitor_execution:392 - [2m2025-09-24T06:03:08.893702Z[0m [[32m[1minfo     [0m] [1m📊 Execution progress          [0m [[0m[1m[34mconnector[0m][0m [36mactive_workers[0m=[35m3[0m [36mcommands_executed[0m=[35m3[0m [36mqueue_size[0m=[35m0[0m [36mrecords_processed[0m=[35m1500[0m
2025-09-24 11:33:18,984 - connector - INFO - _monitor_execution:392 - [2m2025-09-24T06:03:18.984718Z[0m [[32m[1minfo     [0m] [1m📊 Execution progress          [0m [[0m[1m[34mconnector[0m][0m [36mactive_workers[0m=[35m3[0m [36mcommands_executed[0m=[35m3[0m [36mqueue_size[0m=[35m0[0m [36mrecords_processed[0m=[35m1500[0m
2025-09-24 11:33:29,082 - connector - INFO - _monitor_execution:392 - [2m2025-09-24T06:03:29.082836Z[0m [[32m[1minfo     [0m] [1m📊 Execution progress          [0m [[0m[1m[34mconnector[0m][0m [36mactive_workers[0m=[35m3[0m [36mcommands_executed[0m=[35m3[0m [36mqueue_size[0m=[35m0[0m [36mrecords_processed[0m=[35m1500[0m
2025-09-24 11:33:39,198 - connector - INFO - _monitor_execution:392 - [2m2025-09-24T06:03:39.197660Z[0m [[32m[1minfo     [0m] [1m📊 Execution progress          [0m [[0m[1m[34mconnector[0m][0m [36mactive_workers[0m=[35m3[0m [36mcommands_executed[0m=[35m3[0m [36mqueue_size[0m=[35m0[0m [36mrecords_processed[0m=[35m1500[0m
2025-09-24 11:33:49,270 - connector - INFO - _monitor_execution:392 - [2m2025-09-24T06:03:49.269798Z[0m [[32m[1minfo     [0m] [1m📊 Execution progress          [0m [[0m[1m[34mconnector[0m][0m [36mactive_workers[0m=[35m3[0m [36mcommands_executed[0m=[35m3[0m [36mqueue_size[0m=[35m0[0m [36mrecords_processed[0m=[35m1500[0m
2025-09-24 11:33:59,349 - connector - INFO - _monitor_execution:392 - [2m2025-09-24T06:03:59.349655Z[0m [[32m[1minfo     [0m] [1m📊 Execution progress          [0m [[0m[1m[34mconnector[0m][0m [36mactive_workers[0m=[35m3[0m [36mcommands_executed[0m=[35m3[0m [36mqueue_size[0m=[35m0[0m [36mrecords_processed[0m=[35m1500[0m
2025-09-24 11:34:09,417 - connector - INFO - _monitor_execution:392 - [2m2025-09-24T06:04:09.416509Z[0m [[32m[1minfo     [0m] [1m📊 Execution progress          [0m [[0m[1m[34mconnector[0m][0m [36mactive_workers[0m=[35m3[0m [36mcommands_executed[0m=[35m3[0m [36mqueue_size[0m=[35m0[0m [36mrecords_processed[0m=[35m1500[0m
2025-09-24 11:34:19,477 - connector - INFO - _monitor_execution:392 - [2m2025-09-24T06:04:19.477906Z[0m [[32m[1minfo     [0m] [1m📊 Execution progress          [0m [[0m[1m[34mconnector[0m][0m [36mactive_workers[0m=[35m3[0m [36mcommands_executed[0m=[35m3[0m [36mqueue_size[0m=[35m0[0m [36mrecords_processed[0m=[35m1500[0m
2025-09-24 11:34:29,552 - connector - INFO - _monitor_execution:392 - [2m2025-09-24T06:04:29.552825Z[0m [[32m[1minfo     [0m] [1m📊 Execution progress          [0m [[0m[1m[34mconnector[0m][0m [36mactive_workers[0m=[35m3[0m [36mcommands_executed[0m=[35m3[0m [36mqueue_size[0m=[35m0[0m [36mrecords_processed[0m=[35m1500[0m
2025-09-24 11:34:39,660 - connector - INFO - _monitor_execution:392 - [2m2025-09-24T06:04:39.660494Z[0m [[32m[1minfo     [0m] [1m📊 Execution progress          [0m [[0m[1m[34mconnector[0m][0m [36mactive_workers[0m=[35m3[0m [36mcommands_executed[0m=[35m3[0m [36mqueue_size[0m=[35m0[0m [36mrecords_processed[0m=[35m1500[0m
2025-09-24 11:34:49,734 - connector - INFO - _monitor_execution:392 - [2m2025-09-24T06:04:49.733933Z[0m [[32m[1minfo     [0m] [1m📊 Execution progress          [0m [[0m[1m[34mconnector[0m][0m [36mactive_workers[0m=[35m3[0m [36mcommands_executed[0m=[35m3[0m [36mqueue_size[0m=[35m0[0m [36mrecords_processed[0m=[35m1500[0m
2025-09-24 11:34:59,739 - connector - INFO - _monitor_execution:392 - [2m2025-09-24T06:04:59.739297Z[0m [[32m[1minfo     [0m] [1m📊 Execution progress          [0m [[0m[1m[34mconnector[0m][0m [36mactive_workers[0m=[35m3[0m [36mcommands_executed[0m=[35m3[0m [36mqueue_size[0m=[35m0[0m [36mrecords_processed[0m=[35m1500[0m
2025-09-24 11:35:09,821 - connector - INFO - _monitor_execution:392 - [2m2025-09-24T06:05:09.821263Z[0m [[32m[1minfo     [0m] [1m📊 Execution progress          [0m [[0m[1m[34mconnector[0m][0m [36mactive_workers[0m=[35m3[0m [36mcommands_executed[0m=[35m3[0m [36mqueue_size[0m=[35m0[0m [36mrecords_processed[0m=[35m1500[0m
2025-09-24 11:35:19,971 - connector - INFO - _monitor_execution:392 - [2m2025-09-24T06:05:19.971800Z[0m [[32m[1minfo     [0m] [1m📊 Execution progress          [0m [[0m[1m[34mconnector[0m][0m [36mactive_workers[0m=[35m3[0m [36mcommands_executed[0m=[35m3[0m [36mqueue_size[0m=[35m0[0m [36mrecords_processed[0m=[35m1500[0m
2025-09-24 11:35:30,040 - connector - INFO - _monitor_execution:392 - [2m2025-09-24T06:05:30.040680Z[0m [[32m[1minfo     [0m] [1m📊 Execution progress          [0m [[0m[1m[34mconnector[0m][0m [36mactive_workers[0m=[35m3[0m [36mcommands_executed[0m=[35m3[0m [36mqueue_size[0m=[35m0[0m [36mrecords_processed[0m=[35m1500[0m
2025-09-24 11:35:40,104 - connector - INFO - _monitor_execution:392 - [2m2025-09-24T06:05:40.104222Z[0m [[32m[1minfo     [0m] [1m📊 Execution progress          [0m [[0m[1m[34mconnector[0m][0m [36mactive_workers[0m=[35m3[0m [36mcommands_executed[0m=[35m3[0m [36mqueue_size[0m=[35m0[0m [36mrecords_processed[0m=[35m1500[0m
2025-09-24 11:35:50,121 - connector - INFO - _monitor_execution:392 - [2m2025-09-24T06:05:50.121216Z[0m [[32m[1minfo     [0m] [1m📊 Execution progress          [0m [[0m[1m[34mconnector[0m][0m [36mactive_workers[0m=[35m3[0m [36mcommands_executed[0m=[35m3[0m [36mqueue_size[0m=[35m0[0m [36mrecords_processed[0m=[35m1500[0m
2025-09-24 11:36:00,188 - connector - INFO - _monitor_execution:392 - [2m2025-09-24T06:06:00.188552Z[0m [[32m[1minfo     [0m] [1m📊 Execution progress          [0m [[0m[1m[34mconnector[0m][0m [36mactive_workers[0m=[35m3[0m [36mcommands_executed[0m=[35m3[0m [36mqueue_size[0m=[35m0[0m [36mrecords_processed[0m=[35m1500[0m
2025-09-24 11:36:10,242 - connector - INFO - _monitor_execution:392 - [2m2025-09-24T06:06:10.242188Z[0m [[32m[1minfo     [0m] [1m📊 Execution progress          [0m [[0m[1m[34mconnector[0m][0m [36mactive_workers[0m=[35m3[0m [36mcommands_executed[0m=[35m3[0m [36mqueue_size[0m=[35m0[0m [36mrecords_processed[0m=[35m1500[0m
2025-09-24 11:36:20,300 - connector - INFO - _monitor_execution:392 - [2m2025-09-24T06:06:20.300062Z[0m [[32m[1minfo     [0m] [1m📊 Execution progress          [0m [[0m[1m[34mconnector[0m][0m [36mactive_workers[0m=[35m3[0m [36mcommands_executed[0m=[35m3[0m [36mqueue_size[0m=[35m0[0m [36mrecords_processed[0m=[35m1500[0m
2025-09-24 11:36:30,396 - connector - INFO - _monitor_execution:392 - [2m2025-09-24T06:06:30.396025Z[0m [[32m[1minfo     [0m] [1m📊 Execution progress          [0m [[0m[1m[34mconnector[0m][0m [36mactive_workers[0m=[35m3[0m [36mcommands_executed[0m=[35m3[0m [36mqueue_size[0m=[35m0[0m [36mrecords_processed[0m=[35m1500[0m
2025-09-24 11:36:40,497 - connector - INFO - _monitor_execution:392 - [2m2025-09-24T06:06:40.497612Z[0m [[32m[1minfo     [0m] [1m📊 Execution progress          [0m [[0m[1m[34mconnector[0m][0m [36mactive_workers[0m=[35m3[0m [36mcommands_executed[0m=[35m3[0m [36mqueue_size[0m=[35m0[0m [36mrecords_processed[0m=[35m1500[0m
2025-09-24 11:36:50,554 - connector - INFO - _monitor_execution:392 - [2m2025-09-24T06:06:50.554340Z[0m [[32m[1minfo     [0m] [1m📊 Execution progress          [0m [[0m[1m[34mconnector[0m][0m [36mactive_workers[0m=[35m3[0m [36mcommands_executed[0m=[35m3[0m [36mqueue_size[0m=[35m0[0m [36mrecords_processed[0m=[35m1500[0m
2025-09-24 11:37:00,624 - connector - INFO - _monitor_execution:392 - [2m2025-09-24T06:07:00.624815Z[0m [[32m[1minfo     [0m] [1m📊 Execution progress          [0m [[0m[1m[34mconnector[0m][0m [36mactive_workers[0m=[35m3[0m [36mcommands_executed[0m=[35m3[0m [36mqueue_size[0m=[35m0[0m [36mrecords_processed[0m=[35m1500[0m
2025-09-24 11:37:10,665 - connector - INFO - _monitor_execution:392 - [2m2025-09-24T06:07:10.665523Z[0m [[32m[1minfo     [0m] [1m📊 Execution progress          [0m [[0m[1m[34mconnector[0m][0m [36mactive_workers[0m=[35m3[0m [36mcommands_executed[0m=[35m3[0m [36mqueue_size[0m=[35m0[0m [36mrecords_processed[0m=[35m1500[0m
2025-09-24 11:37:20,729 - connector - INFO - _monitor_execution:392 - [2m2025-09-24T06:07:20.728944Z[0m [[32m[1minfo     [0m] [1m📊 Execution progress          [0m [[0m[1m[34mconnector[0m][0m [36mactive_workers[0m=[35m3[0m [36mcommands_executed[0m=[35m3[0m [36mqueue_size[0m=[35m0[0m [36mrecords_processed[0m=[35m1500[0m
2025-09-24 11:37:30,791 - connector - INFO - _monitor_execution:392 - [2m2025-09-24T06:07:30.791990Z[0m [[32m[1minfo     [0m] [1m📊 Execution progress          [0m [[0m[1m[34mconnector[0m][0m [36mactive_workers[0m=[35m3[0m [36mcommands_executed[0m=[35m3[0m [36mqueue_size[0m=[35m0[0m [36mrecords_processed[0m=[35m1500[0m
2025-09-24 11:37:40,846 - connector - INFO - _monitor_execution:392 - [2m2025-09-24T06:07:40.846328Z[0m [[32m[1minfo     [0m] [1m📊 Execution progress          [0m [[0m[1m[34mconnector[0m][0m [36mactive_workers[0m=[35m3[0m [36mcommands_executed[0m=[35m3[0m [36mqueue_size[0m=[35m0[0m [36mrecords_processed[0m=[35m1500[0m
2025-09-24 11:37:50,913 - connector - INFO - _monitor_execution:392 - [2m2025-09-24T06:07:50.913021Z[0m [[32m[1minfo     [0m] [1m📊 Execution progress          [0m [[0m[1m[34mconnector[0m][0m [36mactive_workers[0m=[35m3[0m [36mcommands_executed[0m=[35m3[0m [36mqueue_size[0m=[35m0[0m [36mrecords_processed[0m=[35m1500[0m
2025-09-24 11:38:00,976 - connector - INFO - _monitor_execution:392 - [2m2025-09-24T06:08:00.975873Z[0m [[32m[1minfo     [0m] [1m📊 Execution progress          [0m [[0m[1m[34mconnector[0m][0m [36mactive_workers[0m=[35m3[0m [36mcommands_executed[0m=[35m3[0m [36mqueue_size[0m=[35m0[0m [36mrecords_processed[0m=[35m1500[0m
2025-09-24 11:38:11,051 - connector - INFO - _monitor_execution:392 - [2m2025-09-24T06:08:11.051697Z[0m [[32m[1minfo     [0m] [1m📊 Execution progress          [0m [[0m[1m[34mconnector[0m][0m [36mactive_workers[0m=[35m3[0m [36mcommands_executed[0m=[35m3[0m [36mqueue_size[0m=[35m0[0m [36mrecords_processed[0m=[35m1500[0m
2025-09-24 11:38:21,181 - connector - INFO - _monitor_execution:392 - [2m2025-09-24T06:08:21.180333Z[0m [[32m[1minfo     [0m] [1m📊 Execution progress          [0m [[0m[1m[34mconnector[0m][0m [36mactive_workers[0m=[35m3[0m [36mcommands_executed[0m=[35m3[0m [36mqueue_size[0m=[35m0[0m [36mrecords_processed[0m=[35m1500[0m
2025-09-24 11:38:31,246 - connector - INFO - _monitor_execution:392 - [2m2025-09-24T06:08:31.246074Z[0m [[32m[1minfo     [0m] [1m📊 Execution progress          [0m [[0m[1m[34mconnector[0m][0m [36mactive_workers[0m=[35m3[0m [36mcommands_executed[0m=[35m3[0m [36mqueue_size[0m=[35m0[0m [36mrecords_processed[0m=[35m1500[0m
2025-09-24 11:38:41,331 - connector - INFO - _monitor_execution:392 - [2m2025-09-24T06:08:41.331620Z[0m [[32m[1minfo     [0m] [1m📊 Execution progress          [0m [[0m[1m[34mconnector[0m][0m [36mactive_workers[0m=[35m3[0m [36mcommands_executed[0m=[35m3[0m [36mqueue_size[0m=[35m0[0m [36mrecords_processed[0m=[35m1500[0m
2025-09-24 11:38:51,367 - connector - INFO - _monitor_execution:392 - [2m2025-09-24T06:08:51.367396Z[0m [[32m[1minfo     [0m] [1m📊 Execution progress          [0m [[0m[1m[34mconnector[0m][0m [36mactive_workers[0m=[35m3[0m [36mcommands_executed[0m=[35m3[0m [36mqueue_size[0m=[35m0[0m [36mrecords_processed[0m=[35m1500[0m
2025-09-24 11:39:01,477 - connector - INFO - _monitor_execution:392 - [2m2025-09-24T06:09:01.477222Z[0m [[32m[1minfo     [0m] [1m📊 Execution progress          [0m [[0m[1m[34mconnector[0m][0m [36mactive_workers[0m=[35m3[0m [36mcommands_executed[0m=[35m3[0m [36mqueue_size[0m=[35m0[0m [36mrecords_processed[0m=[35m1500[0m
2025-09-24 11:39:11,550 - connector - INFO - _monitor_execution:392 - [2m2025-09-24T06:09:11.550007Z[0m [[32m[1minfo     [0m] [1m📊 Execution progress          [0m [[0m[1m[34mconnector[0m][0m [36mactive_workers[0m=[35m3[0m [36mcommands_executed[0m=[35m3[0m [36mqueue_size[0m=[35m0[0m [36mrecords_processed[0m=[35m1500[0m
2025-09-24 11:39:21,670 - connector - INFO - _monitor_execution:392 - [2m2025-09-24T06:09:21.670696Z[0m [[32m[1minfo     [0m] [1m📊 Execution progress          [0m [[0m[1m[34mconnector[0m][0m [36mactive_workers[0m=[35m3[0m [36mcommands_executed[0m=[35m3[0m [36mqueue_size[0m=[35m0[0m [36mrecords_processed[0m=[35m1500[0m
2025-09-24 11:39:31,749 - connector - INFO - _monitor_execution:392 - [2m2025-09-24T06:09:31.749200Z[0m [[32m[1minfo     [0m] [1m📊 Execution progress          [0m [[0m[1m[34mconnector[0m][0m [36mactive_workers[0m=[35m3[0m [36mcommands_executed[0m=[35m3[0m [36mqueue_size[0m=[35m0[0m [36mrecords_processed[0m=[35m1500[0m
2025-09-24 11:39:41,871 - connector - INFO - _monitor_execution:392 - [2m2025-09-24T06:09:41.871177Z[0m [[32m[1minfo     [0m] [1m📊 Execution progress          [0m [[0m[1m[34mconnector[0m][0m [36mactive_workers[0m=[35m3[0m [36mcommands_executed[0m=[35m3[0m [36mqueue_size[0m=[35m0[0m [36mrecords_processed[0m=[35m1500[0m
2025-09-24 11:39:51,990 - connector - INFO - _monitor_execution:392 - [2m2025-09-24T06:09:51.990981Z[0m [[32m[1minfo     [0m] [1m📊 Execution progress          [0m [[0m[1m[34mconnector[0m][0m [36mactive_workers[0m=[35m3[0m [36mcommands_executed[0m=[35m3[0m [36mqueue_size[0m=[35m0[0m [36mrecords_processed[0m=[35m1500[0m
2025-09-24 11:40:02,037 - connector - INFO - _monitor_execution:392 - [2m2025-09-24T06:10:02.036196Z[0m [[32m[1minfo     [0m] [1m📊 Execution progress          [0m [[0m[1m[34mconnector[0m][0m [36mactive_workers[0m=[35m3[0m [36mcommands_executed[0m=[35m3[0m [36mqueue_size[0m=[35m0[0m [36mrecords_processed[0m=[35m1500[0m
2025-09-24 11:40:12,104 - connector - INFO - _monitor_execution:392 - [2m2025-09-24T06:10:12.103835Z[0m [[32m[1minfo     [0m] [1m📊 Execution progress          [0m [[0m[1m[34mconnector[0m][0m [36mactive_workers[0m=[35m3[0m [36mcommands_executed[0m=[35m3[0m [36mqueue_size[0m=[35m0[0m [36mrecords_processed[0m=[35m1500[0m
2025-09-24 11:40:22,230 - connector - INFO - _monitor_execution:392 - [2m2025-09-24T06:10:22.230295Z[0m [[32m[1minfo     [0m] [1m📊 Execution progress          [0m [[0m[1m[34mconnector[0m][0m [36mactive_workers[0m=[35m3[0m [36mcommands_executed[0m=[35m3[0m [36mqueue_size[0m=[35m0[0m [36mrecords_processed[0m=[35m1500[0m
2025-09-24 11:40:32,303 - connector - INFO - _monitor_execution:392 - [2m2025-09-24T06:10:32.303794Z[0m [[32m[1minfo     [0m] [1m📊 Execution progress          [0m [[0m[1m[34mconnector[0m][0m [36mactive_workers[0m=[35m3[0m [36mcommands_executed[0m=[35m3[0m [36mqueue_size[0m=[35m0[0m [36mrecords_processed[0m=[35m1500[0m
2025-09-24 11:40:42,377 - connector - INFO - _monitor_execution:392 - [2m2025-09-24T06:10:42.377230Z[0m [[32m[1minfo     [0m] [1m📊 Execution progress          [0m [[0m[1m[34mconnector[0m][0m [36mactive_workers[0m=[35m3[0m [36mcommands_executed[0m=[35m3[0m [36mqueue_size[0m=[35m0[0m [36mrecords_processed[0m=[35m1500[0m
2025-09-24 11:40:52,443 - connector - INFO - _monitor_execution:392 - [2m2025-09-24T06:10:52.442719Z[0m [[32m[1minfo     [0m] [1m📊 Execution progress          [0m [[0m[1m[34mconnector[0m][0m [36mactive_workers[0m=[35m3[0m [36mcommands_executed[0m=[35m3[0m [36mqueue_size[0m=[35m0[0m [36mrecords_processed[0m=[35m1500[0m
2025-09-24 11:41:02,494 - connector - INFO - _monitor_execution:392 - [2m2025-09-24T06:11:02.494373Z[0m [[32m[1minfo     [0m] [1m📊 Execution progress          [0m [[0m[1m[34mconnector[0m][0m [36mactive_workers[0m=[35m3[0m [36mcommands_executed[0m=[35m3[0m [36mqueue_size[0m=[35m0[0m [36mrecords_processed[0m=[35m1500[0m
2025-09-24 11:41:12,498 - connector - INFO - _monitor_execution:392 - [2m2025-09-24T06:11:12.497478Z[0m [[32m[1minfo     [0m] [1m📊 Execution progress          [0m [[0m[1m[34mconnector[0m][0m [36mactive_workers[0m=[35m3[0m [36mcommands_executed[0m=[35m3[0m [36mqueue_size[0m=[35m0[0m [36mrecords_processed[0m=[35m1500[0m
2025-09-24 11:41:22,576 - connector - INFO - _monitor_execution:392 - [2m2025-09-24T06:11:22.576022Z[0m [[32m[1minfo     [0m] [1m📊 Execution progress          [0m [[0m[1m[34mconnector[0m][0m [36mactive_workers[0m=[35m3[0m [36mcommands_executed[0m=[35m3[0m [36mqueue_size[0m=[35m0[0m [36mrecords_processed[0m=[35m1500[0m
2025-09-24 11:41:32,646 - connector - INFO - _monitor_execution:392 - [2m2025-09-24T06:11:32.646277Z[0m [[32m[1minfo     [0m] [1m📊 Execution progress          [0m [[0m[1m[34mconnector[0m][0m [36mactive_workers[0m=[35m3[0m [36mcommands_executed[0m=[35m3[0m [36mqueue_size[0m=[35m0[0m [36mrecords_processed[0m=[35m1500[0m
2025-09-24 11:41:42,710 - connector - INFO - _monitor_execution:392 - [2m2025-09-24T06:11:42.710614Z[0m [[32m[1minfo     [0m] [1m📊 Execution progress          [0m [[0m[1m[34mconnector[0m][0m [36mactive_workers[0m=[35m3[0m [36mcommands_executed[0m=[35m3[0m [36mqueue_size[0m=[35m0[0m [36mrecords_processed[0m=[35m1500[0m
2025-09-24 11:41:52,766 - connector - INFO - _monitor_execution:392 - [2m2025-09-24T06:11:52.766858Z[0m [[32m[1minfo     [0m] [1m📊 Execution progress          [0m [[0m[1m[34mconnector[0m][0m [36mactive_workers[0m=[35m3[0m [36mcommands_executed[0m=[35m3[0m [36mqueue_size[0m=[35m0[0m [36mrecords_processed[0m=[35m1500[0m
2025-09-24 11:42:02,827 - connector - INFO - _monitor_execution:392 - [2m2025-09-24T06:12:02.827839Z[0m [[32m[1minfo     [0m] [1m📊 Execution progress          [0m [[0m[1m[34mconnector[0m][0m [36mactive_workers[0m=[35m3[0m [36mcommands_executed[0m=[35m3[0m [36mqueue_size[0m=[35m0[0m [36mrecords_processed[0m=[35m1500[0m
2025-09-24 11:42:12,891 - connector - INFO - _monitor_execution:392 - [2m2025-09-24T06:12:12.891738Z[0m [[32m[1minfo     [0m] [1m📊 Execution progress          [0m [[0m[1m[34mconnector[0m][0m [36mactive_workers[0m=[35m3[0m [36mcommands_executed[0m=[35m3[0m [36mqueue_size[0m=[35m0[0m [36mrecords_processed[0m=[35m1500[0m
2025-09-24 11:42:22,934 - connector - INFO - _monitor_execution:392 - [2m2025-09-24T06:12:22.934018Z[0m [[32m[1minfo     [0m] [1m📊 Execution progress          [0m [[0m[1m[34mconnector[0m][0m [36mactive_workers[0m=[35m3[0m [36mcommands_executed[0m=[35m3[0m [36mqueue_size[0m=[35m0[0m [36mrecords_processed[0m=[35m1500[0m
2025-09-24 11:42:33,015 - connector - INFO - _monitor_execution:392 - [2m2025-09-24T06:12:33.015072Z[0m [[32m[1minfo     [0m] [1m📊 Execution progress          [0m [[0m[1m[34mconnector[0m][0m [36mactive_workers[0m=[35m3[0m [36mcommands_executed[0m=[35m3[0m [36mqueue_size[0m=[35m0[0m [36mrecords_processed[0m=[35m1500[0m
2025-09-24 11:42:43,087 - connector - INFO - _monitor_execution:392 - [2m2025-09-24T06:12:43.086555Z[0m [[32m[1minfo     [0m] [1m📊 Execution progress          [0m [[0m[1m[34mconnector[0m][0m [36mactive_workers[0m=[35m3[0m [36mcommands_executed[0m=[35m3[0m [36mqueue_size[0m=[35m0[0m [36mrecords_processed[0m=[35m1500[0m
2025-09-24 11:42:53,145 - connector - INFO - _monitor_execution:392 - [2m2025-09-24T06:12:53.145087Z[0m [[32m[1minfo     [0m] [1m📊 Execution progress          [0m [[0m[1m[34mconnector[0m][0m [36mactive_workers[0m=[35m3[0m [36mcommands_executed[0m=[35m3[0m [36mqueue_size[0m=[35m0[0m [36mrecords_processed[0m=[35m1500[0m
2025-09-24 11:43:03,230 - connector - INFO - _monitor_execution:392 - [2m2025-09-24T06:13:03.229047Z[0m [[32m[1minfo     [0m] [1m📊 Execution progress          [0m [[0m[1m[34mconnector[0m][0m [36mactive_workers[0m=[35m3[0m [36mcommands_executed[0m=[35m3[0m [36mqueue_size[0m=[35m0[0m [36mrecords_processed[0m=[35m1500[0m
2025-09-24 11:43:13,320 - connector - INFO - _monitor_execution:392 - [2m2025-09-24T06:13:13.320147Z[0m [[32m[1minfo     [0m] [1m📊 Execution progress          [0m [[0m[1m[34mconnector[0m][0m [36mactive_workers[0m=[35m3[0m [36mcommands_executed[0m=[35m3[0m [36mqueue_size[0m=[35m0[0m [36mrecords_processed[0m=[35m1500[0m
2025-09-24 11:43:23,362 - connector - INFO - _monitor_execution:392 - [2m2025-09-24T06:13:23.362804Z[0m [[32m[1minfo     [0m] [1m📊 Execution progress          [0m [[0m[1m[34mconnector[0m][0m [36mactive_workers[0m=[35m3[0m [36mcommands_executed[0m=[35m3[0m [36mqueue_size[0m=[35m0[0m [36mrecords_processed[0m=[35m1500[0m
2025-09-24 11:43:33,414 - connector - INFO - _monitor_execution:392 - [2m2025-09-24T06:13:33.414392Z[0m [[32m[1minfo     [0m] [1m📊 Execution progress          [0m [[0m[1m[34mconnector[0m][0m [36mactive_workers[0m=[35m3[0m [36mcommands_executed[0m=[35m3[0m [36mqueue_size[0m=[35m0[0m [36mrecords_processed[0m=[35m1500[0m
2025-09-24 11:43:43,504 - connector - INFO - _monitor_execution:392 - [2m2025-09-24T06:13:43.504481Z[0m [[32m[1minfo     [0m] [1m📊 Execution progress          [0m [[0m[1m[34mconnector[0m][0m [36mactive_workers[0m=[35m3[0m [36mcommands_executed[0m=[35m3[0m [36mqueue_size[0m=[35m0[0m [36mrecords_processed[0m=[35m1500[0m
2025-09-24 11:43:53,586 - connector - INFO - _monitor_execution:392 - [2m2025-09-24T06:13:53.585930Z[0m [[32m[1minfo     [0m] [1m📊 Execution progress          [0m [[0m[1m[34mconnector[0m][0m [36mactive_workers[0m=[35m3[0m [36mcommands_executed[0m=[35m3[0m [36mqueue_size[0m=[35m0[0m [36mrecords_processed[0m=[35m1500[0m
2025-09-24 11:44:03,660 - connector - INFO - _monitor_execution:392 - [2m2025-09-24T06:14:03.660863Z[0m [[32m[1minfo     [0m] [1m📊 Execution progress          [0m [[0m[1m[34mconnector[0m][0m [36mactive_workers[0m=[35m3[0m [36mcommands_executed[0m=[35m3[0m [36mqueue_size[0m=[35m0[0m [36mrecords_processed[0m=[35m1500[0m
2025-09-24 11:44:13,703 - connector - INFO - _monitor_execution:392 - [2m2025-09-24T06:14:13.703636Z[0m [[32m[1minfo     [0m] [1m📊 Execution progress          [0m [[0m[1m[34mconnector[0m][0m [36mactive_workers[0m=[35m3[0m [36mcommands_executed[0m=[35m3[0m [36mqueue_size[0m=[35m0[0m [36mrecords_processed[0m=[35m1500[0m
2025-09-24 11:44:23,830 - connector - INFO - _monitor_execution:392 - [2m2025-09-24T06:14:23.829911Z[0m [[32m[1minfo     [0m] [1m📊 Execution progress          [0m [[0m[1m[34mconnector[0m][0m [36mactive_workers[0m=[35m3[0m [36mcommands_executed[0m=[35m3[0m [36mqueue_size[0m=[35m0[0m [36mrecords_processed[0m=[35m1500[0m
2025-09-24 11:44:33,844 - connector - INFO - _monitor_execution:392 - [2m2025-09-24T06:14:33.844229Z[0m [[32m[1minfo     [0m] [1m📊 Execution progress          [0m [[0m[1m[34mconnector[0m][0m [36mactive_workers[0m=[35m3[0m [36mcommands_executed[0m=[35m3[0m [36mqueue_size[0m=[35m0[0m [36mrecords_processed[0m=[35m1500[0m
2025-09-24 11:44:43,901 - connector - INFO - _monitor_execution:392 - [2m2025-09-24T06:14:43.901192Z[0m [[32m[1minfo     [0m] [1m📊 Execution progress          [0m [[0m[1m[34mconnector[0m][0m [36mactive_workers[0m=[35m3[0m [36mcommands_executed[0m=[35m3[0m [36mqueue_size[0m=[35m0[0m [36mrecords_processed[0m=[35m1500[0m
2025-09-24 11:44:53,969 - connector - INFO - _monitor_execution:392 - [2m2025-09-24T06:14:53.969038Z[0m [[32m[1minfo     [0m] [1m📊 Execution progress          [0m [[0m[1m[34mconnector[0m][0m [36mactive_workers[0m=[35m3[0m [36mcommands_executed[0m=[35m3[0m [36mqueue_size[0m=[35m0[0m [36mrecords_processed[0m=[35m1500[0m
2025-09-24 11:45:04,006 - connector - INFO - _monitor_execution:392 - [2m2025-09-24T06:15:04.006380Z[0m [[32m[1minfo     [0m] [1m📊 Execution progress          [0m [[0m[1m[34mconnector[0m][0m [36mactive_workers[0m=[35m3[0m [36mcommands_executed[0m=[35m3[0m [36mqueue_size[0m=[35m0[0m [36mrecords_processed[0m=[35m1500[0m
2025-09-24 11:45:14,104 - connector - INFO - _monitor_execution:392 - [2m2025-09-24T06:15:14.104871Z[0m [[32m[1minfo     [0m] [1m📊 Execution progress          [0m [[0m[1m[34mconnector[0m][0m [36mactive_workers[0m=[35m3[0m [36mcommands_executed[0m=[35m3[0m [36mqueue_size[0m=[35m0[0m [36mrecords_processed[0m=[35m1500[0m
2025-09-24 11:45:24,206 - connector - INFO - _monitor_execution:392 - [2m2025-09-24T06:15:24.206298Z[0m [[32m[1minfo     [0m] [1m📊 Execution progress          [0m [[0m[1m[34mconnector[0m][0m [36mactive_workers[0m=[35m3[0m [36mcommands_executed[0m=[35m3[0m [36mqueue_size[0m=[35m0[0m [36mrecords_processed[0m=[35m1500[0m
2025-09-24 11:45:34,270 - connector - INFO - _monitor_execution:392 - [2m2025-09-24T06:15:34.270830Z[0m [[32m[1minfo     [0m] [1m📊 Execution progress          [0m [[0m[1m[34mconnector[0m][0m [36mactive_workers[0m=[35m3[0m [36mcommands_executed[0m=[35m3[0m [36mqueue_size[0m=[35m0[0m [36mrecords_processed[0m=[35m1500[0m
2025-09-24 11:45:44,336 - connector - INFO - _monitor_execution:392 - [2m2025-09-24T06:15:44.336029Z[0m [[32m[1minfo     [0m] [1m📊 Execution progress          [0m [[0m[1m[34mconnector[0m][0m [36mactive_workers[0m=[35m3[0m [36mcommands_executed[0m=[35m3[0m [36mqueue_size[0m=[35m0[0m [36mrecords_processed[0m=[35m1500[0m
2025-09-24 11:45:54,410 - connector - INFO - _monitor_execution:392 - [2m2025-09-24T06:15:54.410510Z[0m [[32m[1minfo     [0m] [1m📊 Execution progress          [0m [[0m[1m[34mconnector[0m][0m [36mactive_workers[0m=[35m3[0m [36mcommands_executed[0m=[35m3[0m [36mqueue_size[0m=[35m0[0m [36mrecords_processed[0m=[35m1500[0m
2025-09-24 11:46:04,499 - connector - INFO - _monitor_execution:392 - [2m2025-09-24T06:16:04.499095Z[0m [[32m[1minfo     [0m] [1m📊 Execution progress          [0m [[0m[1m[34mconnector[0m][0m [36mactive_workers[0m=[35m3[0m [36mcommands_executed[0m=[35m3[0m [36mqueue_size[0m=[35m0[0m [36mrecords_processed[0m=[35m1500[0m
2025-09-24 11:46:14,619 - connector - INFO - _monitor_execution:392 - [2m2025-09-24T06:16:14.619505Z[0m [[32m[1minfo     [0m] [1m📊 Execution progress          [0m [[0m[1m[34mconnector[0m][0m [36mactive_workers[0m=[35m3[0m [36mcommands_executed[0m=[35m3[0m [36mqueue_size[0m=[35m0[0m [36mrecords_processed[0m=[35m1500[0m
2025-09-24 11:46:24,724 - connector - INFO - _monitor_execution:392 - [2m2025-09-24T06:16:24.724080Z[0m [[32m[1minfo     [0m] [1m📊 Execution progress          [0m [[0m[1m[34mconnector[0m][0m [36mactive_workers[0m=[35m3[0m [36mcommands_executed[0m=[35m3[0m [36mqueue_size[0m=[35m0[0m [36mrecords_processed[0m=[35m1500[0m
2025-09-24 11:46:34,856 - connector - INFO - _monitor_execution:392 - [2m2025-09-24T06:16:34.856481Z[0m [[32m[1minfo     [0m] [1m📊 Execution progress          [0m [[0m[1m[34mconnector[0m][0m [36mactive_workers[0m=[35m3[0m [36mcommands_executed[0m=[35m3[0m [36mqueue_size[0m=[35m0[0m [36mrecords_processed[0m=[35m1500[0m
2025-09-24 11:46:44,929 - connector - INFO - _monitor_execution:392 - [2m2025-09-24T06:16:44.928650Z[0m [[32m[1minfo     [0m] [1m📊 Execution progress          [0m [[0m[1m[34mconnector[0m][0m [36mactive_workers[0m=[35m3[0m [36mcommands_executed[0m=[35m3[0m [36mqueue_size[0m=[35m0[0m [36mrecords_processed[0m=[35m1500[0m
2025-09-24 11:46:55,007 - connector - INFO - _monitor_execution:392 - [2m2025-09-24T06:16:55.007159Z[0m [[32m[1minfo     [0m] [1m📊 Execution progress          [0m [[0m[1m[34mconnector[0m][0m [36mactive_workers[0m=[35m3[0m [36mcommands_executed[0m=[35m3[0m [36mqueue_size[0m=[35m0[0m [36mrecords_processed[0m=[35m1500[0m
2025-09-24 11:47:05,058 - connector - INFO - _monitor_execution:392 - [2m2025-09-24T06:17:05.058532Z[0m [[32m[1minfo     [0m] [1m📊 Execution progress          [0m [[0m[1m[34mconnector[0m][0m [36mactive_workers[0m=[35m3[0m [36mcommands_executed[0m=[35m3[0m [36mqueue_size[0m=[35m0[0m [36mrecords_processed[0m=[35m1500[0m
2025-09-24 11:47:15,117 - connector - INFO - _monitor_execution:392 - [2m2025-09-24T06:17:15.116389Z[0m [[32m[1minfo     [0m] [1m📊 Execution progress          [0m [[0m[1m[34mconnector[0m][0m [36mactive_workers[0m=[35m3[0m [36mcommands_executed[0m=[35m3[0m [36mqueue_size[0m=[35m0[0m [36mrecords_processed[0m=[35m1500[0m
2025-09-24 11:47:25,214 - connector - INFO - _monitor_execution:392 - [2m2025-09-24T06:17:25.214999Z[0m [[32m[1minfo     [0m] [1m📊 Execution progress          [0m [[0m[1m[34mconnector[0m][0m [36mactive_workers[0m=[35m3[0m [36mcommands_executed[0m=[35m3[0m [36mqueue_size[0m=[35m0[0m [36mrecords_processed[0m=[35m1500[0m
2025-09-24 11:47:35,312 - connector - INFO - _monitor_execution:392 - [2m2025-09-24T06:17:35.312186Z[0m [[32m[1minfo     [0m] [1m📊 Execution progress          [0m [[0m[1m[34mconnector[0m][0m [36mactive_workers[0m=[35m3[0m [36mcommands_executed[0m=[35m3[0m [36mqueue_size[0m=[35m0[0m [36mrecords_processed[0m=[35m1500[0m
2025-09-24 11:47:45,366 - connector - INFO - _monitor_execution:392 - [2m2025-09-24T06:17:45.366122Z[0m [[32m[1minfo     [0m] [1m📊 Execution progress          [0m [[0m[1m[34mconnector[0m][0m [36mactive_workers[0m=[35m3[0m [36mcommands_executed[0m=[35m3[0m [36mqueue_size[0m=[35m0[0m [36mrecords_processed[0m=[35m1500[0m
2025-09-24 11:47:55,419 - connector - INFO - _monitor_execution:392 - [2m2025-09-24T06:17:55.418971Z[0m [[32m[1minfo     [0m] [1m📊 Execution progress          [0m [[0m[1m[34mconnector[0m][0m [36mactive_workers[0m=[35m3[0m [36mcommands_executed[0m=[35m3[0m [36mqueue_size[0m=[35m0[0m [36mrecords_processed[0m=[35m1500[0m
2025-09-24 11:48:05,526 - connector - INFO - _monitor_execution:392 - [2m2025-09-24T06:18:05.525716Z[0m [[32m[1minfo     [0m] [1m📊 Execution progress          [0m [[0m[1m[34mconnector[0m][0m [36mactive_workers[0m=[35m3[0m [36mcommands_executed[0m=[35m3[0m [36mqueue_size[0m=[35m0[0m [36mrecords_processed[0m=[35m1500[0m
2025-09-24 11:48:15,587 - connector - INFO - _monitor_execution:392 - [2m2025-09-24T06:18:15.587189Z[0m [[32m[1minfo     [0m] [1m📊 Execution progress          [0m [[0m[1m[34mconnector[0m][0m [36mactive_workers[0m=[35m3[0m [36mcommands_executed[0m=[35m3[0m [36mqueue_size[0m=[35m0[0m [36mrecords_processed[0m=[35m1500[0m
2025-09-24 11:48:25,659 - connector - INFO - _monitor_execution:392 - [2m2025-09-24T06:18:25.658713Z[0m [[32m[1minfo     [0m] [1m📊 Execution progress          [0m [[0m[1m[34mconnector[0m][0m [36mactive_workers[0m=[35m3[0m [36mcommands_executed[0m=[35m3[0m [36mqueue_size[0m=[35m0[0m [36mrecords_processed[0m=[35m1500[0m
2025-09-24 11:48:35,734 - connector - INFO - _monitor_execution:392 - [2m2025-09-24T06:18:35.734788Z[0m [[32m[1minfo     [0m] [1m📊 Execution progress          [0m [[0m[1m[34mconnector[0m][0m [36mactive_workers[0m=[35m3[0m [36mcommands_executed[0m=[35m3[0m [36mqueue_size[0m=[35m0[0m [36mrecords_processed[0m=[35m1500[0m
2025-09-24 11:48:45,832 - connector - INFO - _monitor_execution:392 - [2m2025-09-24T06:18:45.832198Z[0m [[32m[1minfo     [0m] [1m📊 Execution progress          [0m [[0m[1m[34mconnector[0m][0m [36mactive_workers[0m=[35m3[0m [36mcommands_executed[0m=[35m3[0m [36mqueue_size[0m=[35m0[0m [36mrecords_processed[0m=[35m1500[0m
2025-09-24 11:48:55,898 - connector - INFO - _monitor_execution:392 - [2m2025-09-24T06:18:55.897419Z[0m [[32m[1minfo     [0m] [1m📊 Execution progress          [0m [[0m[1m[34mconnector[0m][0m [36mactive_workers[0m=[35m3[0m [36mcommands_executed[0m=[35m3[0m [36mqueue_size[0m=[35m0[0m [36mrecords_processed[0m=[35m1500[0m
2025-09-24 11:49:05,996 - connector - INFO - _monitor_execution:392 - [2m2025-09-24T06:19:05.996124Z[0m [[32m[1minfo     [0m] [1m📊 Execution progress          [0m [[0m[1m[34mconnector[0m][0m [36mactive_workers[0m=[35m3[0m [36mcommands_executed[0m=[35m3[0m [36mqueue_size[0m=[35m0[0m [36mrecords_processed[0m=[35m1500[0m
2025-09-24 11:49:16,058 - connector - INFO - _monitor_execution:392 - [2m2025-09-24T06:19:16.057590Z[0m [[32m[1minfo     [0m] [1m📊 Execution progress          [0m [[0m[1m[34mconnector[0m][0m [36mactive_workers[0m=[35m3[0m [36mcommands_executed[0m=[35m3[0m [36mqueue_size[0m=[35m0[0m [36mrecords_processed[0m=[35m1500[0m
2025-09-24 11:49:26,117 - connector - INFO - _monitor_execution:392 - [2m2025-09-24T06:19:26.117710Z[0m [[32m[1minfo     [0m] [1m📊 Execution progress          [0m [[0m[1m[34mconnector[0m][0m [36mactive_workers[0m=[35m3[0m [36mcommands_executed[0m=[35m3[0m [36mqueue_size[0m=[35m0[0m [36mrecords_processed[0m=[35m1500[0m
2025-09-24 11:49:36,198 - connector - INFO - _monitor_execution:392 - [2m2025-09-24T06:19:36.198478Z[0m [[32m[1minfo     [0m] [1m📊 Execution progress          [0m [[0m[1m[34mconnector[0m][0m [36mactive_workers[0m=[35m3[0m [36mcommands_executed[0m=[35m3[0m [36mqueue_size[0m=[35m0[0m [36mrecords_processed[0m=[35m1500[0m
2025-09-24 11:49:46,264 - connector - INFO - _monitor_execution:392 - [2m2025-09-24T06:19:46.264162Z[0m [[32m[1minfo     [0m] [1m📊 Execution progress          [0m [[0m[1m[34mconnector[0m][0m [36mactive_workers[0m=[35m3[0m [36mcommands_executed[0m=[35m3[0m [36mqueue_size[0m=[35m0[0m [36mrecords_processed[0m=[35m1500[0m
